Component: ARM Compiler 5.06 update 6 (build 750) Tool: armlink [4d35ed]

==============================================================================

Section Cross References

    stm32f4xx_it.o(i.SysTick_Handler) refers to port.o(i.xPortSysTickHandler) for xPortSysTickHandler
    main.o(i.Infantry_Init) refers to main.o(.bss) for Infantry
    main.o(i.Offline_Check_task) refers to datareceivetask.o(i.RC_Rst) for RC_Rst
    main.o(i.Offline_Check_task) refers to datareceivetask.o(i.F105_Rst) for F105_Rst
    main.o(i.Offline_Check_task) refers to tasks.o(i.vTaskDelay) for vTaskDelay
    main.o(i.Offline_Check_task) refers to tasks.o(i.uxTaskGetStackHighWaterMark) for uxTaskGetStackHighWaterMark
    main.o(i.Offline_Check_task) refers to datareceivetask.o(.data) for RC_DisConnect
    main.o(i.Offline_Check_task) refers to main.o(.data) for run_time_check
    main.o(i.System_Config) refers to tim4.o(i.Tim4_Configuration) for Tim4_Configuration
    main.o(i.System_Config) refers to main.o(i.delay_ms) for delay_ms
    main.o(i.System_Config) refers to usart1.o(i.USART1_Configuration) for USART1_Configuration
    main.o(i.System_Config) refers to usart6.o(i.USART6_Configuration) for USART6_Configuration
    main.o(i.System_Config) refers to gpio.o(i.My_GPIO_Init) for My_GPIO_Init
    main.o(i.System_Config) refers to microsw.o(i.MicroSwConfigration) for MicroSwConfigration
    main.o(i.System_Config) refers to steeringengine.o(i.SteeringEngine_Configuration) for SteeringEngine_Configuration
    main.o(i.System_Config) refers to tim7.o(i.TIM7_Configuration) for TIM7_Configuration
    main.o(i.System_Config) refers to can1.o(i.CAN1_Configuration) for CAN1_Configuration
    main.o(i.System_Config) refers to can2.o(i.CAN2_Configuration) for CAN2_Configuration
    main.o(i.System_Config) refers to iwdg.o(i.IWDG_Config) for IWDG_Config
    main.o(i.System_Init) refers to zerochecktask.o(i.ZeroCheck_Init) for ZeroCheck_Init
    main.o(i.System_Init) refers to main.o(i.Infantry_Init) for Infantry_Init
    main.o(i.System_Init) refers to chassistask.o(i.Pid_ChassisPosition_Init) for Pid_ChassisPosition_Init
    main.o(i.System_Init) refers to gimbaltask.o(i.Pid_YawGyroPosSpeed_Init) for Pid_YawGyroPosSpeed_Init
    main.o(i.System_Init) refers to gimbaltask.o(i.Pid_PitchGyroPosSpeed_Init) for Pid_PitchGyroPosSpeed_Init
    main.o(i.System_Init) refers to gimbaltask.o(i.Pid_PitchMotorPos_GyroSpeed_Init) for Pid_PitchMotorPos_GyroSpeed_Init
    main.o(i.System_Init) refers to gimbaltask.o(i.Pid_YawMotorPos_GyroSpeed_Init) for Pid_YawMotorPos_GyroSpeed_Init
    main.o(i.System_Init) refers to shoottask.o(i.Pid_BodanMotor_Init) for Pid_BodanMotor_Init
    main.o(i.System_Init) refers to kalmanfilter.o(i.KalmanFilter_Init) for KalmanFilter_Init
    main.o(i.System_Init) refers to kalmanfilter.o(.data) for K
    main.o(i.System_Init) refers to datareceivetask.o(.bss) for pitch_Kalman
    main.o(i.main) refers to main.o(i.System_Config) for System_Config
    main.o(i.main) refers to main.o(i.System_Init) for System_Init
    main.o(i.main) refers to start_task.o(i.startTast) for startTast
    main.o(i.main) refers to tasks.o(i.vTaskStartScheduler) for vTaskStartScheduler
    system_stm32f4xx.o(i.SystemCoreClockUpdate) refers to system_stm32f4xx.o(.data) for SystemCoreClock
    system_stm32f4xx.o(i.SystemInit) refers to system_stm32f4xx.o(i.SetSysClock) for SetSysClock
    startup_stm32f40_41xxx.o(RESET) refers to startup_stm32f40_41xxx.o(STACK) for __initial_sp
    startup_stm32f40_41xxx.o(RESET) refers to startup_stm32f40_41xxx.o(.text) for Reset_Handler
    startup_stm32f40_41xxx.o(RESET) refers to stm32f4xx_it.o(i.NMI_Handler) for NMI_Handler
    startup_stm32f40_41xxx.o(RESET) refers to stm32f4xx_it.o(i.HardFault_Handler) for HardFault_Handler
    startup_stm32f40_41xxx.o(RESET) refers to stm32f4xx_it.o(i.MemManage_Handler) for MemManage_Handler
    startup_stm32f40_41xxx.o(RESET) refers to stm32f4xx_it.o(i.BusFault_Handler) for BusFault_Handler
    startup_stm32f40_41xxx.o(RESET) refers to stm32f4xx_it.o(i.UsageFault_Handler) for UsageFault_Handler
    startup_stm32f40_41xxx.o(RESET) refers to port.o(.emb_text) for SVC_Handler
    startup_stm32f40_41xxx.o(RESET) refers to stm32f4xx_it.o(i.DebugMon_Handler) for DebugMon_Handler
    startup_stm32f40_41xxx.o(RESET) refers to stm32f4xx_it.o(i.SysTick_Handler) for SysTick_Handler
    startup_stm32f40_41xxx.o(RESET) refers to can1.o(i.CAN1_TX_IRQHandler) for CAN1_TX_IRQHandler
    startup_stm32f40_41xxx.o(RESET) refers to can1.o(i.CAN1_RX0_IRQHandler) for CAN1_RX0_IRQHandler
    startup_stm32f40_41xxx.o(RESET) refers to can1.o(i.CAN1_RX1_IRQHandler) for CAN1_RX1_IRQHandler
    startup_stm32f40_41xxx.o(RESET) refers to tim4.o(i.TIM4_IRQHandler) for TIM4_IRQHandler
    startup_stm32f40_41xxx.o(RESET) refers to usart1.o(i.USART1_IRQHandler) for USART1_IRQHandler
    startup_stm32f40_41xxx.o(RESET) refers to tim7.o(i.TIM7_IRQHandler) for TIM7_IRQHandler
[...]
    DMA1_Stream4_IRQHandler                  0x0800026f   Thumb Code     0  startup_stm32f40_41xxx.o(.text)
    DMA1_Stream5_IRQHandler                  0x0800026f   Thumb Code     0  startup_stm32f40_41xxx.o(.text)
    DMA1_Stream6_IRQHandler                  0x0800026f   Thumb Code     0  startup_stm32f40_41xxx.o(.text)
    DMA1_Stream7_IRQHandler                  0x0800026f   Thumb Code     0  startup_stm32f40_41xxx.o(.text)
    DMA2_Stream0_IRQHandler                  0x0800026f   Thumb Code     0  startup_stm32f40_41xxx.o(.text)
    DMA2_Stream3_IRQHandler                  0x0800026f   Thumb Code     0  startup_stm32f40_41xxx.o(.text)
    DMA2_Stream4_IRQHandler                  0x0800026f   Thumb Code     0  startup_stm32f40_41xxx.o(.text)
    DMA2_Stream5_IRQHandler                  0x0800026f   Thumb Code     0  startup_stm32f40_41xxx.o(.text)
    DMA2_Stream6_IRQHandler                  0x0800026f   Thumb Code     0  startup_stm32f40_41xxx.o(.text)
    DMA2_Stream7_IRQHandler                  0x0800026f   Thumb Code     0  startup_stm32f40_41xxx.o(.text)
    ETH_IRQHandler                           0x0800026f   Thumb Code     0  startup_stm32f40_41xxx.o(.text)
    ETH_WKUP_IRQHandler                      0x0800026f   Thumb Code     0  startup_stm32f40_41xxx.o(.text)
    EXTI0_IRQHandler                         0x0800026f   Thumb Code     0  startup_stm32f40_41xxx.o(.text)
    EXTI15_10_IRQHandler                     0x0800026f   Thumb Code     0  startup_stm32f40_41xxx.o(.text)
    EXTI1_IRQHandler                         0x0800026f   Thumb Code     0  startup_stm32f40_41xxx.o(.text)
    EXTI2_IRQHandler                         0x0800026f   Thumb Code     0  startup_stm32f40_41xxx.o(.text)
    EXTI3_IRQHandler                         0x0800026f   Thumb Code     0  startup_stm32f40_41xxx.o(.text)
    EXTI4_IRQHandler                         0x0800026f   Thumb Code     0  startup_stm32f40_41xxx.o(.text)
    EXTI9_5_IRQHandler                       0x0800026f   Thumb Code     0  startup_stm32f40_41xxx.o(.text)
    FLASH_IRQHandler                         0x0800026f   Thumb Code     0  startup_stm32f40_41xxx.o(.text)
    FPU_IRQHandler                           0x0800026f   Thumb Code     0  startup_stm32f40_41xxx.o(.text)
    FSMC_IRQHandler                          0x0800026f   Thumb Code     0  startup_stm32f40_41xxx.o(.text)
    HASH_RNG_IRQHandler                      0x0800026f   Thumb Code     0  startup_stm32f40_41xxx.o(.text)
    I2C1_ER_IRQHandler                       0x0800026f   Thumb Code     0  startup_stm32f40_41xxx.o(.text)
    I2C1_EV_IRQHandler                       0x0800026f   Thumb Code     0  startup_stm32f40_41xxx.o(.text)
    I2C2_ER_IRQHandler                       0x0800026f   Thumb Code     0  startup_stm32f40_41xxx.o(.text)
    I2C2_EV_IRQHandler                       0x0800026f   Thumb Code     0  startup_stm32f40_41xxx.o(.text)
    I2C3_ER_IRQHandler                       0x0800026f   Thumb Code     0  startup_stm32f40_41xxx.o(.text)
    I2C3_EV_IRQHandler                       0x0800026f   Thumb Code     0  startup_stm32f40_41xxx.o(.text)
    OTG_FS_IRQHandler                        0x0800026f   Thumb Code     0  startup_stm32f40_41xxx.o(.text)
    OTG_FS_WKUP_IRQHandler                   0x0800026f   Thumb Code     0  startup_stm32f40_41xxx.o(.text)
    OTG_HS_EP1_IN_IRQHandler                 0x0800026f   Thumb Code     0  startup_stm32f40_41xxx.o(.text)
    OTG_HS_EP1_OUT_IRQHandler                0x0800026f   Thumb Code     0  startup_stm32f40_41xxx.o(.text)
    OTG_HS_IRQHandler                        0x0800026f   Thumb Code     0  startup_stm32f40_41xxx.o(.text)
    OTG_HS_WKUP_IRQHandler                   0x0800026f   Thumb Code     0  startup_stm32f40_41xxx.o(.text)
    PVD_IRQHandler                           0x0800026f   Thumb Code     0  startup_stm32f40_41xxx.o(.text)
    RCC_IRQHandler                           0x0800026f   Thumb Code     0  startup_stm32f40_41xxx.o(.text)
    RTC_Alarm_IRQHandler                     0x0800026f   Thumb Code     0  startup_stm32f40_41xxx.o(.text)
    RTC_WKUP_IRQHandler                      0x0800026f   Thumb Code     0  startup_stm32f40_41xxx.o(.text)
    SDIO_IRQHandler                          0x0800026f   Thumb Code     0  startup_stm32f40_41xxx.o(.text)
    SPI1_IRQHandler                          0x0800026f   Thumb Code     0  startup_stm32f40_41xxx.o(.text)
    SPI2_IRQHandler                          0x0800026f   Thumb Code     0  startup_stm32f40_41xxx.o(.text)
    SPI3_IRQHandler                          0x0800026f   Thumb Code     0  startup_stm32f40_41xxx.o(.text)
    TAMP_STAMP_IRQHandler                    0x0800026f   Thumb Code     0  startup_stm32f40_41xxx.o(.text)
    TIM1_BRK_TIM9_IRQHandler                 0x0800026f   Thumb Code     0  startup_stm32f40_41xxx.o(.text)
    TIM1_CC_IRQHandler                       0x0800026f   Thumb Code     0  startup_stm32f40_41xxx.o(.text)
    TIM1_TRG_COM_TIM11_IRQHandler            0x0800026f   Thumb Code     0  startup_stm32f40_41xxx.o(.text)
    TIM1_UP_TIM10_IRQHandler                 0x0800026f   Thumb Code     0  startup_stm32f40_41xxx.o(.text)
    TIM2_IRQHandler                          0x0800026f   Thumb Code     0  startup_stm32f40_41xxx.o(.text)
    TIM3_IRQHandler                          0x0800026f   Thumb Code     0  startup_stm32f40_41xxx.o(.text)
    TIM5_IRQHandler                          0x0800026f   Thumb Code     0  startup_stm32f40_41xxx.o(.text)
    TIM6_DAC_IRQHandler                      0x0800026f   Thumb Code     0  startup_stm32f40_41xxx.o(.text)
    TIM8_BRK_TIM12_IRQHandler                0x0800026f   Thumb Code     0  startup_stm32f40_41xxx.o(.text)
    TIM8_CC_IRQHandler                       0x0800026f   Thumb Code     0  startup_stm32f40_41xxx.o(.text)
    TIM8_TRG_COM_TIM14_IRQHandler            0x0800026f   Thumb Code     0  startup_stm32f40_41xxx.o(.text)
    TIM8_UP_TIM13_IRQHandler                 0x0800026f   Thumb Code     0  startup_stm32f40_41xxx.o(.text)
    UART4_IRQHandler                         0x0800026f   Thumb Code     0  startup_stm32f40_41xxx.o(.text)
    UART5_IRQHandler                         0x0800026f   Thumb Code     0  startup_stm32f40_41xxx.o(.text)
    USART2_IRQHandler                        0x0800026f   Thumb Code     0  startup_stm32f40_41xxx.o(.text)
    USART3_IRQHandler                        0x0800026f   Thumb Code     0  startup_stm32f40_41xxx.o(.text)
    USART6_IRQHandler                        0x0800026f   Thumb Code     0  startup_stm32f40_41xxx.o(.text)
    WWDG_IRQHandler                          0x0800026f   Thumb Code     0  startup_stm32f40_41xxx.o(.text)
    arm_mat_init_f32                         0x08000279   Thumb Code     8  arm_mat_init_f32.o(.text)
    arm_mat_trans_f32                        0x08000281   Thumb Code   276  arm_mat_trans_f32.o(.text)
    __aeabi_memcpy                           0x08000395   Thumb Code    36  memcpya.o(.text)
    __aeabi_memcpy4                          0x08000395   Thumb Code     0  memcpya.o(.text)
    __aeabi_memcpy8                          0x08000395   Thumb Code     0  memcpya.o(.text)
    __aeabi_memset                           0x080003b9   Thumb Code    14  memseta.o(.text)
    __aeabi_memset4                          0x080003b9   Thumb Code     0  memseta.o(.text)
    __aeabi_memset8                          0x080003b9   Thumb Code     0  memseta.o(.text)
    __aeabi_memclr                           0x080003c7   Thumb Code     4  memseta.o(.text)
    __aeabi_memclr4                          0x080003c7   Thumb Code     0  memseta.o(.text)
    __aeabi_memclr8                          0x080003c7   Thumb Code     0  memseta.o(.text)
    _memset$wrapper                          0x080003cb   Thumb Code    18  memseta.o(.text)
    strlen                                   0x080003dd   Thumb Code    14  strlen.o(.text)
    strcpy                                   0x080003eb   Thumb Code    18  strcpy.o(.text)
    __aeabi_dmul                             0x080003fd   Thumb Code   228  dmul.o(.text)
    __aeabi_ddiv                             0x080004e1   Thumb Code   222  ddiv.o(.text)
    __aeabi_i2d                              0x080005bf   Thumb Code    34  dflti.o(.text)
    __aeabi_d2iz                             0x080005e1   Thumb Code    62  dfixi.o(.text)
    __aeabi_f2d                              0x0800061f   Thumb Code    38  f2d.o(.text)
    __aeabi_d2f                              0x08000645   Thumb Code    56  d2f.o(.text)
    __aeabi_uidiv                            0x0800067d   Thumb Code     0  uidiv.o(.text)
    __aeabi_uidivmod                         0x0800067d   Thumb Code    44  uidiv.o(.text)
    __aeabi_llsr                             0x080006a9   Thumb Code    32  llushr.o(.text)
    _ll_ushift_r                             0x080006a9   Thumb Code     0  llushr.o(.text)
    __I$use$fp                               0x080006c9   Thumb Code     0  iusefp.o(.text)
    _float_round                             0x080006c9   Thumb Code    18  fepilogue.o(.text)
    _float_epilogue                          0x080006db   Thumb Code    92  fepilogue.o(.text)
    _double_round                            0x08000737   Thumb Code    30  depilogue.o(.text)
    _double_epilogue                         0x08000755   Thumb Code   156  depilogue.o(.text)
    __aeabi_dadd                             0x080007f1   Thumb Code   322  dadd.o(.text)
    __aeabi_dsub                             0x08000933   Thumb Code     6  dadd.o(.text)
    __aeabi_drsub                            0x08000939   Thumb Code     6  dadd.o(.text)
    _drnd                                    0x08000941   Thumb Code   132  drnd.o(.text)
    __aeabi_cdcmpeq                          0x080009c9   Thumb Code     0  cdcmple.o(.text)
    __aeabi_cdcmple                          0x080009c9   Thumb Code    48  cdcmple.o(.text)
    __aeabi_cdrcmple                         0x080009f9   Thumb Code    48  cdrcmple.o(.text)
    __scatterload                            0x08000a29   Thumb Code    28  init.o(.text)
    __scatterload_rt2                        0x08000a29   Thumb Code     0  init.o(.text)
    __aeabi_llsl                             0x08000a4d   Thumb Code    30  llshl.o(.text)
    _ll_shift_l                              0x08000a4d   Thumb Code     0  llshl.o(.text)
    __aeabi_lasr                             0x08000a6b   Thumb Code    36  llsshr.o(.text)
    _ll_sshift_r                             0x08000a6b   Thumb Code     0  llsshr.o(.text)
    __aeabi_ui2d                             0x08000a8f   Thumb Code    26  dfltui.o(.text)
    __decompress                             0x08000aa9   Thumb Code     0  __dczerorl2.o(.text)
    __decompress1                            0x08000aa9   Thumb Code    86  __dczerorl2.o(.text)
    Append_CRC8_Check_Sum                    0x08000aff   Thumb Code    36  algorithmofcrc.o(i.Append_CRC8_Check_Sum)
    BodanCan1Send                            0x08000b25   Thumb Code    76  datasendtask.o(i.BodanCan1Send)
    BodanMotor_CurrentPid_Cal                0x08000b79   Thumb Code   130  shoottask.o(i.BodanMotor_CurrentPid_Cal)
    BusFault_Handler                         0x08000c15   Thumb Code     4  stm32f4xx_it.o(i.BusFault_Handler)
    CAN1_Configuration                       0x08000c19   Thumb Code   398  can1.o(i.CAN1_Configuration)
    CAN1_RX0_IRQHandler                      0x08000db1   Thumb Code    36  can1.o(i.CAN1_RX0_IRQHandler)
    CAN1_RX1_IRQHandler                      0x08000dd9   Thumb Code    52  can1.o(i.CAN1_RX1_IRQHandler)
    CAN1_TX_IRQHandler                       0x08000e11   Thumb Code    22  can1.o(i.CAN1_TX_IRQHandler)
    CAN2_Configuration                       0x08000e2d   Thumb Code   402  can2.o(i.CAN2_Configuration)
    CAN2_RX0_IRQHandler                      0x08000fc9   Thumb Code    48  can2.o(i.CAN2_RX0_IRQHandler)
    CAN2_RX1_IRQHandler                      0x08000ffd   Thumb Code    48  can2.o(i.CAN2_RX1_IRQHandler)
    CAN2_TX_IRQHandler                       0x08001031   Thumb Code    22  can2.o(i.CAN2_TX_IRQHandler)
    CAN_ClearITPendingBit                    0x0800104d   Thumb Code   162  stm32f4xx_can.o(i.CAN_ClearITPendingBit)
    CAN_DeInit                               0x080010f5   Thumb Code    50  stm32f4xx_can.o(i.CAN_DeInit)
    CAN_FilterInit                           0x0800112d   Thumb Code   258  stm32f4xx_can.o(i.CAN_FilterInit)
    CAN_GetITStatus                          0x08001235   Thumb Code   284  stm32f4xx_can.o(i.CAN_GetITStatus)
    CAN_ITConfig                             0x08001355   Thumb Code    18  stm32f4xx_can.o(i.CAN_ITConfig)
    CAN_Init                                 0x08001367   Thumb Code   276  stm32f4xx_can.o(i.CAN_Init)
    CAN_Receive                              0x0800147b   Thumb Code   240  stm32f4xx_can.o(i.CAN_Receive)
    CAN_StructInit                           0x0800156b   Thumb Code    32  stm32f4xx_can.o(i.CAN_StructInit)
    CAN_Transmit                             0x0800158b   Thumb Code   294  stm32f4xx_can.o(i.CAN_Transmit)
    CPU_task                                 0x080016b1   Thumb Code   146  start_task.o(i.CPU_task)
    Can1Receive1                             0x08001775   Thumb Code   104  datareceivetask.o(i.Can1Receive1)
    Can2Receive0                             0x080017e9   Thumb Code    78  datareceivetask.o(i.Can2Receive0)
    Can2Receive1                             0x08001841   Thumb Code   138  datareceivetask.o(i.Can2Receive1)
    ChassisCan1Send                          0x080018dd   Thumb Code    64  datasendtask.o(i.ChassisCan1Send)
    ChassisPostionAngle_TranSform            0x08001921   Thumb Code   470  chassistask.o(i.ChassisPostionAngle_TranSform)
    Chassis_Act_Cal                          0x08001b15   Thumb Code   436  chassistask.o(i.Chassis_Act_Cal)
    Chassis_CurrentPid_Cal                   0x08001cf1   Thumb Code   322  chassistask.o(i.Chassis_CurrentPid_Cal)
    Chassis_NoFollow_Cal                     0x08001e4d   Thumb Code   420  chassistask.o(i.Chassis_NoFollow_Cal)
    Chassis_Powerdown_Cal                    0x08002019   Thumb Code    24  chassistask.o(i.Chassis_Powerdown_Cal)
    Chassis_SelfProtect_Cal                  0x08002039   Thumb Code   554  chassistask.o(i.Chassis_SelfProtect_Cal)
    Chassis_Solo_Cal                         0x08002291   Thumb Code   986  chassistask.o(i.Chassis_Solo_Cal)
    Chassis_task                             0x080026b1   Thumb Code    24  chassistask.o(i.Chassis_task)
    DMA2_Stream1_IRQHandler                  0x080026e1   Thumb Code    94  frictionwheel.o(i.DMA2_Stream1_IRQHandler)
    DMA2_Stream2_IRQHandler                  0x08002751   Thumb Code   180  usart6.o(i.DMA2_Stream2_IRQHandler)
    DMA_ClearFlag                            0x08002821   Thumb Code    38  stm32f4xx_dma.o(i.DMA_ClearFlag)
    DMA_ClearITPendingBit                    0x08002855   Thumb Code    38  stm32f4xx_dma.o(i.DMA_ClearITPendingBit)
    DMA_Cmd                                  0x08002889   Thumb Code    22  stm32f4xx_dma.o(i.DMA_Cmd)
    DMA_DeInit                               0x080028a1   Thumb Code   324  stm32f4xx_dma.o(i.DMA_DeInit)
    DMA_GetCurrDataCounter                   0x080029f9   Thumb Code     8  stm32f4xx_dma.o(i.DMA_GetCurrDataCounter)
    DMA_GetFlagStatus                        0x08002a01   Thumb Code    54  stm32f4xx_dma.o(i.DMA_GetFlagStatus)
    DMA_GetITStatus                          0x08002a45   Thumb Code    82  stm32f4xx_dma.o(i.DMA_GetITStatus)
    DMA_ITConfig                             0x08002aa9   Thumb Code    58  stm32f4xx_dma.o(i.DMA_ITConfig)
    DMA_Init                                 0x08002ae5   Thumb Code    82  stm32f4xx_dma.o(i.DMA_Init)
    DMA_SetCurrDataCounter                   0x08002b3d   Thumb Code     4  stm32f4xx_dma.o(i.DMA_SetCurrDataCounter)
    DebugMon_Handler                         0x08002b41   Thumb Code     2  stm32f4xx_it.o(i.DebugMon_Handler)
    F105_Rst                                 0x08002b45   Thumb Code    52  datareceivetask.o(i.F105_Rst)
    F405Can1Send                             0x08002b81   Thumb Code   148  datasendtask.o(i.F405Can1Send)
    FrictionSpeedChoose                      0x08002c25   Thumb Code    68  shoottask.o(i.FrictionSpeedChoose)
    FrictionWheel_Set                        0x08002c75   Thumb Code   112  frictionwheel.o(i.FrictionWheel_Set)
    GPIO_Init                                0x08002cfd   Thumb Code   144  stm32f4xx_gpio.o(i.GPIO_Init)
    GPIO_PinAFConfig                         0x08002d8d   Thumb Code    70  stm32f4xx_gpio.o(i.GPIO_PinAFConfig)
    GPIO_ReadInputDataBit                    0x08002dd3   Thumb Code    18  stm32f4xx_gpio.o(i.GPIO_ReadInputDataBit)
    GPIO_ResetBits                           0x08002de5   Thumb Code     4  stm32f4xx_gpio.o(i.GPIO_ResetBits)
    GPIO_SetBits                             0x08002de9   Thumb Code     4  stm32f4xx_gpio.o(i.GPIO_SetBits)
    Get_CRC8_Check_Sum                       0x08002ded   Thumb Code    30  algorithmofcrc.o(i.Get_CRC8_Check_Sum)
    GimbalCan2Send                           0x08002e11   Thumb Code   110  datasendtask.o(i.GimbalCan2Send)
    Gimbal_Act_Cal                           0x08002e89   Thumb Code   528  gimbaltask.o(i.Gimbal_Act_Cal)
    Gimbal_Armor_Cal                         0x080030e9   Thumb Code   640  gimbaltask.o(i.Gimbal_Armor_Cal)
    Gimbal_Buff_Cal                          0x080033b9   Thumb Code   640  gimbaltask.o(i.Gimbal_Buff_Cal)
    Gimbal_CurrentPid_Cal                    0x08003689   Thumb Code   260  gimbaltask.o(i.Gimbal_CurrentPid_Cal)
    Gimbal_DropShot_Cal                      0x080037a9   Thumb Code   498  gimbaltask.o(i.Gimbal_DropShot_Cal)
    Gimbal_Powerdown_Cal                     0x080039e5   Thumb Code    80  gimbaltask.o(i.Gimbal_Powerdown_Cal)
    Gimbal_SI_Cal                            0x08003a5d   Thumb Code   426  gimbaltask.o(i.Gimbal_SI_Cal)
    Gimbal_task                              0x08003c4d   Thumb Code    54  gimbaltask.o(i.Gimbal_task)
    HardFault_Handler                        0x08003c8d   Thumb Code     4  stm32f4xx_it.o(i.HardFault_Handler)
    IWDG_Config                              0x08003c91   Thumb Code    36  iwdg.o(i.IWDG_Config)
    IWDG_Enable                              0x08003cb5   Thumb Code    10  stm32f4xx_iwdg.o(i.IWDG_Enable)
    IWDG_Feed                                0x08003cc5   Thumb Code     8  iwdg.o(i.IWDG_Feed)
    IWDG_ReloadCounter                       0x08003ccd   Thumb Code    10  stm32f4xx_iwdg.o(i.IWDG_ReloadCounter)
    IWDG_SetPrescaler                        0x08003cdd   Thumb Code     6  stm32f4xx_iwdg.o(i.IWDG_SetPrescaler)
    IWDG_SetReload                           0x08003ce9   Thumb Code     6  stm32f4xx_iwdg.o(i.IWDG_SetReload)
    IWDG_WriteAccessCmd                      0x08003cf5   Thumb Code     6  stm32f4xx_iwdg.o(i.IWDG_WriteAccessCmd)
    Infantry_Init                            0x08003d01   Thumb Code    50  main.o(i.Infantry_Init)
    KalmanFilter_Init                        0x08003d39   Thumb Code   224  kalmanfilter.o(i.KalmanFilter_Init)
    MemManage_Handler                        0x08003e19   Thumb Code     4  stm32f4xx_it.o(i.MemManage_Handler)
    MicroSwConfigration                      0x08003e1d   Thumb Code    44  microsw.o(i.MicroSwConfigration)
    ModeChoose_task                          0x08003e4d   Thumb Code    24  actiontask.o(i.ModeChoose_task)
    MouseKey_Act_Cal                         0x08003e69   Thumb Code  1188  actiontask.o(i.MouseKey_Act_Cal)
    Mouse_Key_Process                        0x08004311   Thumb Code    52  actiontask.o(i.Mouse_Key_Process)
    My_GPIO_Init                             0x08004359   Thumb Code    72  gpio.o(i.My_GPIO_Init)
    NMI_Handler                              0x080043a9   Thumb Code     2  stm32f4xx_it.o(i.NMI_Handler)
    NVIC_Init                                0x080043ad   Thumb Code   106  misc.o(i.NVIC_Init)
    Offline_Check_task                       0x08004425   Thumb Code    88  main.o(i.Offline_Check_task)
    PCReceive                                0x08004491   Thumb Code   648  datareceivetask.o(i.PCReceive)
    PID_Calc                                 0x08004759   Thumb Code   288  pid.o(i.PID_Calc)
    Pid_BodanMotor_Init                      0x08004879   Thumb Code   102  shoottask.o(i.Pid_BodanMotor_Init)
    Pid_ChassisPosition_Init                 0x080048f9   Thumb Code   128  chassistask.o(i.Pid_ChassisPosition_Init)
    Pid_PitchGyroPosSpeed_Init               0x080049a1   Thumb Code   102  gimbaltask.o(i.Pid_PitchGyroPosSpeed_Init)
    Pid_PitchMotorPos_GyroSpeed_Init         0x08004a21   Thumb Code   102  gimbaltask.o(i.Pid_PitchMotorPos_GyroSpeed_Init)
    Pid_YawGyroPosSpeed_Init                 0x08004aa9   Thumb Code   102  gimbaltask.o(i.Pid_YawGyroPosSpeed_Init)
    Pid_YawMotorPos_GyroSpeed_Init           0x08004b29   Thumb Code   102  gimbaltask.o(i.Pid_YawMotorPos_GyroSpeed_Init)
    Powerdown_Process                        0x08004bb1   Thumb Code    30  actiontask.o(i.Powerdown_Process)
    RCC_AHB1PeriphClockCmd                   0x08004bd9   Thumb Code    26  stm32f4xx_rcc.o(i.RCC_AHB1PeriphClockCmd)
    RCC_APB1PeriphClockCmd                   0x08004bf9   Thumb Code    26  stm32f4xx_rcc.o(i.RCC_APB1PeriphClockCmd)
    RCC_APB1PeriphResetCmd                   0x08004c19   Thumb Code    26  stm32f4xx_rcc.o(i.RCC_APB1PeriphResetCmd)
    RCC_APB2PeriphClockCmd                   0x08004c39   Thumb Code    26  stm32f4xx_rcc.o(i.RCC_APB2PeriphClockCmd)
    RCC_GetClocksFreq                        0x08004c59   Thumb Code   214  stm32f4xx_rcc.o(i.RCC_GetClocksFreq)
    RC_Rst                                   0x08004d41   Thumb Code    68  datareceivetask.o(i.RC_Rst)
    RemoteReceive                            0x08004d89   Thumb Code   438  datareceivetask.o(i.RemoteReceive)
    Remote_Process                           0x08004f49   Thumb Code   102  actiontask.o(i.Remote_Process)
    SetInputMode                             0x08004fbd   Thumb Code    62  actiontask.o(i.SetInputMode)
    Shoot_Check_Cal                          0x080050ed   Thumb Code   166  shoottask.o(i.Shoot_Check_Cal)
    Shoot_Fire_Cal                           0x080051b9   Thumb Code   150  shoottask.o(i.Shoot_Fire_Cal)
    Shoot_Powerdown_Cal                      0x08005269   Thumb Code    42  shoottask.o(i.Shoot_Powerdown_Cal)
    Shoot_Test_Cal                           0x080052a5   Thumb Code   148  shoottask.o(i.Shoot_Test_Cal)
    Shoot_task                               0x08005359   Thumb Code   170  shoottask.o(i.Shoot_task)
    Status_Act                               0x08005425   Thumb Code   164  actiontask.o(i.Status_Act)
    SteeringEngine_Configuration             0x080054d9   Thumb Code   154  steeringengine.o(i.SteeringEngine_Configuration)
    SteeringEngine_Set                       0x0800557d   Thumb Code    42  steeringengine.o(i.SteeringEngine_Set)
    SysTick_Handler                          0x080055b5   Thumb Code     8  stm32f4xx_it.o(i.SysTick_Handler)
    SystemInit                               0x080055bd   Thumb Code    88  system_stm32f4xx.o(i.SystemInit)
    System_Config                            0x08005625   Thumb Code   118  main.o(i.System_Config)
    System_Init                              0x0800569d   Thumb Code    58  main.o(i.System_Init)
    TIM4_IRQHandler                          0x080056e9   Thumb Code    22  tim4.o(i.TIM4_IRQHandler)
    TIM7_Configuration                       0x08005705   Thumb Code    90  tim7.o(i.TIM7_Configuration)
    TIM7_IRQHandler                          0x08005765   Thumb Code    32  tim7.o(i.TIM7_IRQHandler)
    TIM_ARRPreloadConfig                     0x0800578d   Thumb Code    24  stm32f4xx_tim.o(i.TIM_ARRPreloadConfig)
    TIM_ClearFlag                            0x080057a5   Thumb Code     6  stm32f4xx_tim.o(i.TIM_ClearFlag)
    TIM_ClearITPendingBit                    0x080057ab   Thumb Code     6  stm32f4xx_tim.o(i.TIM_ClearITPendingBit)
    TIM_Cmd                                  0x080057b1   Thumb Code    24  stm32f4xx_tim.o(i.TIM_Cmd)
    TIM_CtrlPWMOutputs                       0x080057c9   Thumb Code    30  stm32f4xx_tim.o(i.TIM_CtrlPWMOutputs)
    TIM_DMACmd                               0x080057e7   Thumb Code    18  stm32f4xx_tim.o(i.TIM_DMACmd)
    TIM_GetITStatus                          0x080057f9   Thumb Code    34  stm32f4xx_tim.o(i.TIM_GetITStatus)
    TIM_ITConfig                             0x0800581b   Thumb Code    18  stm32f4xx_tim.o(i.TIM_ITConfig)
    TIM_OC1Init                              0x0800582d   Thumb Code   114  stm32f4xx_tim.o(i.TIM_OC1Init)
    TIM_OC1PreloadConfig                     0x080058a9   Thumb Code    18  stm32f4xx_tim.o(i.TIM_OC1PreloadConfig)
    TIM_OC2Init                              0x080058bd   Thumb Code   154  stm32f4xx_tim.o(i.TIM_OC2Init)
    TIM_OC2PreloadConfig                     0x08005961   Thumb Code    26  stm32f4xx_tim.o(i.TIM_OC2PreloadConfig)
    TIM_OC4Init                              0x0800597d   Thumb Code   112  stm32f4xx_tim.o(i.TIM_OC4Init)
    TIM_OC4PreloadConfig                     0x080059f5   Thumb Code    26  stm32f4xx_tim.o(i.TIM_OC4PreloadConfig)
    TIM_SetCompare1                          0x08005a0f   Thumb Code     4  stm32f4xx_tim.o(i.TIM_SetCompare1)
    TIM_SetCompare2                          0x08005a13   Thumb Code     4  stm32f4xx_tim.o(i.TIM_SetCompare2)
    TIM_SetCompare3                          0x08005a17   Thumb Code     4  stm32f4xx_tim.o(i.TIM_SetCompare3)
    TIM_SetCompare4                          0x08005a1b   Thumb Code     4  stm32f4xx_tim.o(i.TIM_SetCompare4)
    TIM_TimeBaseInit                         0x08005a21   Thumb Code   104  stm32f4xx_tim.o(i.TIM_TimeBaseInit)
    TX2_task                                 0x08005aa5   Thumb Code    24  datasendtask.o(i.TX2_task)
    T_change                                 0x08005ac1   Thumb Code   588  gimbaltask.o(i.T_change)
    Tim4_Configuration                       0x08005d51   Thumb Code   226  tim4.o(i.Tim4_Configuration)
    Tx2_Off_Test                             0x08005e41   Thumb Code    76  actiontask.o(i.Tx2_Off_Test)
    USART1_Configuration                     0x08005e95   Thumb Code   276  usart1.o(i.USART1_Configuration)
    USART1_IRQHandler                        0x08005fbd   Thumb Code    76  usart1.o(i.USART1_IRQHandler)
    USART6_Configuration                     0x08006019   Thumb Code   394  usart6.o(i.USART6_Configuration)
    USART6_SendtoPC                          0x080061b9   Thumb Code   358  datasendtask.o(i.USART6_SendtoPC)
    USART_Cmd                                0x0800634d   Thumb Code    24  stm32f4xx_usart.o(i.USART_Cmd)
    USART_DMACmd                             0x08006365   Thumb Code    18  stm32f4xx_usart.o(i.USART_DMACmd)
    USART_GetITStatus                        0x08006377   Thumb Code    84  stm32f4xx_usart.o(i.USART_GetITStatus)
    USART_ITConfig                           0x080063cb   Thumb Code    74  stm32f4xx_usart.o(i.USART_ITConfig)
    USART_Init                               0x08006415   Thumb Code   204  stm32f4xx_usart.o(i.USART_Init)
    UsageFault_Handler                       0x080064e9   Thumb Code     4  stm32f4xx_it.o(i.UsageFault_Handler)
    Verify_CRC8_Check_Sum                    0x080064ed   Thumb Code    50  algorithmofcrc.o(i.Verify_CRC8_Check_Sum)
    ZeroCheck                                0x08006525   Thumb Code   186  zerochecktask.o(i.ZeroCheck)
    ZeroCheck_Init                           0x080065ed   Thumb Code   208  zerochecktask.o(i.ZeroCheck_Init)
    ZeroCheck_cal                            0x080066f5   Thumb Code   212  zerochecktask.o(i.ZeroCheck_cal)
    __0sprintf$3                             0x08006801   Thumb Code    34  printf3.o(i.__0sprintf$3)
    __1sprintf$3                             0x08006801   Thumb Code     0  printf3.o(i.__0sprintf$3)
    __2sprintf                               0x08006801   Thumb Code     0  printf3.o(i.__0sprintf$3)
    __ARM_fpclassify                         0x08006829   Thumb Code    48  fpclassify.o(i.__ARM_fpclassify)
    __hardfp_cos                             0x08006859   Thumb Code   180  cos.o(i.__hardfp_cos)
    __hardfp_round                           0x08006921   Thumb Code   194  round.o(i.__hardfp_round)
    __hardfp_sin                             0x08006a01   Thumb Code   180  sin.o(i.__hardfp_sin)
    __hardfp_tan                             0x08006ac9   Thumb Code   108  tan.o(i.__hardfp_tan)
    __ieee754_rem_pio2                       0x08006b49   Thumb Code   938  rred.o(i.__ieee754_rem_pio2)
    __kernel_cos                             0x08006f81   Thumb Code   322  cos_i.o(i.__kernel_cos)
    __kernel_poly                            0x080070f1   Thumb Code   248  poly.o(i.__kernel_poly)
    __kernel_sin                             0x080071e9   Thumb Code   280  sin_i.o(i.__kernel_sin)
    __kernel_tan                             0x08007319   Thumb Code   764  tan_i.o(i.__kernel_tan)
    __mathlib_dbl_infnan                     0x08007669   Thumb Code    20  dunder.o(i.__mathlib_dbl_infnan)
    __mathlib_dbl_invalid                    0x08007681   Thumb Code    24  dunder.o(i.__mathlib_dbl_invalid)
    __mathlib_dbl_underflow                  0x080076a1   Thumb Code    24  dunder.o(i.__mathlib_dbl_underflow)
    __scatterload_copy                       0x080076c1   Thumb Code    14  handlers.o(i.__scatterload_copy)
    __scatterload_null                       0x080076cf   Thumb Code     2  handlers.o(i.__scatterload_null)
    __scatterload_zeroinit                   0x080076d1   Thumb Code    14  handlers.o(i.__scatterload_zeroinit)
    __set_errno                              0x080076e1   Thumb Code     6  errno.o(i.__set_errno)
    delay_ms                                 0x080078af   Thumb Code    28  main.o(i.delay_ms)
    eTaskGetState                            0x080078cd   Thumb Code    88  tasks.o(i.eTaskGetState)
    fabs                                     0x08007939   Thumb Code    24  fabs.o(i.fabs)
    get_F                                    0x08007951   Thumb Code   312  gimbaltask.o(i.get_F)
    main                                     0x08007aad   Thumb Code    20  main.o(i.main)
    pvPortMalloc                             0x08007f85   Thumb Code   188  heap_4.o(i.pvPortMalloc)
    pxPortInitialiseStack                    0x08008055   Thumb Code    38  port.o(i.pxPortInitialiseStack)
    startTast                                0x08008081   Thumb Code    24  start_task.o(i.startTast)
    start_task                               0x080080ad   Thumb Code   162  start_task.o(i.start_task)
    uxListRemove                             0x080081f1   Thumb Code    40  list.o(i.uxListRemove)
    uxTaskGetStackHighWaterMark              0x08008219   Thumb Code    34  tasks.o(i.uxTaskGetStackHighWaterMark)
    uxTaskGetSystemState                     0x08008241   Thumb Code   154  tasks.o(i.uxTaskGetSystemState)
    vListInitialise                          0x080082f9   Thumb Code    26  list.o(i.vListInitialise)
    vListInitialiseItem                      0x08008313   Thumb Code     6  list.o(i.vListInitialiseItem)
    vListInsert                              0x08008319   Thumb Code    52  list.o(i.vListInsert)
    vListInsertEnd                           0x0800834d   Thumb Code    24  list.o(i.vListInsertEnd)
    vPortEnterCritical                       0x08008365   Thumb Code    30  port.o(i.vPortEnterCritical)
    vPortExitCritical                        0x08008389   Thumb Code    28  port.o(i.vPortExitCritical)
    vPortFree                                0x080083a9   Thumb Code    64  heap_4.o(i.vPortFree)
    vPortSetupTimerInterrupt                 0x080083f1   Thumb Code    26  port.o(i.vPortSetupTimerInterrupt)
    vTaskDelay                               0x08008411   Thumb Code    46  tasks.o(i.vTaskDelay)
    vTaskDelayUntil                          0x08008445   Thumb Code   106  tasks.o(i.vTaskDelayUntil)
    vTaskDelete                              0x080084b9   Thumb Code   166  tasks.o(i.vTaskDelete)
    vTaskGetInfo                             0x08008585   Thumb Code   114  tasks.o(i.vTaskGetInfo)
    vTaskGetRunTimeStats                     0x080085fd   Thumb Code   182  tasks.o(i.vTaskGetRunTimeStats)
    vTaskList                                0x080086d1   Thumb Code   204  tasks.o(i.vTaskList)
    vTaskStartScheduler                      0x080087b1   Thumb Code    76  tasks.o(i.vTaskStartScheduler)
    vTaskSuspendAll                          0x0800881d   Thumb Code    12  tasks.o(i.vTaskSuspendAll)
    vTaskSwitchContext                       0x0800882d   Thumb Code   128  tasks.o(i.vTaskSwitchContext)
    xPortStartScheduler                      0x080088cd   Thumb Code    58  port.o(i.xPortStartScheduler)
    xPortSysTickHandler                      0x08008915   Thumb Code    46  port.o(i.xPortSysTickHandler)
    xTaskCreate                              0x08008949   Thumb Code    96  tasks.o(i.xTaskCreate)
    xTaskGetTickCount                        0x080089a9   Thumb Code     6  tasks.o(i.xTaskGetTickCount)
    xTaskIncrementTick                       0x080089b5   Thumb Code   238  tasks.o(i.xTaskIncrementTick)
    xTaskResumeAll                           0x08008ad1   Thumb Code   196  tasks.o(i.xTaskResumeAll)
    wCRC_Table                               0x08008bb8   Data         512  algorithmofcrc.o(.constdata)
    CRC8_INIT                                0x08008db8   Data           1  algorithmofcrc.o(.constdata)
    CRC8_TAB                                 0x08008db9   Data         256  algorithmofcrc.o(.constdata)
    Region$$Table$$Base                      0x08009040   Number         0  anon$$obj.o(Region$$Table)
    Region$$Table$$Limit                     0x08009060   Number         0  anon$$obj.o(Region$$Table)
    run_time_check                           0x20000000   Data           4  main.o(.data)
    fric_flag                                0x20000004   Data           2  main.o(.data)
    Offline_Check_high_water                 0x20000008   Data           4  main.o(.data)
    SystemCoreClock                          0x2000000c   Data           4  system_stm32f4xx.o(.data)
    AHBPrescTable                            0x20000010   Data          16  system_stm32f4xx.o(.data)
    SRC_Buffer                               0x20000030   Data         128  frictionwheel.o(.data)
    bias_speed                               0x200000b0   Data           2  frictionwheel.o(.data)
    magazineState                            0x200000b2   Data           1  steeringengine.o(.data)
    accelerator                              0x200000b4   Data           4  tim4.o(.data)
    CPU_RunTime                              0x200000b8   Data           4  tim7.o(.data)
    Crcpass                                  0x200000c0   Data           2  usart6.o(.data)
    crcNopass                                0x200000c2   Data           2  usart6.o(.data)
    buffindex                                0x200000c4   Data           2  usart6.o(.data)
    KalMan_doneflag                          0x200000c8   Data           2  kalmanfilter.o(.data)
    K                                        0x200000cc   Data         180  kalmanfilter.o(.data)
    CRC_INIT                                 0x20000180   Data           2  algorithmofcrc.o(.data)
    sss                                      0x20000182   Data           2  algorithmofcrc.o(.data)
    ChassisAct_Init_Flag                     0x20000184   Data           2  chassistask.o(.data)
    Theta                                    0x20000188   Data           4  chassistask.o(.data)
    SinTheTa                                 0x2000018c   Data           4  chassistask.o(.data)
    CosTheTa                                 0x20000190   Data           4  chassistask.o(.data)
    TanTheTa                                 0x20000194   Data           4  chassistask.o(.data)
    Theta0                                   0x20000198   Data           4  chassistask.o(.data)
    Speed_Theta                              0x2000019c   Data           4  chassistask.o(.data)
    ResetPos                                 0x200001a0   Data           4  chassistask.o(.data)
    Be_shooted_flag                          0x200001a4   Data           2  chassistask.o(.data)
    chassis                                  0x200001a6   Data           6  chassistask.o(.data)
    SP_Theta                                 0x200001ac   Data           4  chassistask.o(.data)
    CosSP_Theta                              0x200001b0   Data           4  chassistask.o(.data)
    SinSP_Theta                              0x200001b4   Data           4  chassistask.o(.data)
    TanSP_Theta                              0x200001b8   Data           4  chassistask.o(.data)
    SOLO_bias                                0x200001bc   Data           2  chassistask.o(.data)
    SOLO_bias_max                            0x200001be   Data           2  chassistask.o(.data)
    H_pid                                    0x200001c0   Data           2  chassistask.o(.data)
    L_pid                                    0x200001c2   Data           2  chassistask.o(.data)
    H_P                                      0x200001c4   Data           4  chassistask.o(.data)
    Chassis_high_water                       0x200001c8   Data           4  chassistask.o(.data)
    BodanReceive                             0x200001cc   Data           6  datareceivetask.o(.data)
    PitchMotorReceive                        0x200001d4   Data           4  datareceivetask.o(.data)
    YawMotorReceive                          0x200001d8   Data           4  datareceivetask.o(.data)
    RC_DisConnect                            0x200001dc   Data           2  datareceivetask.o(.data)
    F105_DisConect                           0x200001de   Data           2  datareceivetask.o(.data)
    pc_yaw                                   0x200001e0   Data           4  datareceivetask.o(.data)
    pc_pitch                                 0x200001e4   Data           2  datareceivetask.o(.data)
    distance                                 0x200001e6   Data           2  datareceivetask.o(.data)
    armor_state                              0x200001e8   Data           2  datareceivetask.o(.data)
    aim_yaw                                  0x200001ec   Data           4  datareceivetask.o(.data)
    aim_pitch                                0x200001f0   Data           4  datareceivetask.o(.data)
    tx2_last_receive_flag                    0x200001f4   Data           2  datareceivetask.o(.data)
    tx2_receive_flag                         0x200001f6   Data           2  datareceivetask.o(.data)
    aaaaaaaaaa                               0x200001f8   Data           2  datareceivetask.o(.data)
    Heat_LimitTick                           0x200001fc   Data           4  datareceivetask.o(.data)
    pitch                                    0x20000200   Data           2  datasendtask.o(.data)
    yaw                                      0x20000204   Data           4  datasendtask.o(.data)
    down_sampling_rate                       0x20000208   Data           2  datasendtask.o(.data)
    PC_TX_num                                0x2000020c   Data           4  datasendtask.o(.data)
    TX2_high_water                           0x20000210   Data           4  datasendtask.o(.data)
    Bodan_Pos                                0x20000214   Data           4  zerochecktask.o(.data)
    MirocPosition                            0x20000218   Data           2  shoottask.o(.data)
    FrictionWheel_speed                      0x2000021a   Data           2  shoottask.o(.data)
    BulletSpeed                              0x2000021c   Data           2  shoottask.o(.data)
    BodanMotorCurrent                        0x2000021e   Data           2  shoottask.o(.data)
    ShootAct_Init_Flag                       0x20000220   Data           2  shoottask.o(.data)
    SendToTx2BullectCnt                      0x20000224   Data           4  shoottask.o(.data)
    Shoot_Init_flag                          0x20000228   Data           4  shoottask.o(.data)
    delay_time                               0x2000022c   Data           4  shoottask.o(.data)
    Shoot_high_water                         0x20000230   Data           4  shoottask.o(.data)
    Shoot_Power                              0x20000234   Data           4  shoottask.o(.data)
    test_shoot_power                         0x20000238   Data           4  shoottask.o(.data)
    init_time                                0x2000023c   Data           4  shoottask.o(.data)
    SHOOT_HADBE_INIT                         0x20000240   Data           2  shoottask.o(.data)
    gimbal_pitch_max                         0x2000024c   Data           4  gimbaltask.o(.data)
    gimbal_pitch_min                         0x20000250   Data           4  gimbaltask.o(.data)
    GimbalAct_Init_Flag                      0x20000254   Data           2  gimbaltask.o(.data)
    YawCurrent                               0x20000256   Data           2  gimbaltask.o(.data)
    PitchCurrent                             0x20000258   Data           2  gimbaltask.o(.data)
    GimbalYawPos                             0x2000025c   Data           4  gimbaltask.o(.data)
    GimbalPitchPos                           0x20000260   Data           4  gimbaltask.o(.data)
    Recent_Angle_Buff                        0x20000264   Data           4  gimbaltask.o(.data)
    Recent_Yaw_Angle_Armor                   0x20000268   Data           4  gimbaltask.o(.data)
    Recent_Pitch_Angle_Armor                 0x2000026c   Data           4  gimbaltask.o(.data)
    test_pitch                               0x20000270   Data           4  gimbaltask.o(.data)
    test_yaw                                 0x20000274   Data           4  gimbaltask.o(.data)
    aaaaa                                    0x20000278   Data           4  gimbaltask.o(.data)
    speed_limit                              0x2000027c   Data           4  gimbaltask.o(.data)
    F_Change_flag                            0x20000280   Data           2  gimbaltask.o(.data)
    Gimbal_direct                            0x20000284   Data           4  gimbaltask.o(.data)
    T                                        0x20000288   Data           4  gimbaltask.o(.data)
    T_cnt                                    0x2000028c   Data           4  gimbaltask.o(.data)
    T_Time_cnt                               0x20000290   Data           4  gimbaltask.o(.data)
    F_cnt                                    0x20000294   Data           4  gimbaltask.o(.data)
    F_cnt_last                               0x20000298   Data           4  gimbaltask.o(.data)
    F                                        0x2000029c   Data           4  gimbaltask.o(.data)
    Gimbal_high_water                        0x200002a0   Data           4  gimbaltask.o(.data)
    GGGG                                     0x200002a4   Data           4  gimbaltask.o(.data)
    Mouse_Key_Flag                           0x200002ac   Data           2  actiontask.o(.data)
    waitFlag                                 0x200002ae   Data          20  actiontask.o(.data)
    SpeedMode                                0x200002c2   Data           2  actiontask.o(.data)
    DanCang_Flag                             0x200002c4   Data           2  actiontask.o(.data)
    ctrl_rising_flag                         0x200002c6   Data           2  actiontask.o(.data)
    pre_key_ctrl                             0x200002c8   Data           2  actiontask.o(.data)
    v_rising_flag                            0x200002ca   Data           2  actiontask.o(.data)
    pre_key_v                                0x200002cc   Data           2  actiontask.o(.data)
    c_rising_flag                            0x200002ce   Data           2  actiontask.o(.data)
    pre_key_c                                0x200002d0   Data           2  actiontask.o(.data)
    pre_key_e                                0x200002d2   Data           2  actiontask.o(.data)
    e_rising_flag                            0x200002d4   Data           2  actiontask.o(.data)
    x_rising_flag                            0x200002d6   Data           2  actiontask.o(.data)
    pre_key_x                                0x200002d8   Data           2  actiontask.o(.data)
    Press_Key_x_Flag                         0x200002da   Data           2  actiontask.o(.data)
    pre_key_b                                0x200002dc   Data           2  actiontask.o(.data)
    q_rising_flag                            0x200002de   Data           2  actiontask.o(.data)
    b_rising_flag                            0x200002e0   Data           2  actiontask.o(.data)
    f_rising_flag                            0x200002e2   Data           2  actiontask.o(.data)
    g_rising_flag                            0x200002e4   Data           2  actiontask.o(.data)
    pre_key_f                                0x200002e6   Data           2  actiontask.o(.data)
    mouse_Press_r_rising_flag                0x200002e8   Data           2  actiontask.o(.data)
    pre_mouse_l                              0x200002ea   Data           2  actiontask.o(.data)
    r_rising_flag                            0x200002ec   Data           2  actiontask.o(.data)
    pre_key_r                                0x200002ee   Data           2  actiontask.o(.data)
    z_rising_flag                            0x200002f0   Data           2  actiontask.o(.data)
    pre_key_z                                0x200002f2   Data           2  actiontask.o(.data)
    Press_Key_z_Flag                         0x200002f4   Data           2  actiontask.o(.data)
    pre_key_q                                0x200002f6   Data           2  actiontask.o(.data)
    pre_key_g                                0x200002f8   Data           2  actiontask.o(.data)
    pre_v_rising_flag                        0x200002fa   Data           2  actiontask.o(.data)
    v_high_flag                              0x200002fc   Data           2  actiontask.o(.data)
    Turning_flag                             0x200002fe   Data           2  actiontask.o(.data)
    MicroSw_flag                             0x20000300   Data           2  actiontask.o(.data)
    Graphic_Init_flag                        0x20000302   Data           2  actiontask.o(.data)
    NoFollow_flag                            0x20000304   Data           2  actiontask.o(.data)
    Solo_flag                                0x20000306   Data           2  actiontask.o(.data)
    Buff_flag                                0x20000308   Data           2  actiontask.o(.data)
    PC_Sendflag                              0x2000030a   Data           2  actiontask.o(.data)
    Tx2_Off_times                            0x2000030c   Data           2  actiontask.o(.data)
    SteeringEngineDelay                      0x2000030e   Data           2  actiontask.o(.data)
    k_onegrid                                0x20000310   Data           4  actiontask.o(.data)
    k_single                                 0x20000314   Data           4  actiontask.o(.data)
    aaaa                                     0x20000318   Data           2  actiontask.o(.data)
    ModeChoose_high_water                    0x2000031c   Data           4  actiontask.o(.data)
    CPU_high_water                           0x20000320   Data           4  start_task.o(.data)
    pxCurrentTCB                             0x20000344   Data           4  tasks.o(.data)
    Infantry                                 0x200003a8   Data          16  main.o(.bss)
    sbus_rx_buffer                           0x200003b8   Data          18  usart1.o(.bss)
    PCbuffer                                 0x200003ca   Data          10  usart6.o(.bss)
    tempPC                                   0x200003d4   Data          10  usart6.o(.bss)
    ErrorBuff                                0x200003de   Data          40  usart6.o(.bss)
    pidChassisPosition                       0x2000041c   Data          60  chassistask.o(.bss)
    pidChassisPosition_Speed                 0x20000458   Data          60  chassistask.o(.bss)
    SOLO_pidChassisPosition                  0x20000494   Data          60  chassistask.o(.bss)
    RC_Ctl                                   0x200004d0   Data          54  datareceivetask.o(.bss)
    GyroReceive                              0x20000508   Data          16  datareceivetask.o(.bss)
    F105                                     0x20000518   Data          16  datareceivetask.o(.bss)
    PC_Receive                               0x20000528   Data          20  datareceivetask.o(.bss)
    pitch_Kalman                             0x2000053c   Data         108  datareceivetask.o(.bss)
    yaw_Kalman                               0x200005a8   Data         108  datareceivetask.o(.bss)
    SendToPC_Buff                            0x20000614   Data          10  datasendtask.o(.bss)
    F405                                     0x2000061e   Data          10  datasendtask.o(.bss)
    Gimbal                                   0x20000628   Data          24  zerochecktask.o(.bss)
    ZeroCheck_Pitch                          0x20000640   Data          20  zerochecktask.o(.bss)
    ZeroCheck_Yaw                            0x20000654   Data          20  zerochecktask.o(.bss)
    ZeroCheck_Pitch_speed                    0x20000668   Data          20  zerochecktask.o(.bss)
    ZeroCheck_Yaw_speed                      0x2000067c   Data          20  zerochecktask.o(.bss)
    ZeroCheck_BodanPos                       0x20000690   Data          20  zerochecktask.o(.bss)
    ZeroCheck_BodanSpeed                     0x200006a4   Data          20  zerochecktask.o(.bss)
    ZeroCheck_GyroYaw                        0x200006b8   Data          20  zerochecktask.o(.bss)
    ZeroCheck_GyroPitch                      0x200006cc   Data          20  zerochecktask.o(.bss)
    PidBodanMotorPos                         0x200006e0   Data          60  shoottask.o(.bss)
    PidBodanMotorSpeed                       0x2000071c   Data          60  shoottask.o(.bss)
    inttoshort                               0x20000758   Data          16  gimbaltask.o(.bss)
    PidPitchSpeed                            0x20000768   Data          60  gimbaltask.o(.bss)
    PidPitchPos                              0x200007a4   Data          60  gimbaltask.o(.bss)
    PidYawSpeed                              0x200007e0   Data          60  gimbaltask.o(.bss)
    PidYawPos                                0x2000081c   Data          60  gimbaltask.o(.bss)
    PidPitchAidPos                           0x20000858   Data          60  gimbaltask.o(.bss)
    PidPitchAidSpeed                         0x20000894   Data          60  gimbaltask.o(.bss)
    PidYawAidPos                             0x200008d0   Data          60  gimbaltask.o(.bss)
    PidYawAidSpeed                           0x2000090c   Data          60  gimbaltask.o(.bss)
    Status                                   0x20000948   Data          20  actiontask.o(.bss)
    Mark                                     0x2000095c   Data          32  start_task.o(.bss)
    CPU_RunInfo1                             0x2000097c   Data         200  start_task.o(.bss)
    CPU_RunInfo2                             0x20000a44   Data         200  start_task.o(.bss)
    __initial_sp                             0x200039f0   Data           0  startup_stm32f40_41xxx.o(STACK)



==============================================================================

Memory Map of the image

  Image Entry point : 0x08000189

  Load Region LR_IROM1 (Base: 0x08000000, Size: 0x00009408, Max: 0x00100000, ABSOLUTE, COMPRESSED[0x000090e4])

    Execution Region ER_IROM1 (Exec base: 0x08000000, Load base: 0x08000000, Size: 0x00009060, Max: 0x00100000, ABSOLUTE)

    Exec Addr    Load Addr    Size         Type   Attr      Idx    E Section Name        Object

    0x08000000   0x08000000   0x00000188   Data   RO          345    RESET               startup_stm32f40_41xxx.o
    0x08000188   0x08000188   0x00000000   Code   RO         5501  * .ARM.Collect$$$$00000000  mc_w.l(entry.o)
    0x08000188   0x08000188   0x00000004   Code   RO         5821    .ARM.Collect$$$$00000001  mc_w.l(entry2.o)
    0x0800018c   0x0800018c   0x00000004   Code   RO         5824    .ARM.Collect$$$$00000004  mc_w.l(entry5.o)
    0x08000190   0x08000190   0x00000000   Code   RO         5826    .ARM.Collect$$$$00000008  mc_w.l(entry7b.o)
    0x08000190   0x08000190   0x00000000   Code   RO         5828    .ARM.Collect$$$$0000000A  mc_w.l(entry8b.o)
    0x08000190   0x08000190   0x00000008   Code   RO         5829    .ARM.Collect$$$$0000000B  mc_w.l(entry9a.o)
    0x08000198   0x08000198   0x00000000   Code   RO         5831    .ARM.Collect$$$$0000000D  mc_w.l(entry10a.o)
    0x08000198   0x08000198   0x00000000   Code   RO         5833    .ARM.Collect$$$$0000000F  mc_w.l(entry11a.o)
    0x08000198   0x08000198   0x00000004   Code   RO         5822    .ARM.Collect$$$$00002712  mc_w.l(entry2.o)
    0x0800019c   0x0800019c   0x000000b6   Code   RO         5215    .emb_text           port.o
    0x08000252   0x08000252   0x00000002   PAD
    0x08000254   0x08000254   0x00000024   Code   RO          346    .text               startup_stm32f40_41xxx.o
    0x08000278   0x08000278   0x00000008   Code   RO         5344    .text               arm_cortexM4lf_math.lib(arm_mat_init_f32.o)
    0x08000280   0x08000280   0x00000114   Code   RO         5440    .text               arm_cortexM4lf_math.lib(arm_mat_trans_f32.o)
    0x08000394   0x08000394   0x00000024   Code   RO         5504    .text               mc_w.l(memcpya.o)
    0x080003b8   0x080003b8   0x00000024   Code   RO         5506    .text               mc_w.l(memseta.o)
    0x080003dc   0x080003dc   0x0000000e   Code   RO         5508    .text               mc_w.l(strlen.o)
    0x080003ea   0x080003ea   0x00000012   Code   RO         5510    .text               mc_w.l(strcpy.o)
    0x080003fc   0x080003fc   0x000000e4   Code   RO         5775    .text               mf_w.l(dmul.o)
    0x080004e0   0x080004e0   0x000000de   Code   RO         5777    .text               mf_w.l(ddiv.o)
    0x080005be   0x080005be   0x00000022   Code   RO         5779    .text               mf_w.l(dflti.o)
    0x080005e0   0x080005e0   0x0000003e   Code   RO         5781    .text               mf_w.l(dfixi.o)
    0x0800061e   0x0800061e   0x00000026   Code   RO         5783    .text               mf_w.l(f2d.o)
    0x08000644   0x08000644   0x00000038   Code   RO         5785    .text               mf_w.l(d2f.o)
    0x0800067c   0x0800067c   0x0000002c   Code   RO         5836    .text               mc_w.l(uidiv.o)
    0x080006a8   0x080006a8   0x00000020   Code   RO         5840    .text               mc_w.l(llushr.o)
    0x080006c8   0x080006c8   0x00000000   Code   RO         5849    .text               mc_w.l(iusefp.o)
    0x080006c8   0x080006c8   0x0000006e   Code   RO         5850    .text               mf_w.l(fepilogue.o)
    0x08000736   0x08000736   0x000000ba   Code   RO         5852    .text               mf_w.l(depilogue.o)
    0x080007f0   0x080007f0   0x0000014e   Code   RO         5854    .text               mf_w.l(dadd.o)
    0x0800093e   0x0800093e   0x00000002   PAD
    0x08000940   0x08000940   0x00000088   Code   RO         5858    .text               mf_w.l(drnd.o)
    0x080009c8   0x080009c8   0x00000030   Code   RO         5862    .text               mf_w.l(cdcmple.o)
    0x080009f8   0x080009f8   0x00000030   Code   RO         5864    .text               mf_w.l(cdrcmple.o)
    0x08000a28   0x08000a28   0x00000024   Code   RO         5876    .text               mc_w.l(init.o)
    0x08000a4c   0x08000a4c   0x0000001e   Code   RO         5878    .text               mc_w.l(llshl.o)
    0x08000a6a   0x08000a6a   0x00000024   Code   RO         5880    .text               mc_w.l(llsshr.o)
    0x08000a8e   0x08000a8e   0x0000001a   Code   RO         5882    .text               mf_w.l(dfltui.o)
    0x08000aa8   0x08000aa8   0x00000056   Code   RO         5892    .text               mc_w.l(__dczerorl2.o)
    0x08000afe   0x08000afe   0x00000024   Code   RO         3878    i.Append_CRC8_Check_Sum  algorithmofcrc.o
    0x08000b22   0x08000b22   0x00000002   PAD
    0x08000b24   0x08000b24   0x00000054   Code   RO         4066    i.BodanCan1Send     datasendtask.o
    0x08000b78   0x08000b78   0x0000009c   Code   RO         4164    i.BodanMotor_CurrentPid_Cal  shoottask.o
    0x08000c14   0x08000c14   0x00000004   Code   RO            3    i.BusFault_Handler  stm32f4xx_it.o
    0x08000c18   0x08000c18   0x00000198   Code   RO         3451    i.CAN1_Configuration  can1.o
    0x08000db0   0x08000db0   0x00000028   Code   RO         3452    i.CAN1_RX0_IRQHandler  can1.o
    0x08000dd8   0x08000dd8   0x00000038   Code   RO         3453    i.CAN1_RX1_IRQHandler  can1.o
    0x08000e10   0x08000e10   0x0000001c   Code   RO         3454    i.CAN1_TX_IRQHandler  can1.o
    0x08000e2c   0x08000e2c   0x0000019c   Code   RO         3489    i.CAN2_Configuration  can2.o
    0x08000fc8   0x08000fc8   0x00000034   Code   RO         3490    i.CAN2_RX0_IRQHandler  can2.o
    0x08000ffc   0x08000ffc   0x00000034   Code   RO         3491    i.CAN2_RX1_IRQHandler  can2.o
    0x08001030   0x08001030   0x0000001c   Code   RO         3492    i.CAN2_TX_IRQHandler  can2.o
    0x0800104c   0x0800104c   0x000000a8   Code   RO          640    i.CAN_ClearITPendingBit  stm32f4xx_can.o
    0x080010f4   0x080010f4   0x00000038   Code   RO          642    i.CAN_DeInit        stm32f4xx_can.o
    0x0800112c   0x0800112c   0x00000108   Code   RO          644    i.CAN_FilterInit    stm32f4xx_can.o
    0x08001234   0x08001234   0x00000120   Code   RO          646    i.CAN_GetITStatus   stm32f4xx_can.o
    0x08001354   0x08001354   0x00000012   Code   RO          650    i.CAN_ITConfig      stm32f4xx_can.o
    0x08001366   0x08001366   0x00000114   Code   RO          651    i.CAN_Init          stm32f4xx_can.o
    0x0800147a   0x0800147a   0x000000f0   Code   RO          654    i.CAN_Receive       stm32f4xx_can.o
    0x0800156a   0x0800156a   0x00000020   Code   RO          657    i.CAN_StructInit    stm32f4xx_can.o
    0x0800158a   0x0800158a   0x00000126   Code   RO          659    i.CAN_Transmit      stm32f4xx_can.o
    0x080016b0   0x080016b0   0x000000c4   Code   RO         4407    i.CPU_task          start_task.o
    0x08001774   0x08001774   0x00000074   Code   RO         4005    i.Can1Receive1      datareceivetask.o
    0x080017e8   0x080017e8   0x00000058   Code   RO         4006    i.Can2Receive0      datareceivetask.o
    0x08001840   0x08001840   0x0000009c   Code   RO         4007    i.Can2Receive1      datareceivetask.o
    0x080018dc   0x080018dc   0x00000044   Code   RO         4067    i.ChassisCan1Send   datasendtask.o
    0x08001920   0x08001920   0x000001f4   Code   RO         3931    i.ChassisPostionAngle_TranSform  chassistask.o
    0x08001b14   0x08001b14   0x000001dc   Code   RO         3932    i.Chassis_Act_Cal   chassistask.o
    0x08001cf0   0x08001cf0   0x0000015c   Code   RO         3933    i.Chassis_CurrentPid_Cal  chassistask.o
    0x08001e4c   0x08001e4c   0x000001cc   Code   RO         3934    i.Chassis_NoFollow_Cal  chassistask.o
    0x08002018   0x08002018   0x00000020   Code   RO         3935    i.Chassis_Powerdown_Cal  chassistask.o
    0x08002038   0x08002038   0x00000258   Code   RO         3936    i.Chassis_SelfProtect_Cal  chassistask.o
    0x08002290   0x08002290   0x00000420   Code   RO         3937    i.Chassis_Solo_Cal  chassistask.o
    0x080026b0   0x080026b0   0x0000001c   Code   RO         3938    i.Chassis_task      chassistask.o
    0x080026cc   0x080026cc   0x00000012   Code   RO          662    i.CheckITStatus     stm32f4xx_can.o
    0x080026de   0x080026de   0x00000002   PAD
    0x080026e0   0x080026e0   0x00000070   Code   RO         3527    i.DMA2_Stream1_IRQHandler  frictionwheel.o
    0x08002750   0x08002750   0x000000d0   Code   RO         3751    i.DMA2_Stream2_IRQHandler  usart6.o
    0x08002820   0x08002820   0x00000034   Code   RO          973    i.DMA_ClearFlag     stm32f4xx_dma.o
    0x08002854   0x08002854   0x00000034   Code   RO          974    i.DMA_ClearITPendingBit  stm32f4xx_dma.o
    0x08002888   0x08002888   0x00000016   Code   RO          975    i.DMA_Cmd           stm32f4xx_dma.o
    0x0800289e   0x0800289e   0x00000002   PAD
    0x080028a0   0x080028a0   0x00000158   Code   RO          976    i.DMA_DeInit        stm32f4xx_dma.o
    0x080029f8   0x080029f8   0x00000008   Code   RO          981    i.DMA_GetCurrDataCounter  stm32f4xx_dma.o
    0x08002a00   0x08002a00   0x00000044   Code   RO          984    i.DMA_GetFlagStatus  stm32f4xx_dma.o
    0x08002a44   0x08002a44   0x00000064   Code   RO          985    i.DMA_GetITStatus   stm32f4xx_dma.o
    0x08002aa8   0x08002aa8   0x0000003a   Code   RO          986    i.DMA_ITConfig      stm32f4xx_dma.o
    0x08002ae2   0x08002ae2   0x00000002   PAD
    0x08002ae4   0x08002ae4   0x00000058   Code   RO          987    i.DMA_Init          stm32f4xx_dma.o
    0x08002b3c   0x08002b3c   0x00000004   Code   RO          990    i.DMA_SetCurrDataCounter  stm32f4xx_dma.o
    0x08002b40   0x08002b40   0x00000002   Code   RO            4    i.DebugMon_Handler  stm32f4xx_it.o
    0x08002b42   0x08002b42   0x00000002   PAD
    0x08002b44   0x08002b44   0x0000003c   Code   RO         4008    i.F105_Rst          datareceivetask.o
    0x08002b80   0x08002b80   0x000000a4   Code   RO         4068    i.F405Can1Send      datasendtask.o
    0x08002c24   0x08002c24   0x00000050   Code   RO         4165    i.FrictionSpeedChoose  shoottask.o
    0x08002c74   0x08002c74   0x00000088   Code   RO         3529    i.FrictionWheel_Set  frictionwheel.o
    0x08002cfc   0x08002cfc   0x00000090   Code   RO         1450    i.GPIO_Init         stm32f4xx_gpio.o
    0x08002d8c   0x08002d8c   0x00000046   Code   RO         1451    i.GPIO_PinAFConfig  stm32f4xx_gpio.o
    0x08002dd2   0x08002dd2   0x00000012   Code   RO         1454    i.GPIO_ReadInputDataBit  stm32f4xx_gpio.o
    0x08002de4   0x08002de4   0x00000004   Code   RO         1457    i.GPIO_ResetBits    stm32f4xx_gpio.o
    0x08002de8   0x08002de8   0x00000004   Code   RO         1458    i.GPIO_SetBits      stm32f4xx_gpio.o
    0x08002dec   0x08002dec   0x00000024   Code   RO         3880    i.Get_CRC8_Check_Sum  algorithmofcrc.o
    0x08002e10   0x08002e10   0x00000078   Code   RO         4069    i.GimbalCan2Send    datasendtask.o
    0x08002e88   0x08002e88   0x00000260   Code   RO         4237    i.Gimbal_Act_Cal    gimbaltask.o
    0x080030e8   0x080030e8   0x000002d0   Code   RO         4238    i.Gimbal_Armor_Cal  gimbaltask.o
    0x080033b8   0x080033b8   0x000002d0   Code   RO         4239    i.Gimbal_Buff_Cal   gimbaltask.o
    0x08003688   0x08003688   0x00000120   Code   RO         4240    i.Gimbal_CurrentPid_Cal  gimbaltask.o
    0x080037a8   0x080037a8   0x0000023c   Code   RO         4241    i.Gimbal_DropShot_Cal  gimbaltask.o
    0x080039e4   0x080039e4   0x00000078   Code   RO         4242    i.Gimbal_Powerdown_Cal  gimbaltask.o
    0x08003a5c   0x08003a5c   0x000001f0   Code   RO         4243    i.Gimbal_SI_Cal     gimbaltask.o
    0x08003c4c   0x08003c4c   0x00000040   Code   RO         4244    i.Gimbal_task       gimbaltask.o
    0x08003c8c   0x08003c8c   0x00000004   Code   RO            5    i.HardFault_Handler  stm32f4xx_it.o
    0x08003c90   0x08003c90   0x00000024   Code   RO         3563    i.IWDG_Config       iwdg.o
    0x08003cb4   0x08003cb4   0x00000010   Code   RO         1774    i.IWDG_Enable       stm32f4xx_iwdg.o
    0x08003cc4   0x08003cc4   0x00000008   Code   RO         3564    i.IWDG_Feed         iwdg.o
    0x08003ccc   0x08003ccc   0x00000010   Code   RO         1776    i.IWDG_ReloadCounter  stm32f4xx_iwdg.o
    0x08003cdc   0x08003cdc   0x0000000c   Code   RO         1777    i.IWDG_SetPrescaler  stm32f4xx_iwdg.o
    0x08003ce8   0x08003ce8   0x0000000c   Code   RO         1778    i.IWDG_SetReload    stm32f4xx_iwdg.o
    0x08003cf4   0x08003cf4   0x0000000c   Code   RO         1779    i.IWDG_WriteAccessCmd  stm32f4xx_iwdg.o
    0x08003d00   0x08003d00   0x00000038   Code   RO          121    i.Infantry_Init     main.o
    0x08003d38   0x08003d38   0x000000e0   Code   RO         3849    i.KalmanFilter_Init  kalmanfilter.o
    0x08003e18   0x08003e18   0x00000004   Code   RO            6    i.MemManage_Handler  stm32f4xx_it.o
    0x08003e1c   0x08003e1c   0x00000030   Code   RO         3589    i.MicroSwConfigration  microsw.o
    0x08003e4c   0x08003e4c   0x0000001c   Code   RO         4340    i.ModeChoose_task   actiontask.o
    0x08003e68   0x08003e68   0x000004a8   Code   RO         4341    i.MouseKey_Act_Cal  actiontask.o
    0x08004310   0x08004310   0x00000048   Code   RO         4342    i.Mouse_Key_Process  actiontask.o
    0x08004358   0x08004358   0x00000050   Code   RO         3782    i.My_GPIO_Init      gpio.o
    0x080043a8   0x080043a8   0x00000002   Code   RO            7    i.NMI_Handler       stm32f4xx_it.o
    0x080043aa   0x080043aa   0x00000002   PAD
    0x080043ac   0x080043ac   0x00000078   Code   RO          352    i.NVIC_Init         misc.o
    0x08004424   0x08004424   0x0000006c   Code   RO          122    i.Offline_Check_task  main.o
    0x08004490   0x08004490   0x000002c8   Code   RO         4009    i.PCReceive         datareceivetask.o
    0x08004758   0x08004758   0x00000120   Code   RO         3828    i.PID_Calc          pid.o
    0x08004878   0x08004878   0x00000080   Code   RO         4166    i.Pid_BodanMotor_Init  shoottask.o
    0x080048f8   0x080048f8   0x000000a8   Code   RO         3939    i.Pid_ChassisPosition_Init  chassistask.o
    0x080049a0   0x080049a0   0x00000080   Code   RO         4245    i.Pid_PitchGyroPosSpeed_Init  gimbaltask.o
    0x08004a20   0x08004a20   0x00000088   Code   RO         4246    i.Pid_PitchMotorPos_GyroSpeed_Init  gimbaltask.o
    0x08004aa8   0x08004aa8   0x00000080   Code   RO         4247    i.Pid_YawGyroPosSpeed_Init  gimbaltask.o
    0x08004b28   0x08004b28   0x00000088   Code   RO         4248    i.Pid_YawMotorPos_GyroSpeed_Init  gimbaltask.o
    0x08004bb0   0x08004bb0   0x00000028   Code   RO         4343    i.Powerdown_Process  actiontask.o
    0x08004bd8   0x08004bd8   0x00000020   Code   RO         1824    i.RCC_AHB1PeriphClockCmd  stm32f4xx_rcc.o
    0x08004bf8   0x08004bf8   0x00000020   Code   RO         1833    i.RCC_APB1PeriphClockCmd  stm32f4xx_rcc.o
    0x08004c18   0x08004c18   0x00000020   Code   RO         1835    i.RCC_APB1PeriphResetCmd  stm32f4xx_rcc.o
    0x08004c38   0x08004c38   0x00000020   Code   RO         1836    i.RCC_APB2PeriphClockCmd  stm32f4xx_rcc.o
    0x08004c58   0x08004c58   0x000000e8   Code   RO         1845    i.RCC_GetClocksFreq  stm32f4xx_rcc.o
    0x08004d40   0x08004d40   0x00000048   Code   RO         4010    i.RC_Rst            datareceivetask.o
    0x08004d88   0x08004d88   0x000001c0   Code   RO         4011    i.RemoteReceive     datareceivetask.o
    0x08004f48   0x08004f48   0x00000074   Code   RO         4344    i.Remote_Process    actiontask.o
    0x08004fbc   0x08004fbc   0x00000044   Code   RO         4345    i.SetInputMode      actiontask.o
    0x08005000   0x08005000   0x000000ec   Code   RO          308    i.SetSysClock       system_stm32f4xx.o
    0x080050ec   0x080050ec   0x000000cc   Code   RO         4167    i.Shoot_Check_Cal   shoottask.o
    0x080051b8   0x080051b8   0x000000b0   Code   RO         4168    i.Shoot_Fire_Cal    shoottask.o
    0x08005268   0x08005268   0x0000003c   Code   RO         4169    i.Shoot_Powerdown_Cal  shoottask.o
    0x080052a4   0x080052a4   0x000000b4   Code   RO         4170    i.Shoot_Test_Cal    shoottask.o
    0x08005358   0x08005358   0x000000cc   Code   RO         4172    i.Shoot_task        shoottask.o
    0x08005424   0x08005424   0x000000b4   Code   RO         4346    i.Status_Act        actiontask.o
    0x080054d8   0x080054d8   0x000000a4   Code   RO         3609    i.SteeringEngine_Configuration  steeringengine.o
    0x0800557c   0x0800557c   0x00000038   Code   RO         3610    i.SteeringEngine_Set  steeringengine.o
    0x080055b4   0x080055b4   0x00000008   Code   RO            8    i.SysTick_Handler   stm32f4xx_it.o
    0x080055bc   0x080055bc   0x00000068   Code   RO          310    i.SystemInit        system_stm32f4xx.o
    0x08005624   0x08005624   0x00000076   Code   RO          123    i.System_Config     main.o
    0x0800569a   0x0800569a   0x00000002   PAD
    0x0800569c   0x0800569c   0x0000004c   Code   RO          124    i.System_Init       main.o
    0x080056e8   0x080056e8   0x0000001c   Code   RO         3639    i.TIM4_IRQHandler   tim4.o
    0x08005704   0x08005704   0x00000060   Code   RO         3668    i.TIM7_Configuration  tim7.o
    0x08005764   0x08005764   0x00000028   Code   RO         3669    i.TIM7_IRQHandler   tim7.o
    0x0800578c   0x0800578c   0x00000018   Code   RO         2640    i.TIM_ARRPreloadConfig  stm32f4xx_tim.o
    0x080057a4   0x080057a4   0x00000006   Code   RO         2646    i.TIM_ClearFlag     stm32f4xx_tim.o
    0x080057aa   0x080057aa   0x00000006   Code   RO         2647    i.TIM_ClearITPendingBit  stm32f4xx_tim.o
    0x080057b0   0x080057b0   0x00000018   Code   RO         2652    i.TIM_Cmd           stm32f4xx_tim.o
    0x080057c8   0x080057c8   0x0000001e   Code   RO         2654    i.TIM_CtrlPWMOutputs  stm32f4xx_tim.o
    0x080057e6   0x080057e6   0x00000012   Code   RO         2655    i.TIM_DMACmd        stm32f4xx_tim.o
    0x080057f8   0x080057f8   0x00000022   Code   RO         2673    i.TIM_GetITStatus   stm32f4xx_tim.o
    0x0800581a   0x0800581a   0x00000012   Code   RO         2677    i.TIM_ITConfig      stm32f4xx_tim.o
    0x0800582c   0x0800582c   0x0000007c   Code   RO         2681    i.TIM_OC1Init       stm32f4xx_tim.o
    0x080058a8   0x080058a8   0x00000012   Code   RO         2684    i.TIM_OC1PreloadConfig  stm32f4xx_tim.o
    0x080058ba   0x080058ba   0x00000002   PAD
    0x080058bc   0x080058bc   0x000000a4   Code   RO         2686    i.TIM_OC2Init       stm32f4xx_tim.o
    0x08005960   0x08005960   0x0000001a   Code   RO         2689    i.TIM_OC2PreloadConfig  stm32f4xx_tim.o
    0x0800597a   0x0800597a   0x00000002   PAD
    0x0800597c   0x0800597c   0x00000078   Code   RO         2696    i.TIM_OC4Init       stm32f4xx_tim.o
    0x080059f4   0x080059f4   0x0000001a   Code   RO         2698    i.TIM_OC4PreloadConfig  stm32f4xx_tim.o
    0x08005a0e   0x08005a0e   0x00000004   Code   RO         2714    i.TIM_SetCompare1   stm32f4xx_tim.o
    0x08005a12   0x08005a12   0x00000004   Code   RO         2715    i.TIM_SetCompare2   stm32f4xx_tim.o
    0x08005a16   0x08005a16   0x00000004   Code   RO         2716    i.TIM_SetCompare3   stm32f4xx_tim.o
    0x08005a1a   0x08005a1a   0x00000004   Code   RO         2717    i.TIM_SetCompare4   stm32f4xx_tim.o
    0x08005a1e   0x08005a1e   0x00000002   PAD
    0x08005a20   0x08005a20   0x00000084   Code   RO         2724    i.TIM_TimeBaseInit  stm32f4xx_tim.o
    0x08005aa4   0x08005aa4   0x0000001c   Code   RO         4070    i.TX2_task          datasendtask.o
    0x08005ac0   0x08005ac0   0x00000290   Code   RO         4249    i.T_change          gimbaltask.o
    0x08005d50   0x08005d50   0x000000f0   Code   RO         3640    i.Tim4_Configuration  tim4.o
    0x08005e40   0x08005e40   0x00000054   Code   RO         4347    i.Tx2_Off_Test      actiontask.o
    0x08005e94   0x08005e94   0x00000128   Code   RO         3700    i.USART1_Configuration  usart1.o
    0x08005fbc   0x08005fbc   0x0000005c   Code   RO         3701    i.USART1_IRQHandler  usart1.o
    0x08006018   0x08006018   0x000001a0   Code   RO         3752    i.USART6_Configuration  usart6.o
    0x080061b8   0x080061b8   0x00000194   Code   RO         4072    i.USART6_SendtoPC   datasendtask.o
    0x0800634c   0x0800634c   0x00000018   Code   RO         3202    i.USART_Cmd         stm32f4xx_usart.o
    0x08006364   0x08006364   0x00000012   Code   RO         3203    i.USART_DMACmd      stm32f4xx_usart.o
    0x08006376   0x08006376   0x00000054   Code   RO         3206    i.USART_GetITStatus  stm32f4xx_usart.o
    0x080063ca   0x080063ca   0x0000004a   Code   RO         3208    i.USART_ITConfig    stm32f4xx_usart.o
    0x08006414   0x08006414   0x000000d4   Code   RO         3209    i.USART_Init        stm32f4xx_usart.o
    0x080064e8   0x080064e8   0x00000004   Code   RO            9    i.UsageFault_Handler  stm32f4xx_it.o
    0x080064ec   0x080064ec   0x00000038   Code   RO         3882    i.Verify_CRC8_Check_Sum  algorithmofcrc.o
    0x08006524   0x08006524   0x000000c8   Code   RO         4127    i.ZeroCheck         zerochecktask.o
    0x080065ec   0x080065ec   0x00000108   Code   RO         4128    i.ZeroCheck_Init    zerochecktask.o
    0x080066f4   0x080066f4   0x0000010c   Code   RO         4129    i.ZeroCheck_cal     zerochecktask.o
    0x08006800   0x08006800   0x00000028   Code   RO         5605    i.__0sprintf$3      mc_w.l(printf3.o)
    0x08006828   0x08006828   0x00000030   Code   RO         5872    i.__ARM_fpclassify  m_wm.l(fpclassify.o)
    0x08006858   0x08006858   0x000000c8   Code   RO         5461    i.__hardfp_cos      m_wm.l(cos.o)
    0x08006920   0x08006920   0x000000e0   Code   RO         5473    i.__hardfp_round    m_wm.l(round.o)
    0x08006a00   0x08006a00   0x000000c8   Code   RO         5477    i.__hardfp_sin      m_wm.l(sin.o)
    0x08006ac8   0x08006ac8   0x00000080   Code   RO         5489    i.__hardfp_tan      m_wm.l(tan.o)
    0x08006b48   0x08006b48   0x00000438   Code   RO         5804    i.__ieee754_rem_pio2  m_wm.l(rred.o)
    0x08006f80   0x08006f80   0x00000170   Code   RO         5787    i.__kernel_cos      m_wm.l(cos_i.o)
    0x080070f0   0x080070f0   0x000000f8   Code   RO         5874    i.__kernel_poly     m_wm.l(poly.o)
    0x080071e8   0x080071e8   0x00000130   Code   RO         5809    i.__kernel_sin      m_wm.l(sin_i.o)
    0x08007318   0x08007318   0x00000350   Code   RO         5815    i.__kernel_tan      m_wm.l(tan_i.o)
    0x08007668   0x08007668   0x00000014   Code   RO         5791    i.__mathlib_dbl_infnan  m_wm.l(dunder.o)
    0x0800767c   0x0800767c   0x00000004   PAD
    0x08007680   0x08007680   0x00000020   Code   RO         5793    i.__mathlib_dbl_invalid  m_wm.l(dunder.o)
    0x080076a0   0x080076a0   0x00000020   Code   RO         5796    i.__mathlib_dbl_underflow  m_wm.l(dunder.o)
    0x080076c0   0x080076c0   0x0000000e   Code   RO         5886    i.__scatterload_copy  mc_w.l(handlers.o)
    0x080076ce   0x080076ce   0x00000002   Code   RO         5887    i.__scatterload_null  mc_w.l(handlers.o)
    0x080076d0   0x080076d0   0x0000000e   Code   RO         5888    i.__scatterload_zeroinit  mc_w.l(handlers.o)
    0x080076de   0x080076de   0x00000002   PAD
    0x080076e0   0x080076e0   0x0000000c   Code   RO         5844    i.__set_errno       mc_w.l(errno.o)
    0x080076ec   0x080076ec   0x000001b8   Code   RO         5610    i._printf_core      mc_w.l(printf3.o)
    0x080078a4   0x080078a4   0x0000000a   Code   RO         5612    i._sputc            mc_w.l(printf3.o)
    0x080078ae   0x080078ae   0x0000001c   Code   RO          125    i.delay_ms          main.o
    0x080078ca   0x080078ca   0x00000002   PAD
    0x080078cc   0x080078cc   0x0000006c   Code   RO         4789    i.eTaskGetState     tasks.o
    0x08007938   0x08007938   0x00000018   Code   RO         5868    i.fabs              m_wm.l(fabs.o)
    0x08007950   0x08007950   0x0000015c   Code   RO         4250    i.get_F             gimbaltask.o
    0x08007aac   0x08007aac   0x00000014   Code   RO          127    i.main              main.o
    0x08007ac0   0x08007ac0   0x00000098   Code   RO         4791    i.prvAddCurrentTaskToDelayedList  tasks.o
    0x08007b58   0x08007b58   0x000000b8   Code   RO         4792    i.prvAddNewTaskToReadyList  tasks.o
    0x08007c10   0x08007c10   0x00000064   Code   RO         4793    i.prvCheckTasksWaitingTermination  tasks.o
    0x08007c74   0x08007c74   0x00000012   Code   RO         4794    i.prvDeleteTCB      tasks.o
    0x08007c86   0x08007c86   0x00000002   PAD
    0x08007c88   0x08007c88   0x0000007c   Code   RO         5158    i.prvHeapInit       heap_4.o
    0x08007d04   0x08007d04   0x00000028   Code   RO         4795    i.prvIdleTask       tasks.o
    0x08007d2c   0x08007d2c   0x00000090   Code   RO         4796    i.prvInitialiseNewTask  tasks.o
    0x08007dbc   0x08007dbc   0x00000068   Code   RO         4797    i.prvInitialiseTaskLists  tasks.o
    0x08007e24   0x08007e24   0x00000068   Code   RO         5159    i.prvInsertBlockIntoFreeList  heap_4.o
    0x08007e8c   0x08007e8c   0x0000006a   Code   RO         4798    i.prvListTasksWithinSingleList  tasks.o
    0x08007ef6   0x08007ef6   0x00000002   PAD
    0x08007ef8   0x08007ef8   0x00000034   Code   RO         4799    i.prvResetNextTaskUnblockTime  tasks.o
    0x08007f2c   0x08007f2c   0x00000016   Code   RO         4800    i.prvTaskCheckFreeStackSpace  tasks.o
    0x08007f42   0x08007f42   0x00000016   Code   RO         5216    i.prvTaskExitError  port.o
    0x08007f58   0x08007f58   0x0000002a   Code   RO         4802    i.prvWriteNameToBuffer  tasks.o
    0x08007f82   0x08007f82   0x00000002   PAD
    0x08007f84   0x08007f84   0x000000d0   Code   RO         5160    i.pvPortMalloc      heap_4.o
    0x08008054   0x08008054   0x0000002c   Code   RO         5217    i.pxPortInitialiseStack  port.o
    0x08008080   0x08008080   0x0000002c   Code   RO         4408    i.startTast         start_task.o
    0x080080ac   0x080080ac   0x00000144   Code   RO         4409    i.start_task        start_task.o
    0x080081f0   0x080081f0   0x00000028   Code   RO         4572    i.uxListRemove      list.o
    0x08008218   0x08008218   0x00000028   Code   RO         4805    i.uxTaskGetStackHighWaterMark  tasks.o
    0x08008240   0x08008240   0x000000b8   Code   RO         4806    i.uxTaskGetSystemState  tasks.o
    0x080082f8   0x080082f8   0x0000001a   Code   RO         4573    i.vListInitialise   list.o
    0x08008312   0x08008312   0x00000006   Code   RO         4574    i.vListInitialiseItem  list.o
    0x08008318   0x08008318   0x00000034   Code   RO         4575    i.vListInsert       list.o
    0x0800834c   0x0800834c   0x00000018   Code   RO         4576    i.vListInsertEnd    list.o
    0x08008364   0x08008364   0x00000024   Code   RO         5219    i.vPortEnterCritical  port.o
    0x08008388   0x08008388   0x00000020   Code   RO         5220    i.vPortExitCritical  port.o
    0x080083a8   0x080083a8   0x00000048   Code   RO         5161    i.vPortFree         heap_4.o
    0x080083f0   0x080083f0   0x00000020   Code   RO         5221    i.vPortSetupTimerInterrupt  port.o
    0x08008410   0x08008410   0x00000034   Code   RO         4811    i.vTaskDelay        tasks.o
    0x08008444   0x08008444   0x00000074   Code   RO         4812    i.vTaskDelayUntil   tasks.o
    0x080084b8   0x080084b8   0x000000cc   Code   RO         4813    i.vTaskDelete       tasks.o
    0x08008584   0x08008584   0x00000078   Code   RO         4815    i.vTaskGetInfo      tasks.o
    0x080085fc   0x080085fc   0x000000d4   Code   RO         4816    i.vTaskGetRunTimeStats  tasks.o
    0x080086d0   0x080086d0   0x000000e0   Code   RO         4817    i.vTaskList         tasks.o
    0x080087b0   0x080087b0   0x0000006c   Code   RO         4826    i.vTaskStartScheduler  tasks.o
    0x0800881c   0x0800881c   0x00000010   Code   RO         4828    i.vTaskSuspendAll   tasks.o
    0x0800882c   0x0800882c   0x000000a0   Code   RO         4829    i.vTaskSwitchContext  tasks.o
    0x080088cc   0x080088cc   0x00000048   Code   RO         5222    i.xPortStartScheduler  port.o
    0x08008914   0x08008914   0x00000034   Code   RO         5223    i.xPortSysTickHandler  port.o
    0x08008948   0x08008948   0x00000060   Code   RO         4831    i.xTaskCreate       tasks.o
    0x080089a8   0x080089a8   0x0000000c   Code   RO         4835    i.xTaskGetTickCount  tasks.o
    0x080089b4   0x080089b4   0x0000011c   Code   RO         4837    i.xTaskIncrementTick  tasks.o
    0x08008ad0   0x08008ad0   0x000000e8   Code   RO         4842    i.xTaskResumeAll    tasks.o
    0x08008bb8   0x08008bb8   0x00000301   Data   RO         3883    .constdata          algorithmofcrc.o
    0x08008eb9   0x08008eb9   0x00000007   PAD
    0x08008ec0   0x08008ec0   0x00000030   Data   RO         5788    .constdata          m_wm.l(cos_i.o)
    0x08008ef0   0x08008ef0   0x000000c8   Data   RO         5806    .constdata          m_wm.l(rred.o)
    0x08008fb8   0x08008fb8   0x00000028   Data   RO         5810    .constdata          m_wm.l(sin_i.o)
    0x08008fe0   0x08008fe0   0x00000060   Data   RO         5816    .constdata          m_wm.l(tan_i.o)
    0x08009040   0x08009040   0x00000020   Data   RO         5884    Region$$Table       anon$$obj.o


    Execution Region RW_IRAM1 (Exec base: 0x20000000, Load base: 0x08009060, Size: 0x000039f0, Max: 0x00020000, ABSOLUTE, COMPRESSED[0x00000084])

    Exec Addr    Load Addr    Size         Type   Attr      Idx    E Section Name        Object

    0x20000000   COMPRESSED   0x0000000c   Data   RW          129    .data               main.o
    0x2000000c   COMPRESSED   0x00000014   Data   RW          311    .data               system_stm32f4xx.o
    0x20000020   COMPRESSED   0x00000010   Data   RW         1877    .data               stm32f4xx_rcc.o
    0x20000030   COMPRESSED   0x00000082   Data   RW         3530    .data               frictionwheel.o
    0x200000b2   COMPRESSED   0x00000001   Data   RW         3611    .data               steeringengine.o
    0x200000b3   COMPRESSED   0x00000001   PAD
    0x200000b4   COMPRESSED   0x00000004   Data   RW         3641    .data               tim4.o
    0x200000b8   COMPRESSED   0x00000004   Data   RW         3670    .data               tim7.o
    0x200000bc   COMPRESSED   0x00000004   Data   RW         3703    .data               usart1.o
    0x200000c0   COMPRESSED   0x00000006   Data   RW         3754    .data               usart6.o
    0x200000c6   COMPRESSED   0x00000002   PAD
    0x200000c8   COMPRESSED   0x000000b8   Data   RW         3850    .data               kalmanfilter.o
    0x20000180   COMPRESSED   0x00000004   Data   RW         3884    .data               algorithmofcrc.o
    0x20000184   COMPRESSED   0x00000048   Data   RW         3942    .data               chassistask.o
    0x200001cc   COMPRESSED   0x00000034   Data   RW         4013    .data               datareceivetask.o
    0x20000200   COMPRESSED   0x00000014   Data   RW         4074    .data               datasendtask.o
    0x20000214   COMPRESSED   0x00000004   Data   RW         4131    .data               zerochecktask.o
    0x20000218   COMPRESSED   0x00000032   Data   RW         4174    .data               shoottask.o
    0x2000024a   COMPRESSED   0x00000002   PAD
    0x2000024c   COMPRESSED   0x00000060   Data   RW         4252    .data               gimbaltask.o
    0x200002ac   COMPRESSED   0x00000074   Data   RW         4349    .data               actiontask.o
    0x20000320   COMPRESSED   0x00000024   Data   RW         4411    .data               start_task.o
    0x20000344   COMPRESSED   0x00000044   Data   RW         4845    .data               tasks.o
    0x20000388   COMPRESSED   0x00000018   Data   RW         5166    .data               heap_4.o
    0x200003a0   COMPRESSED   0x00000004   Data   RW         5224    .data               port.o
    0x200003a4   COMPRESSED   0x00000004   Data   RW         5845    .data               mc_w.l(errno.o)
    0x200003a8        -       0x00000010   Zero   RW          128    .bss                main.o
    0x200003b8        -       0x00000012   Zero   RW         3702    .bss                usart1.o
    0x200003ca        -       0x00000050   Zero   RW         3753    .bss                usart6.o
    0x2000041a   COMPRESSED   0x00000002   PAD
    0x2000041c        -       0x000000b4   Zero   RW         3940    .bss                chassistask.o
    0x200004d0        -       0x00000144   Zero   RW         4012    .bss                datareceivetask.o
    0x20000614        -       0x00000014   Zero   RW         4073    .bss                datasendtask.o
    0x20000628        -       0x000000b8   Zero   RW         4130    .bss                zerochecktask.o
    0x200006e0        -       0x00000078   Zero   RW         4173    .bss                shoottask.o
    0x20000758        -       0x000001f0   Zero   RW         4251    .bss                gimbaltask.o
    0x20000948        -       0x00000014   Zero   RW         4348    .bss                actiontask.o
    0x2000095c        -       0x000001b0   Zero   RW         4410    .bss                start_task.o
    0x20000b0c        -       0x000002e4   Zero   RW         4844    .bss                tasks.o
    0x20000df0        -       0x00002800   Zero   RW         5165    .bss                heap_4.o
    0x200035f0        -       0x00000400   Zero   RW          343    STACK               startup_stm32f40_41xxx.o


==============================================================================

Image component sizes


      Code (inc. data)   RO Data    RW Data    ZI Data      Debug   Object Name

      1780        220          0        116         20       7839   actiontask.o
       128         12        769          4          0       3014   algorithmofcrc.o
       532         24          0          0          0       2506   can1.o
       544         24          0          0          0       2474   can2.o
      3668        310          0         72        180       6977   chassistask.o
      1652        126          0         52        324       5278   datareceivetask.o
       868         88          0         20         20       5033   datasendtask.o
         0          0          0          0          0       1472   event_groups.o
       248         42          0        130          0       1923   frictionwheel.o
      5120        692          0         96        496      11316   gimbaltask.o
        80          8          0          0          0        539   gpio.o
       508         62          0         24      10240       3959   heap_4.o
        44          0          0          0          0       1070   iwdg.o
       224          0          0        184          0       1276   kalmanfilter.o
       148          0          0          0          0       3334   list.o
       406         44          0         12         16      33618   main.o
        48          4          0          0          0        538   microsw.o
       120         14          0          0          0       1036   misc.o
       288          0          0          0          0        979   pid.o
       472         58          0          4          0       9712   port.o
      1188        212          0         50        120       5300   shoottask.o
       564        232          0         36        432       3096   start_task.o
        36          8        392          0       1024        848   startup_stm32f40_41xxx.o
       220         24          0          1          0       1596   steeringengine.o
      1654         22          0          0          0       7696   stm32f4xx_can.o
       796         86          0          0          0       7845   stm32f4xx_dma.o
       240          0          0          0          0       3607   stm32f4xx_gpio.o
        28          0          0          0          0     305907   stm32f4xx_it.o
        68         30          0          0          0       2650   stm32f4xx_iwdg.o
       360         42          0         16          0       5304   stm32f4xx_rcc.o
       786         56          0          0          0      12482   stm32f4xx_tim.o
       412          8          0          0          0       4389   stm32f4xx_usart.o
       340         32          0         20          0       1865   system_stm32f4xx.o
      3132        444          0         68        740      31388   tasks.o
       268         20          0          4          0       1505   tim4.o
       136         14          0          4          0       1629   tim7.o
       388         36          0          4         18       1941   usart1.o
       624         50          0          6         80       2464   usart6.o
       732        126          0          4        184       3056   zerochecktask.o

    ----------------------------------------------------------------------
     28880       3170       1200        932      13896     508461   Object Totals
         0          0         32          0          0          0   (incl. Generated)
        30          0          7          5          2          0   (incl. Padding)

    ----------------------------------------------------------------------

      Code (inc. data)   RO Data    RW Data    ZI Data      Debug   Library Member Name

         0          0          0          0          0      16316   arm_mat_add_f32.o
         8          0          0          0          0        843   arm_mat_init_f32.o
       276          0          0          0          0       1516   arm_mat_trans_f32.o
       200         20          0          0          0        164   cos.o
       368         46         48          0          0        200   cos_i.o
        84         16          0          0          0        372   dunder.o
        24          0          0          0          0        124   fabs.o
        48          0          0          0          0        124   fpclassify.o
       248          0          0          0          0        152   poly.o
       224         30          0          0          0        172   round.o
      1080        142        200          0          0        188   rred.o
       200         20          0          0          0        164   sin.o
       304         24         40          0          0        208   sin_i.o
       128         20          0          0          0        144   tan.o
       848         84         96          0          0        196   tan_i.o
        86          0          0          0          0          0   __dczerorl2.o
         0          0          0          0          0          0   entry.o
         0          0          0          0          0          0   entry10a.o
         0          0          0          0          0          0   entry11a.o
         8          4          0          0          0          0   entry2.o
         4          0          0          0          0          0   entry5.o
         0          0          0          0          0          0   entry7b.o
         0          0          0          0          0          0   entry8b.o
         8          4          0          0          0          0   entry9a.o
        12          6          0          4          0         68   errno.o
        30          0          0          0          0          0   handlers.o
        36          8          0          0          0         68   init.o
         0          0          0          0          0          0   iusefp.o
        30          0          0          0          0         68   llshl.o
        36          0          0          0          0         68   llsshr.o
        32          0          0          0          0         68   llushr.o
        36          0          0          0          0         68   memcpya.o
        36          0          0          0          0        108   memseta.o
       490         10          0          0          0        252   printf3.o
        18          0          0          0          0         68   strcpy.o
        14          0          0          0          0         68   strlen.o
        44          0          0          0          0         80   uidiv.o
        48          0          0          0          0         68   cdcmple.o
        48          0          0          0          0         68   cdrcmple.o
        56          0          0          0          0         88   d2f.o
       334          0          0          0          0        148   dadd.o
       222          0          0          0          0        100   ddiv.o
       186          0          0          0          0        176   depilogue.o
        62          0          0          0          0         80   dfixi.o
        34          0          0          0          0         76   dflti.o
        26          0          0          0          0         76   dfltui.o
       228          0          0          0          0         96   dmul.o
       136          4          0          0          0         92   drnd.o
        38          0          0          0          0         68   f2d.o
       110          0          0          0          0        168   fepilogue.o

    ----------------------------------------------------------------------
      6496        438        384          4          0      23171   Library Totals
         8          0          0          0          0          0   (incl. Padding)

    ----------------------------------------------------------------------

      Code (inc. data)   RO Data    RW Data    ZI Data      Debug   Library Name

       284          0          0          0          0      18675   arm_cortexM4lf_math.lib
      3756        402        384          0          0       2208   m_wm.l
       920         32          0          4          0        984   mc_w.l
      1528          4          0          0          0       1304   mf_w.l

    ----------------------------------------------------------------------
      6496        438        384          4          0      23171   Library Totals

    ----------------------------------------------------------------------

==============================================================================


      Code (inc. data)   RO Data    RW Data    ZI Data      Debug   

     35376       3608       1584        936      13896     509820   Grand Totals
     35376       3608       1584        132      13896     509820   ELF Image Totals (compressed)
     35376       3608       1584        132          0          0   ROM Totals

==============================================================================

    Total RO  Size (Code + RO Data)                36960 (  36.09kB)
    Total RW  Size (RW Data + ZI Data)             14832 (  14.48kB)
    Total ROM Size (Code + RO Data + RW Data)      37092 (  36.22kB)

==============================================================================

