Component: ARM Compiler 5.06 update 6 (build 750) Tool: armlink [4d35ed]

==============================================================================

Section Cross References

    main.o(i.Offline_Check_task) refers to datareceivetask.o(i.F405_Rst) for F405_Rst
    main.o(i.Offline_Check_task) refers to iwdg.o(i.IWDG_Feed) for IWDG_Feed
    main.o(i.Offline_Check_task) refers to tasks.o(i.vTaskDelay) for vTaskDelay
    main.o(i.Offline_Check_task) refers to tasks.o(i.uxTaskGetStackHighWaterMark) for uxTaskGetStackHighWaterMark
    main.o(i.Offline_Check_task) refers to datareceivetask.o(.data) for F405_DisConnect
    main.o(i.Offline_Check_task) refers to main.o(.data) for Offline_Check_high_water
    main.o(i.System_Config) refers to adc.o(i.ADC_Configuration) for ADC_Configuration
    main.o(i.System_Config) refers to dac.o(i.DAC1_Init) for DAC1_Init
    main.o(i.System_Config) refers to can1.o(i.CAN1_Configuration) for CAN1_Configuration
    main.o(i.System_Config) refers to can2.o(i.CAN2_Configuration) for CAN2_Configuration
    main.o(i.System_Config) refers to usart2.o(i.USART2_Configuration) for USART2_Configuration
    main.o(i.System_Config) refers to uart4.o(i.UART4_Configuration) for UART4_Configuration
    main.o(i.System_Config) refers to tim2.o(i.TIM2_Configuration) for TIM2_Configuration
    main.o(i.System_Config) refers to tim4.o(i.TIM4_Configuration) for TIM4_Configuration
    main.o(i.System_Config) refers to iwdg.o(i.IWDG_Config) for IWDG_Config
    main.o(i.System_Config) refers to i2c.o(i.i2c_init) for i2c_init
    main.o(i.System_Config) refers to powercontroltask.o(i.ChargeIO_Configuration) for ChargeIO_Configuration
    main.o(i.System_Config) refers to stm32f10x_gpio.o(i.GPIO_ResetBits) for GPIO_ResetBits
    main.o(i.System_Config) refers to tim2.o(i.delay_ms) for delay_ms
    main.o(i.System_Init) refers to powercontroltask.o(i.Pid_ChargeCal_Init) for Pid_ChargeCal_Init
    main.o(i.System_Init) refers to chassistask.o(i.Pid_ChassisWheelInit) for Pid_ChassisWheelInit
    main.o(i.System_Init) refers to chassistask.o(i.Chassis_Power_Control_Init) for Chassis_Power_Control_Init
    main.o(i.main) refers to main.o(i.System_Config) for System_Config
    main.o(i.main) refers to main.o(i.System_Init) for System_Init
    main.o(i.main) refers to starttask.o(i.startTast) for startTast
    main.o(i.main) refers to tasks.o(i.vTaskStartScheduler) for vTaskStartScheduler
    system_stm32f10x.o(i.SetSysClock) refers to system_stm32f10x.o(i.SetSysClockTo72) for SetSysClockTo72
    system_stm32f10x.o(i.SystemInit) refers to system_stm32f10x.o(i.SetSysClock) for SetSysClock
    stm32f10x_it.o(i.SysTick_Handler) refers to port.o(i.xPortSysTickHandler) for xPortSysTickHandler
    startup_stm32f10x_cl.o(STACK) refers (Special) to heapauxi.o(.text) for __use_two_region_memory
    startup_stm32f10x_cl.o(HEAP) refers (Special) to heapauxi.o(.text) for __use_two_region_memory
    startup_stm32f10x_cl.o(RESET) refers (Special) to heapauxi.o(.text) for __use_two_region_memory
    startup_stm32f10x_cl.o(RESET) refers to startup_stm32f10x_cl.o(STACK) for __initial_sp
    startup_stm32f10x_cl.o(RESET) refers to startup_stm32f10x_cl.o(.text) for Reset_Handler
    startup_stm32f10x_cl.o(RESET) refers to stm32f10x_it.o(i.NMI_Handler) for NMI_Handler
    startup_stm32f10x_cl.o(RESET) refers to stm32f10x_it.o(i.HardFault_Handler) for HardFault_Handler
    startup_stm32f10x_cl.o(RESET) refers to stm32f10x_it.o(i.MemManage_Handler) for MemManage_Handler
    startup_stm32f10x_cl.o(RESET) refers to stm32f10x_it.o(i.BusFault_Handler) for BusFault_Handler
    startup_stm32f10x_cl.o(RESET) refers to stm32f10x_it.o(i.UsageFault_Handler) for UsageFault_Handler
    startup_stm32f10x_cl.o(RESET) refers to port.o(.emb_text) for SVC_Handler
    startup_stm32f10x_cl.o(RESET) refers to stm32f10x_it.o(i.DebugMon_Handler) for DebugMon_Handler
    startup_stm32f10x_cl.o(RESET) refers to stm32f10x_it.o(i.SysTick_Handler) for SysTick_Handler
    startup_stm32f10x_cl.o(RESET) refers to can1.o(i.CAN1_RX0_IRQHandler) for CAN1_RX0_IRQHandler
    startup_stm32f10x_cl.o(RESET) refers to tim2.o(i.TIM2_IRQHandler) for TIM2_IRQHandler
    startup_stm32f10x_cl.o(RESET) refers to tim4.o(i.TIM4_IRQHandler) for TIM4_IRQHandler
    startup_stm32f10x_cl.o(RESET) refers to uart4.o(i.DMA2_Channel3_IRQHandler) for DMA2_Channel3_IRQHandler
    startup_stm32f10x_cl.o(RESET) refers to uart4.o(i.DMA2_Channel5_IRQHandler) for DMA2_Channel5_IRQHandler
    startup_stm32f10x_cl.o(RESET) refers to can2.o(i.CAN2_RX1_IRQHandler) for CAN2_RX1_IRQHandler
    startup_stm32f10x_cl.o(.text) refers (Special) to heapauxi.o(.text) for __use_two_region_memory
    startup_stm32f10x_cl.o(.text) refers to system_stm32f10x.o(i.SystemInit) for SystemInit
    startup_stm32f10x_cl.o(.text) refers to __main.o(!!!main) for __main
    startup_stm32f10x_cl.o(.text) refers to startup_stm32f10x_cl.o(HEAP) for Heap_Mem
[...]
    _printf_pre_padding                       - Undefined Weak Reference
    _printf_truncate_signed                   - Undefined Weak Reference
    _printf_truncate_unsigned                 - Undefined Weak Reference
    _rand_init                                - Undefined Weak Reference
    _signal_finish                            - Undefined Weak Reference
    _signal_init                              - Undefined Weak Reference
    _terminate_alloc                          - Undefined Weak Reference
    _terminate_user_alloc                     - Undefined Weak Reference
    _terminateio                              - Undefined Weak Reference
    __Vectors_Size                           0x00000150   Number         0  startup_stm32f10x_cl.o ABSOLUTE
    __Vectors                                0x08000000   Data           4  startup_stm32f10x_cl.o(RESET)
    __Vectors_End                            0x08000150   Data           0  startup_stm32f10x_cl.o(RESET)
    __main                                   0x08000151   Thumb Code     8  __main.o(!!!main)
    __scatterload                            0x08000159   Thumb Code     0  __scatter.o(!!!scatter)
    __scatterload_rt2                        0x08000159   Thumb Code    44  __scatter.o(!!!scatter)
    __scatterload_rt2_thumb_only             0x08000159   Thumb Code     0  __scatter.o(!!!scatter)
    __scatterload_null                       0x08000167   Thumb Code     0  __scatter.o(!!!scatter)
    __decompress                             0x0800018d   Thumb Code   100  __dclz77c.o(!!dclz77c)
    __decompress2                            0x0800018d   Thumb Code     0  __dclz77c.o(!!dclz77c)
    __scatterload_zeroinit                   0x080001f1   Thumb Code    28  __scatter_zi.o(!!handler_zi)
    __rt_lib_init                            0x0800020d   Thumb Code     0  libinit.o(.ARM.Collect$$libinit$$00000000)
    __rt_lib_init_alloca_1                   0x0800020f   Thumb Code     0  libinit2.o(.ARM.Collect$$libinit$$0000002E)
    __rt_lib_init_argv_1                     0x0800020f   Thumb Code     0  libinit2.o(.ARM.Collect$$libinit$$0000002C)
    __rt_lib_init_atexit_1                   0x0800020f   Thumb Code     0  libinit2.o(.ARM.Collect$$libinit$$0000001B)
    __rt_lib_init_clock_1                    0x0800020f   Thumb Code     0  libinit2.o(.ARM.Collect$$libinit$$00000021)
    __rt_lib_init_cpp_1                      0x0800020f   Thumb Code     0  libinit2.o(.ARM.Collect$$libinit$$00000032)
    __rt_lib_init_exceptions_1               0x0800020f   Thumb Code     0  libinit2.o(.ARM.Collect$$libinit$$00000030)
    __rt_lib_init_fp_1                       0x0800020f   Thumb Code     0  libinit2.o(.ARM.Collect$$libinit$$00000002)
    __rt_lib_init_fp_trap_1                  0x0800020f   Thumb Code     0  libinit2.o(.ARM.Collect$$libinit$$0000001F)
    __rt_lib_init_getenv_1                   0x0800020f   Thumb Code     0  libinit2.o(.ARM.Collect$$libinit$$00000023)
    __rt_lib_init_heap_1                     0x0800020f   Thumb Code     0  libinit2.o(.ARM.Collect$$libinit$$0000000A)
    __rt_lib_init_lc_collate_1               0x0800020f   Thumb Code     0  libinit2.o(.ARM.Collect$$libinit$$00000011)
    __rt_lib_init_lc_ctype_1                 0x0800020f   Thumb Code     0  libinit2.o(.ARM.Collect$$libinit$$00000013)
    __rt_lib_init_lc_monetary_1              0x0800020f   Thumb Code     0  libinit2.o(.ARM.Collect$$libinit$$00000015)
    __rt_lib_init_lc_numeric_1               0x0800020f   Thumb Code     0  libinit2.o(.ARM.Collect$$libinit$$00000017)
    __rt_lib_init_lc_time_1                  0x0800020f   Thumb Code     0  libinit2.o(.ARM.Collect$$libinit$$00000019)
    __rt_lib_init_preinit_1                  0x0800020f   Thumb Code     0  libinit2.o(.ARM.Collect$$libinit$$00000004)
    __rt_lib_init_rand_1                     0x0800020f   Thumb Code     0  libinit2.o(.ARM.Collect$$libinit$$0000000E)
    __rt_lib_init_return                     0x0800020f   Thumb Code     0  libinit2.o(.ARM.Collect$$libinit$$00000033)
    __rt_lib_init_signal_1                   0x0800020f   Thumb Code     0  libinit2.o(.ARM.Collect$$libinit$$0000001D)
    __rt_lib_init_stdio_1                    0x0800020f   Thumb Code     0  libinit2.o(.ARM.Collect$$libinit$$00000025)
    __rt_lib_init_user_alloc_1               0x0800020f   Thumb Code     0  libinit2.o(.ARM.Collect$$libinit$$0000000C)
    __rt_lib_shutdown                        0x08000211   Thumb Code     0  libshutdown.o(.ARM.Collect$$libshutdown$$00000000)
    __rt_lib_shutdown_cpp_1                  0x08000213   Thumb Code     0  libshutdown2.o(.ARM.Collect$$libshutdown$$00000002)
    __rt_lib_shutdown_fp_trap_1              0x08000213   Thumb Code     0  libshutdown2.o(.ARM.Collect$$libshutdown$$00000007)
    __rt_lib_shutdown_heap_1                 0x08000213   Thumb Code     0  libshutdown2.o(.ARM.Collect$$libshutdown$$0000000F)
    __rt_lib_shutdown_return                 0x08000213   Thumb Code     0  libshutdown2.o(.ARM.Collect$$libshutdown$$00000010)
    __rt_lib_shutdown_signal_1               0x08000213   Thumb Code     0  libshutdown2.o(.ARM.Collect$$libshutdown$$0000000A)
    __rt_lib_shutdown_stdio_1                0x08000213   Thumb Code     0  libshutdown2.o(.ARM.Collect$$libshutdown$$00000004)
    __rt_lib_shutdown_user_alloc_1           0x08000213   Thumb Code     0  libshutdown2.o(.ARM.Collect$$libshutdown$$0000000C)
    __rt_entry                               0x08000215   Thumb Code     0  __rtentry.o(.ARM.Collect$$rtentry$$00000000)
    __rt_entry_presh_1                       0x08000215   Thumb Code     0  __rtentry2.o(.ARM.Collect$$rtentry$$00000002)
    __rt_entry_sh                            0x08000215   Thumb Code     0  __rtentry4.o(.ARM.Collect$$rtentry$$00000004)
    __rt_entry_li                            0x0800021b   Thumb Code     0  __rtentry2.o(.ARM.Collect$$rtentry$$0000000A)
    __rt_entry_postsh_1                      0x0800021b   Thumb Code     0  __rtentry2.o(.ARM.Collect$$rtentry$$00000009)
    __rt_entry_main                          0x0800021f   Thumb Code     0  __rtentry2.o(.ARM.Collect$$rtentry$$0000000D)
    __rt_entry_postli_1                      0x0800021f   Thumb Code     0  __rtentry2.o(.ARM.Collect$$rtentry$$0000000C)
    __rt_exit                                0x08000227   Thumb Code     0  rtexit.o(.ARM.Collect$$rtexit$$00000000)
    __rt_exit_ls                             0x08000229   Thumb Code     0  rtexit2.o(.ARM.Collect$$rtexit$$00000003)
    __rt_exit_prels_1                        0x08000229   Thumb Code     0  rtexit2.o(.ARM.Collect$$rtexit$$00000002)
    __rt_exit_exit                           0x0800022d   Thumb Code     0  rtexit2.o(.ARM.Collect$$rtexit$$00000004)
    SVC_Handler                              0x08000235   Thumb Code    32  port.o(.emb_text)
    __asm___6_port_c_39a90d8d__prvStartFirstTask 0x08000259   Thumb Code    28  port.o(.emb_text)
    PendSV_Handler                           0x08000279   Thumb Code    72  port.o(.emb_text)
    vPortGetIPSR                             0x080002c5   Thumb Code     6  port.o(.emb_text)
    Reset_Handler                            0x080002cd   Thumb Code     8  startup_stm32f10x_cl.o(.text)
    ADC1_2_IRQHandler                        0x080002e7   Thumb Code     0  startup_stm32f10x_cl.o(.text)
    CAN1_RX1_IRQHandler                      0x080002e7   Thumb Code     0  startup_stm32f10x_cl.o(.text)
    CAN1_SCE_IRQHandler                      0x080002e7   Thumb Code     0  startup_stm32f10x_cl.o(.text)
    CAN1_TX_IRQHandler                       0x080002e7   Thumb Code     0  startup_stm32f10x_cl.o(.text)
    CAN2_RX0_IRQHandler                      0x080002e7   Thumb Code     0  startup_stm32f10x_cl.o(.text)
    CAN2_SCE_IRQHandler                      0x080002e7   Thumb Code     0  startup_stm32f10x_cl.o(.text)
    CAN2_TX_IRQHandler                       0x080002e7   Thumb Code     0  startup_stm32f10x_cl.o(.text)
    DMA1_Channel1_IRQHandler                 0x080002e7   Thumb Code     0  startup_stm32f10x_cl.o(.text)
    DMA1_Channel2_IRQHandler                 0x080002e7   Thumb Code     0  startup_stm32f10x_cl.o(.text)
    DMA1_Channel3_IRQHandler                 0x080002e7   Thumb Code     0  startup_stm32f10x_cl.o(.text)
    DMA1_Channel4_IRQHandler                 0x080002e7   Thumb Code     0  startup_stm32f10x_cl.o(.text)
    DMA1_Channel5_IRQHandler                 0x080002e7   Thumb Code     0  startup_stm32f10x_cl.o(.text)
    DMA1_Channel6_IRQHandler                 0x080002e7   Thumb Code     0  startup_stm32f10x_cl.o(.text)
    DMA1_Channel7_IRQHandler                 0x080002e7   Thumb Code     0  startup_stm32f10x_cl.o(.text)
    DMA2_Channel1_IRQHandler                 0x080002e7   Thumb Code     0  startup_stm32f10x_cl.o(.text)
    DMA2_Channel2_IRQHandler                 0x080002e7   Thumb Code     0  startup_stm32f10x_cl.o(.text)
    DMA2_Channel4_IRQHandler                 0x080002e7   Thumb Code     0  startup_stm32f10x_cl.o(.text)
    ETH_IRQHandler                           0x080002e7   Thumb Code     0  startup_stm32f10x_cl.o(.text)
    ETH_WKUP_IRQHandler                      0x080002e7   Thumb Code     0  startup_stm32f10x_cl.o(.text)
    EXTI0_IRQHandler                         0x080002e7   Thumb Code     0  startup_stm32f10x_cl.o(.text)
    EXTI15_10_IRQHandler                     0x080002e7   Thumb Code     0  startup_stm32f10x_cl.o(.text)
    EXTI1_IRQHandler                         0x080002e7   Thumb Code     0  startup_stm32f10x_cl.o(.text)
    EXTI2_IRQHandler                         0x080002e7   Thumb Code     0  startup_stm32f10x_cl.o(.text)
    EXTI3_IRQHandler                         0x080002e7   Thumb Code     0  startup_stm32f10x_cl.o(.text)
    EXTI4_IRQHandler                         0x080002e7   Thumb Code     0  startup_stm32f10x_cl.o(.text)
    EXTI9_5_IRQHandler                       0x080002e7   Thumb Code     0  startup_stm32f10x_cl.o(.text)
    FLASH_IRQHandler                         0x080002e7   Thumb Code     0  startup_stm32f10x_cl.o(.text)
    I2C1_ER_IRQHandler                       0x080002e7   Thumb Code     0  startup_stm32f10x_cl.o(.text)
    I2C1_EV_IRQHandler                       0x080002e7   Thumb Code     0  startup_stm32f10x_cl.o(.text)
    I2C2_ER_IRQHandler                       0x080002e7   Thumb Code     0  startup_stm32f10x_cl.o(.text)
    I2C2_EV_IRQHandler                       0x080002e7   Thumb Code     0  startup_stm32f10x_cl.o(.text)
    OTG_FS_IRQHandler                        0x080002e7   Thumb Code     0  startup_stm32f10x_cl.o(.text)
    OTG_FS_WKUP_IRQHandler                   0x080002e7   Thumb Code     0  startup_stm32f10x_cl.o(.text)
    PVD_IRQHandler                           0x080002e7   Thumb Code     0  startup_stm32f10x_cl.o(.text)
    RCC_IRQHandler                           0x080002e7   Thumb Code     0  startup_stm32f10x_cl.o(.text)
    RTCAlarm_IRQHandler                      0x080002e7   Thumb Code     0  startup_stm32f10x_cl.o(.text)
    RTC_IRQHandler                           0x080002e7   Thumb Code     0  startup_stm32f10x_cl.o(.text)
    SPI1_IRQHandler                          0x080002e7   Thumb Code     0  startup_stm32f10x_cl.o(.text)
    SPI2_IRQHandler                          0x080002e7   Thumb Code     0  startup_stm32f10x_cl.o(.text)
    SPI3_IRQHandler                          0x080002e7   Thumb Code     0  startup_stm32f10x_cl.o(.text)
    TAMPER_IRQHandler                        0x080002e7   Thumb Code     0  startup_stm32f10x_cl.o(.text)
    TIM1_BRK_IRQHandler                      0x080002e7   Thumb Code     0  startup_stm32f10x_cl.o(.text)
    TIM1_CC_IRQHandler                       0x080002e7   Thumb Code     0  startup_stm32f10x_cl.o(.text)
    TIM1_TRG_COM_IRQHandler                  0x080002e7   Thumb Code     0  startup_stm32f10x_cl.o(.text)
    TIM1_UP_IRQHandler                       0x080002e7   Thumb Code     0  startup_stm32f10x_cl.o(.text)
    TIM3_IRQHandler                          0x080002e7   Thumb Code     0  startup_stm32f10x_cl.o(.text)
    TIM5_IRQHandler                          0x080002e7   Thumb Code     0  startup_stm32f10x_cl.o(.text)
    TIM6_IRQHandler                          0x080002e7   Thumb Code     0  startup_stm32f10x_cl.o(.text)
    TIM7_IRQHandler                          0x080002e7   Thumb Code     0  startup_stm32f10x_cl.o(.text)
    UART4_IRQHandler                         0x080002e7   Thumb Code     0  startup_stm32f10x_cl.o(.text)
    UART5_IRQHandler                         0x080002e7   Thumb Code     0  startup_stm32f10x_cl.o(.text)
    USART1_IRQHandler                        0x080002e7   Thumb Code     0  startup_stm32f10x_cl.o(.text)
    USART2_IRQHandler                        0x080002e7   Thumb Code     0  startup_stm32f10x_cl.o(.text)
    USART3_IRQHandler                        0x080002e7   Thumb Code     0  startup_stm32f10x_cl.o(.text)
    WWDG_IRQHandler                          0x080002e7   Thumb Code     0  startup_stm32f10x_cl.o(.text)
    __user_initial_stackheap                 0x080002e9   Thumb Code     0  startup_stm32f10x_cl.o(.text)
    strcpy                                   0x0800030d   Thumb Code    72  strcpy.o(.text)
    strlen                                   0x08000355   Thumb Code    62  strlen.o(.text)
    __aeabi_memcpy                           0x08000393   Thumb Code     0  rt_memcpy_v6.o(.text)
    __rt_memcpy                              0x08000393   Thumb Code   138  rt_memcpy_v6.o(.text)
    _memcpy_lastbytes                        0x080003f9   Thumb Code     0  rt_memcpy_v6.o(.text)
    __aeabi_memset                           0x0800041d   Thumb Code    16  aeabi_memset.o(.text)
    __aeabi_memclr                           0x0800042d   Thumb Code     0  rt_memclr.o(.text)
    __rt_memclr                              0x0800042d   Thumb Code    68  rt_memclr.o(.text)
    _memset                                  0x08000431   Thumb Code     0  rt_memclr.o(.text)
    __use_two_region_memory                  0x08000471   Thumb Code     2  heapauxi.o(.text)
    __rt_heap_escrow$2region                 0x08000473   Thumb Code     2  heapauxi.o(.text)
    __rt_heap_expand$2region                 0x08000475   Thumb Code     2  heapauxi.o(.text)
    __aeabi_memcpy4                          0x08000477   Thumb Code     0  rt_memcpy_w.o(.text)
    __aeabi_memcpy8                          0x08000477   Thumb Code     0  rt_memcpy_w.o(.text)
    __rt_memcpy_w                            0x08000477   Thumb Code   100  rt_memcpy_w.o(.text)
    _memcpy_lastbytes_aligned                0x080004bf   Thumb Code     0  rt_memcpy_w.o(.text)
    __aeabi_memclr4                          0x080004db   Thumb Code     0  rt_memclr_w.o(.text)
    __aeabi_memclr8                          0x080004db   Thumb Code     0  rt_memclr_w.o(.text)
    __rt_memclr_w                            0x080004db   Thumb Code    78  rt_memclr_w.o(.text)
    _memset_w                                0x080004df   Thumb Code     0  rt_memclr_w.o(.text)
    __user_setup_stackheap                   0x08000529   Thumb Code    74  sys_stackheap_outer.o(.text)
    exit                                     0x08000573   Thumb Code    18  exit.o(.text)
    __user_libspace                          0x08000585   Thumb Code     8  libspace.o(.text)
    __user_perproc_libspace                  0x08000585   Thumb Code     0  libspace.o(.text)
    __user_perthread_libspace                0x08000585   Thumb Code     0  libspace.o(.text)
    _sys_exit                                0x0800058d   Thumb Code     8  sys_exit.o(.text)
    __I$use$semihosting                      0x08000599   Thumb Code     0  use_no_semi.o(.text)
    __use_no_semihosting_swi                 0x08000599   Thumb Code     2  use_no_semi.o(.text)
    ADC_Cmd                                  0x0800059b   Thumb Code    22  stm32f10x_adc.o(i.ADC_Cmd)
    __semihosting_library_function           0x0800059b   Thumb Code     0  indicate_semi.o(.text)
    ADC_Configuration                        0x080005b1   Thumb Code   298  adc.o(i.ADC_Configuration)
    ADC_DMACmd                               0x080006ed   Thumb Code    22  stm32f10x_adc.o(i.ADC_DMACmd)
    ADC_Filter                               0x08000705   Thumb Code   316  powercontroltask.o(i.ADC_Filter)
    ADC_GetCalibrationStatus                 0x08000885   Thumb Code    20  stm32f10x_adc.o(i.ADC_GetCalibrationStatus)
    ADC_GetResetCalibrationStatus            0x08000899   Thumb Code    20  stm32f10x_adc.o(i.ADC_GetResetCalibrationStatus)
    ADC_Init                                 0x080008ad   Thumb Code    70  stm32f10x_adc.o(i.ADC_Init)
    ADC_RegularChannelConfig                 0x080008fd   Thumb Code   184  stm32f10x_adc.o(i.ADC_RegularChannelConfig)
    ADC_ResetCalibration                     0x080009b5   Thumb Code    10  stm32f10x_adc.o(i.ADC_ResetCalibration)
    ADC_SoftwareStartConvCmd                 0x080009bf   Thumb Code    22  stm32f10x_adc.o(i.ADC_SoftwareStartConvCmd)
    ADC_StartCalibration                     0x080009d5   Thumb Code    10  stm32f10x_adc.o(i.ADC_StartCalibration)
    ADC_TempSensorVrefintCmd                 0x080009e1   Thumb Code    30  stm32f10x_adc.o(i.ADC_TempSensorVrefintCmd)
    Append_CRC16_Check_Sum                   0x08000a05   Thumb Code    44  algorithmofcrc.o(i.Append_CRC16_Check_Sum)
    Append_CRC8_Check_Sum                    0x08000a35   Thumb Code    36  algorithmofcrc.o(i.Append_CRC8_Check_Sum)
    BuildF105                                0x08000a59   Thumb Code    76  chassistask.o(i.BuildF105)
    BusFault_Handler                         0x08000aad   Thumb Code     4  stm32f10x_it.o(i.BusFault_Handler)
    CAN1_Configuration                       0x08000ab1   Thumb Code   266  can1.o(i.CAN1_Configuration)
    CAN1_RX0_IRQHandler                      0x08000bc5   Thumb Code    46  can1.o(i.CAN1_RX0_IRQHandler)
    CAN2_Configuration                       0x08000bfd   Thumb Code   250  can2.o(i.CAN2_Configuration)
    CAN2_RX1_IRQHandler                      0x08000d01   Thumb Code    38  can2.o(i.CAN2_RX1_IRQHandler)
    CAN_ClearITPendingBit                    0x08000d31   Thumb Code   162  stm32f10x_can.o(i.CAN_ClearITPendingBit)
    CAN_DeInit                               0x08000dd9   Thumb Code    50  stm32f10x_can.o(i.CAN_DeInit)
    CAN_FilterInit                           0x08000e11   Thumb Code   258  stm32f10x_can.o(i.CAN_FilterInit)
    CAN_GetITStatus                          0x08000f19   Thumb Code   284  stm32f10x_can.o(i.CAN_GetITStatus)
    CAN_ITConfig                             0x08001039   Thumb Code    18  stm32f10x_can.o(i.CAN_ITConfig)
    CAN_Init                                 0x0800104b   Thumb Code   276  stm32f10x_can.o(i.CAN_Init)
    CAN_Receive                              0x0800115f   Thumb Code   240  stm32f10x_can.o(i.CAN_Receive)
    CAN_StructInit                           0x0800124f   Thumb Code    32  stm32f10x_can.o(i.CAN_StructInit)
    CAN_Transmit                             0x0800126f   Thumb Code   294  stm32f10x_can.o(i.CAN_Transmit)
    CPU_task                                 0x08001395   Thumb Code    22  starttask.o(i.CPU_task)
    Can1Receive0                             0x080013b1   Thumb Code   182  datareceivetask.o(i.Can1Receive0)
    Can2Receive1                             0x0800146d   Thumb Code   252  datareceivetask.o(i.Can2Receive1)
    Can2Send0                                0x08001579   Thumb Code    70  datasendtask.o(i.Can2Send0)
    CharSendtask                             0x080015c5   Thumb Code    20  charsendtask.o(i.CharSendtask)
    Char_Change_Check                        0x080015dd   Thumb Code   198  charsendtask.o(i.Char_Change_Check)
    ChargeCal                                0x080016c9   Thumb Code   280  powercontroltask.o(i.ChargeCal)
    ChargeControl                            0x08001815   Thumb Code   234  powercontroltask.o(i.ChargeControl)
    ChargeIO_Configuration                   0x0800192d   Thumb Code    96  powercontroltask.o(i.ChargeIO_Configuration)
    Charge_Set                               0x08001995   Thumb Code   146  powercontroltask.o(i.Charge_Set)
    ChassisCan1Send                          0x08001a39   Thumb Code   180  datasendtask.o(i.ChassisCan1Send)
    Chassis_CurrentPid_Cal                   0x08001af5   Thumb Code   114  chassistask.o(i.Chassis_CurrentPid_Cal)
    Chassis_Power_Control_Init               0x08001b79   Thumb Code   534  chassistask.o(i.Chassis_Power_Control_Init)
    Chassis_Speed_Cal                        0x08001da9   Thumb Code   730  chassistask.o(i.Chassis_Speed_Cal)
    Chassis_task                             0x080020c9   Thumb Code   104  chassistask.o(i.Chassis_task)
    Current_Filter_Excu                      0x08002159   Thumb Code    46  chassistask.o(i.Current_Filter_Excu)
    Current_Set_Jump                         0x08002195   Thumb Code   148  chassistask.o(i.Current_Set_Jump)
    DAC1_Init                                0x08002239   Thumb Code   118  dac.o(i.DAC1_Init)
    DAC_Cmd                                  0x080022b5   Thumb Code    34  stm32f10x_dac.o(i.DAC_Cmd)
    DAC_Init                                 0x080022dd   Thumb Code    46  stm32f10x_dac.o(i.DAC_Init)
    DAC_SetChannel1Data                      0x08002311   Thumb Code    26  stm32f10x_dac.o(i.DAC_SetChannel1Data)
    DAC_SetChannel2Data                      0x08002331   Thumb Code    26  stm32f10x_dac.o(i.DAC_SetChannel2Data)
    DMA2_Channel3_IRQHandler                 0x08002351   Thumb Code    28  uart4.o(i.DMA2_Channel3_IRQHandler)
    DMA2_Channel5_IRQHandler                 0x08002375   Thumb Code    32  uart4.o(i.DMA2_Channel5_IRQHandler)
    DMA_ClearFlag                            0x0800239d   Thumb Code    18  stm32f10x_dma.o(i.DMA_ClearFlag)
    DMA_ClearITPendingBit                    0x080023b9   Thumb Code    18  stm32f10x_dma.o(i.DMA_ClearITPendingBit)
    DMA_Cmd                                  0x080023d5   Thumb Code    24  stm32f10x_dma.o(i.DMA_Cmd)
    DMA_DeInit                               0x080023ed   Thumb Code   324  stm32f10x_dma.o(i.DMA_DeInit)
    DMA_GetFlagStatus                        0x08002539   Thumb Code    36  stm32f10x_dma.o(i.DMA_GetFlagStatus)
    DMA_GetITStatus                          0x08002565   Thumb Code    36  stm32f10x_dma.o(i.DMA_GetITStatus)
    DMA_ITConfig                             0x08002591   Thumb Code    18  stm32f10x_dma.o(i.DMA_ITConfig)
    DMA_Init                                 0x080025a3   Thumb Code    60  stm32f10x_dma.o(i.DMA_Init)
    DebugMon_Handler                         0x080025df   Thumb Code     2  stm32f10x_it.o(i.DebugMon_Handler)
    F405_Rst                                 0x080025e1   Thumb Code    12  datareceivetask.o(i.F405_Rst)
    Fir                                      0x080025f1   Thumb Code   140  fir.o(i.Fir)
    GPIO_Init                                0x08002689   Thumb Code   278  stm32f10x_gpio.o(i.GPIO_Init)
    GPIO_ResetBits                           0x0800279f   Thumb Code     4  stm32f10x_gpio.o(i.GPIO_ResetBits)
    GPIO_SetBits                             0x080027a3   Thumb Code     4  stm32f10x_gpio.o(i.GPIO_SetBits)
    Get_CRC16_Check_Sum                      0x080027a9   Thumb Code    46  algorithmofcrc.o(i.Get_CRC16_Check_Sum)
    Get_CRC8_Check_Sum                       0x080027dd   Thumb Code    30  algorithmofcrc.o(i.Get_CRC8_Check_Sum)
    GraphicSendtask                          0x08002801   Thumb Code   106  graphicssendtask.o(i.GraphicSendtask)
    Graphic_Change_Check                     0x08002881   Thumb Code   364  graphicssendtask.o(i.Graphic_Change_Check)
    HardFault_Handler                        0x08002a25   Thumb Code     4  stm32f10x_it.o(i.HardFault_Handler)
    HeatControl                              0x08002a29   Thumb Code   252  chassistask.o(i.HeatControl)
    HeatUpdate                               0x08002b45   Thumb Code   158  chassistask.o(i.HeatUpdate)
    IIC_Ack                                  0x08002c05   Thumb Code    48  i2c.o(i.IIC_Ack)
    IIC_NAck                                 0x08002c3d   Thumb Code    48  i2c.o(i.IIC_NAck)
    IIC_Read_Byte                            0x08002c75   Thumb Code    66  i2c.o(i.IIC_Read_Byte)
    IIC_Send_Byte                            0x08002cc1   Thumb Code    86  i2c.o(i.IIC_Send_Byte)
    IIC_Start                                0x08002d21   Thumb Code    46  i2c.o(i.IIC_Start)
    IIC_Stop                                 0x08002d59   Thumb Code    44  i2c.o(i.IIC_Stop)
    IIC_Wait_Ack                             0x08002d8d   Thumb Code    64  i2c.o(i.IIC_Wait_Ack)
    INA260_Read                              0x08002dd5   Thumb Code    96  ina260.o(i.INA260_Read)
    INA_READ_Current                         0x08002e35   Thumb Code    92  ina260.o(i.INA_READ_Current)
    INA_READ_Power                           0x08002e9d   Thumb Code    52  ina260.o(i.INA_READ_Power)
    INA_READ_Vol                             0x08002ed9   Thumb Code    92  ina260.o(i.INA_READ_Vol)
    IWDG_Config                              0x08002f41   Thumb Code    36  iwdg.o(i.IWDG_Config)
    IWDG_Enable                              0x08002f65   Thumb Code    10  stm32f10x_iwdg.o(i.IWDG_Enable)
    IWDG_Feed                                0x08002f75   Thumb Code     8  iwdg.o(i.IWDG_Feed)
    IWDG_ReloadCounter                       0x08002f7d   Thumb Code    10  stm32f10x_iwdg.o(i.IWDG_ReloadCounter)
    IWDG_SetPrescaler                        0x08002f8d   Thumb Code     6  stm32f10x_iwdg.o(i.IWDG_SetPrescaler)
    IWDG_SetReload                           0x08002f99   Thumb Code     6  stm32f10x_iwdg.o(i.IWDG_SetReload)
    IWDG_WriteAccessCmd                      0x08002fa5   Thumb Code     6  stm32f10x_iwdg.o(i.IWDG_WriteAccessCmd)
    JudgeBuffReceive                         0x08002fb1   Thumb Code   474  datareceivetask.o(i.JudgeBuffReceive)
    JudgementCustomizeChar                   0x0800319d   Thumb Code   120  charsendtask.o(i.JudgementCustomizeChar)
    JudgementCustomizeGraphics               0x0800321d   Thumb Code   120  graphicssendtask.o(i.JudgementCustomizeGraphics)
    Load_Char_Init                           0x0800329d   Thumb Code   342  charsendtask.o(i.Load_Char_Init)
    MemManage_Handler                        0x08003419   Thumb Code     4  stm32f10x_it.o(i.MemManage_Handler)
    Method_Check                             0x0800341d   Thumb Code   216  chassistask.o(i.Method_Check)
    NMI_Handler                              0x0800351d   Thumb Code     2  stm32f10x_it.o(i.NMI_Handler)
    NVIC_Init                                0x08003521   Thumb Code   100  misc.o(i.NVIC_Init)
    Offline_Check_task                       0x08003591   Thumb Code    50  main.o(i.Offline_Check_task)
    PID_Calc                                 0x080035cd   Thumb Code   232  pid.o(i.PID_Calc)
    Pid_ChargeCal_Init                       0x080036b5   Thumb Code    22  powercontroltask.o(i.Pid_ChargeCal_Init)
    Pid_ChassisWheelInit                     0x080036dd   Thumb Code   188  chassistask.o(i.Pid_ChassisWheelInit)
    PowerControl_task                        0x080037c9   Thumb Code    40  powercontroltask.o(i.PowerControl_task)
    PowerLimit                               0x080037f5   Thumb Code   888  chassistask.o(i.PowerLimit)
    RCC_ADCCLKConfig                         0x08003bb9   Thumb Code    18  stm32f10x_rcc.o(i.RCC_ADCCLKConfig)
    RCC_AHBPeriphClockCmd                    0x08003bd1   Thumb Code    26  stm32f10x_rcc.o(i.RCC_AHBPeriphClockCmd)
    RCC_APB1PeriphClockCmd                   0x08003bf1   Thumb Code    26  stm32f10x_rcc.o(i.RCC_APB1PeriphClockCmd)
    RCC_APB1PeriphResetCmd                   0x08003c11   Thumb Code    26  stm32f10x_rcc.o(i.RCC_APB1PeriphResetCmd)
    RCC_APB2PeriphClockCmd                   0x08003c31   Thumb Code    26  stm32f10x_rcc.o(i.RCC_APB2PeriphClockCmd)
    RCC_APB2PeriphResetCmd                   0x08003c51   Thumb Code    26  stm32f10x_rcc.o(i.RCC_APB2PeriphResetCmd)
    RCC_GetClocksFreq                        0x08003c71   Thumb Code   374  stm32f10x_rcc.o(i.RCC_GetClocksFreq)
    SDA_IN                                   0x08003dfd   Thumb Code    40  i2c.o(i.SDA_IN)
    SDA_OUT                                  0x08003e29   Thumb Code    40  i2c.o(i.SDA_OUT)
    SysTick_Handler                          0x08003f41   Thumb Code     8  stm32f10x_it.o(i.SysTick_Handler)
    SystemInit                               0x08003f49   Thumb Code    68  system_stm32f10x.o(i.SystemInit)
    System_Config                            0x08003f99   Thumb Code   148  main.o(i.System_Config)
    System_Init                              0x0800403d   Thumb Code    16  main.o(i.System_Init)
    TIM2_Configuration                       0x0800404d   Thumb Code   106  tim2.o(i.TIM2_Configuration)
    TIM2_IRQHandler                          0x080040b9   Thumb Code    32  tim2.o(i.TIM2_IRQHandler)
    TIM4_Configuration                       0x080040dd   Thumb Code    92  tim4.o(i.TIM4_Configuration)
    TIM4_IRQHandler                          0x0800413d   Thumb Code    32  tim4.o(i.TIM4_IRQHandler)
    TIM_ClearFlag                            0x08004165   Thumb Code     6  stm32f10x_tim.o(i.TIM_ClearFlag)
    TIM_ClearITPendingBit                    0x0800416b   Thumb Code     6  stm32f10x_tim.o(i.TIM_ClearITPendingBit)
    TIM_Cmd                                  0x08004171   Thumb Code    24  stm32f10x_tim.o(i.TIM_Cmd)
    TIM_GetCounter                           0x08004189   Thumb Code     6  stm32f10x_tim.o(i.TIM_GetCounter)
    TIM_GetITStatus                          0x0800418f   Thumb Code    34  stm32f10x_tim.o(i.TIM_GetITStatus)
    TIM_ITConfig                             0x080041b1   Thumb Code    18  stm32f10x_tim.o(i.TIM_ITConfig)
    TIM_SetCounter                           0x080041c3   Thumb Code     4  stm32f10x_tim.o(i.TIM_SetCounter)
    TIM_TimeBaseInit                         0x080041c9   Thumb Code   122  stm32f10x_tim.o(i.TIM_TimeBaseInit)
    UART4_Configuration                      0x0800426d   Thumb Code   376  uart4.o(i.UART4_Configuration)
    USART2_Configuration                     0x080043f9   Thumb Code   160  usart2.o(i.USART2_Configuration)
    USART_ClearFlag                          0x080044a1   Thumb Code    18  stm32f10x_usart.o(i.USART_ClearFlag)
    USART_Cmd                                0x080044b3   Thumb Code    24  stm32f10x_usart.o(i.USART_Cmd)
    USART_DMACmd                             0x080044cb   Thumb Code    18  stm32f10x_usart.o(i.USART_DMACmd)
    USART_DeInit                             0x080044dd   Thumb Code   134  stm32f10x_usart.o(i.USART_DeInit)
    USART_GetFlagStatus                      0x08004579   Thumb Code    26  stm32f10x_usart.o(i.USART_GetFlagStatus)
    USART_Init                               0x08004595   Thumb Code   210  stm32f10x_usart.o(i.USART_Init)
    USART_SendData                           0x0800466d   Thumb Code     8  stm32f10x_usart.o(i.USART_SendData)
    UsageFault_Handler                       0x08004675   Thumb Code     4  stm32f10x_it.o(i.UsageFault_Handler)
    Verify_CRC16_Check_Sum                   0x08004679   Thumb Code    60  algorithmofcrc.o(i.Verify_CRC16_Check_Sum)
    Verify_CRC8_Check_Sum                    0x080046b9   Thumb Code    46  algorithmofcrc.o(i.Verify_CRC8_Check_Sum)
    delay_ms                                 0x080046e7   Thumb Code    54  tim2.o(i.delay_ms)
    i2c_init                                 0x0800471d   Thumb Code    50  i2c.o(i.i2c_init)
    main                                     0x08004755   Thumb Code    20  main.o(i.main)
    pvPortMalloc                             0x08004b95   Thumb Code   188  heap_4.o(i.pvPortMalloc)
    pxPortInitialiseStack                    0x08004c65   Thumb Code    30  port.o(i.pxPortInitialiseStack)
    referee_data_load_Graphic                0x08004c89   Thumb Code  4984  graphicssendtask.o(i.referee_data_load_Graphic)
    referee_data_load_String                 0x08006025   Thumb Code  2378  charsendtask.o(i.referee_data_load_String)
    referee_data_pack_handle                 0x08006999   Thumb Code   154  graphicssendtask.o(i.referee_data_pack_handle)
    startTast                                0x08006a41   Thumb Code    24  starttask.o(i.startTast)
    start_task                               0x08006a6d   Thumb Code   146  starttask.o(i.start_task)
    uxListRemove                             0x08006b95   Thumb Code    40  list.o(i.uxListRemove)
    uxTaskGetStackHighWaterMark              0x08006bbd   Thumb Code    34  tasks.o(i.uxTaskGetStackHighWaterMark)
    vListInitialise                          0x08006be5   Thumb Code    26  list.o(i.vListInitialise)
    vListInitialiseItem                      0x08006bff   Thumb Code     6  list.o(i.vListInitialiseItem)
    vListInsert                              0x08006c05   Thumb Code    52  list.o(i.vListInsert)
    vListInsertEnd                           0x08006c39   Thumb Code    24  list.o(i.vListInsertEnd)
    vPortEnterCritical                       0x08006c51   Thumb Code    30  port.o(i.vPortEnterCritical)
    vPortExitCritical                        0x08006c75   Thumb Code    28  port.o(i.vPortExitCritical)
    vPortFree                                0x08006c95   Thumb Code    64  heap_4.o(i.vPortFree)
    vPortSetupTimerInterrupt                 0x08006cdd   Thumb Code    26  port.o(i.vPortSetupTimerInterrupt)
    vTaskDelay                               0x08006cfd   Thumb Code    46  tasks.o(i.vTaskDelay)
    vTaskDelayUntil                          0x08006d31   Thumb Code   106  tasks.o(i.vTaskDelayUntil)
    vTaskDelete                              0x08006da5   Thumb Code   166  tasks.o(i.vTaskDelete)
    vTaskStartScheduler                      0x08006e71   Thumb Code    76  tasks.o(i.vTaskStartScheduler)
    vTaskSuspendAll                          0x08006edd   Thumb Code    12  tasks.o(i.vTaskSuspendAll)
    vTaskSwitchContext                       0x08006eed   Thumb Code   128  tasks.o(i.vTaskSwitchContext)
    xPortStartScheduler                      0x08006f8d   Thumb Code    42  port.o(i.xPortStartScheduler)
    xPortSysTickHandler                      0x08006fc1   Thumb Code    46  port.o(i.xPortSysTickHandler)
    xTaskCreate                              0x08006ff5   Thumb Code    96  tasks.o(i.xTaskCreate)
    xTaskGetTickCount                        0x08007055   Thumb Code     6  tasks.o(i.xTaskGetTickCount)
    xTaskIncrementTick                       0x08007061   Thumb Code   238  tasks.o(i.xTaskIncrementTick)
    xTaskResumeAll                           0x0800717d   Thumb Code   196  tasks.o(i.xTaskResumeAll)
    __aeabi_d2f                              0x08007265   Thumb Code     0  d2f.o(x$fpl$d2f)
    _d2f                                     0x08007265   Thumb Code    98  d2f.o(x$fpl$d2f)
    __aeabi_dadd                             0x080072c9   Thumb Code     0  daddsub_clz.o(x$fpl$dadd)
    _dadd                                    0x080072c9   Thumb Code   332  daddsub_clz.o(x$fpl$dadd)
    __aeabi_ddiv                             0x08007419   Thumb Code     0  ddiv.o(x$fpl$ddiv)
    _ddiv                                    0x08007419   Thumb Code   552  ddiv.o(x$fpl$ddiv)
    __aeabi_d2iz                             0x080076c9   Thumb Code     0  dfix.o(x$fpl$dfix)
    _dfix                                    0x080076c9   Thumb Code    94  dfix.o(x$fpl$dfix)
    __aeabi_dmul                             0x08007729   Thumb Code     0  dmul.o(x$fpl$dmul)
    _dmul                                    0x08007729   Thumb Code   332  dmul.o(x$fpl$dmul)
    __fpl_dnaninf                            0x0800787d   Thumb Code   156  dnaninf.o(x$fpl$dnaninf)
    __fpl_dretinf                            0x08007919   Thumb Code    12  dretinf.o(x$fpl$dretinf)
    __aeabi_drsub                            0x08007925   Thumb Code     0  daddsub_clz.o(x$fpl$drsb)
    _drsb                                    0x08007925   Thumb Code    22  daddsub_clz.o(x$fpl$drsb)
    __aeabi_dsub                             0x0800793d   Thumb Code     0  daddsub_clz.o(x$fpl$dsub)
    _dsub                                    0x0800793d   Thumb Code   464  daddsub_clz.o(x$fpl$dsub)
    __aeabi_f2d                              0x08007b11   Thumb Code     0  f2d.o(x$fpl$f2d)
    _f2d                                     0x08007b11   Thumb Code    86  f2d.o(x$fpl$f2d)
    __aeabi_fadd                             0x08007b69   Thumb Code     0  faddsub_clz.o(x$fpl$fadd)
    _fadd                                    0x08007b69   Thumb Code   196  faddsub_clz.o(x$fpl$fadd)
    __fpl_fcmp_Inf                           0x08007c2d   Thumb Code    24  fcmpi.o(x$fpl$fcmpinf)
    __aeabi_fdiv                             0x08007c45   Thumb Code     0  fdiv.o(x$fpl$fdiv)
    _fdiv                                    0x08007c45   Thumb Code   384  fdiv.o(x$fpl$fdiv)
    __aeabi_cfcmpeq                          0x08007dc9   Thumb Code     0  feqf.o(x$fpl$feqf)
    _fcmpeq                                  0x08007dc9   Thumb Code   104  feqf.o(x$fpl$feqf)
    __aeabi_f2iz                             0x08007e31   Thumb Code     0  ffix.o(x$fpl$ffix)
    _ffix                                    0x08007e31   Thumb Code    54  ffix.o(x$fpl$ffix)
    __aeabi_f2uiz                            0x08007e69   Thumb Code     0  ffixu.o(x$fpl$ffixu)
    _ffixu                                   0x08007e69   Thumb Code    62  ffixu.o(x$fpl$ffixu)
    __aeabi_i2f                              0x08007ea9   Thumb Code     0  fflt_clz.o(x$fpl$fflt)
    _fflt                                    0x08007ea9   Thumb Code    48  fflt_clz.o(x$fpl$fflt)
    __aeabi_ui2f                             0x08007ed9   Thumb Code     0  fflt_clz.o(x$fpl$ffltu)
    _ffltu                                   0x08007ed9   Thumb Code    38  fflt_clz.o(x$fpl$ffltu)
    __aeabi_cfcmple                          0x08007f01   Thumb Code     0  fleqf.o(x$fpl$fleqf)
    _fcmple                                  0x08007f01   Thumb Code   104  fleqf.o(x$fpl$fleqf)
    __fpl_fcmple_InfNaN                      0x08007f53   Thumb Code     0  fleqf.o(x$fpl$fleqf)
    __aeabi_fmul                             0x08007f69   Thumb Code     0  fmul.o(x$fpl$fmul)
    _fmul                                    0x08007f69   Thumb Code   258  fmul.o(x$fpl$fmul)
    __fpl_fnaninf                            0x0800806b   Thumb Code   140  fnaninf.o(x$fpl$fnaninf)
    __fpl_fretinf                            0x080080f7   Thumb Code    10  fretinf.o(x$fpl$fretinf)
    __aeabi_cfrcmple                         0x08008101   Thumb Code     0  frleqf.o(x$fpl$frleqf)
    _frcmple                                 0x08008101   Thumb Code    98  frleqf.o(x$fpl$frleqf)
    __aeabi_fsub                             0x08008165   Thumb Code     0  faddsub_clz.o(x$fpl$fsub)
    _fsub                                    0x08008165   Thumb Code   234  faddsub_clz.o(x$fpl$fsub)
    __I$use$fp                               0x0800824e   Number         0  usenofp.o(x$fpl$usenofp)
    SystemFrequency                          0x08008250   Data           4  system_stm32f10x.o(.constdata)
    SystemFrequency_SysClk                   0x08008254   Data           4  system_stm32f10x.o(.constdata)
    SystemFrequency_AHBClk                   0x08008258   Data           4  system_stm32f10x.o(.constdata)
    SystemFrequency_APB1Clk                  0x0800825c   Data           4  system_stm32f10x.o(.constdata)
    SystemFrequency_APB2Clk                  0x08008260   Data           4  system_stm32f10x.o(.constdata)
    Gains                                    0x08008264   Data          24  fir.o(.constdata)
    CRC8_INIT                                0x0800827c   Data           1  algorithmofcrc.o(.constdata)
    CRC8_TAB                                 0x0800827d   Data         256  algorithmofcrc.o(.constdata)
    wCRC_Table                               0x0800837e   Data         512  algorithmofcrc.o(.constdata)
    Region$$Table$$Base                      0x08008580   Number         0  anon$$obj.o(Region$$Table)
    Region$$Table$$Limit                     0x080085a0   Number         0  anon$$obj.o(Region$$Table)
    Judgement_DisConnect                     0x20000000   Data           2  main.o(.data)
    Offline_Check_high_water                 0x20000004   Data           4  main.o(.data)
    Tim2_usCnt                               0x2000001c   Data           4  tim2.o(.data)
    CPU_RunTime                              0x20000020   Data           4  tim4.o(.data)
    CRC_INIT                                 0x20000024   Data           2  algorithmofcrc.o(.data)
    F405_DisConnect                          0x20000026   Data           2  datareceivetask.o(.data)
    CAP_CrossoverFlag                        0x20000028   Data           2  datareceivetask.o(.data)
    CrossoverFlagMax                         0x2000002a   Data           2  datareceivetask.o(.data)
    WheelCurrentSend                         0x2000002c   Data           8  chassistask.o(.data)
    Set_Jump                                 0x20000034   Data           8  chassistask.o(.data)
    Actual_P_max                             0x2000003c   Data           2  chassistask.o(.data)
    Self_Protect_Limit                       0x2000003e   Data           2  chassistask.o(.data)
    k_BAT                                    0x20000040   Data           4  chassistask.o(.data)
    Excess_P_max                             0x20000044   Data           2  chassistask.o(.data)
    CurrentMax                               0x20000046   Data           2  chassistask.o(.data)
    test_Self_Protect_Limit                  0x20000048   Data           2  chassistask.o(.data)
    test_k_BAT                               0x2000004c   Data           4  chassistask.o(.data)
    test_W_Chassis_t                         0x20000050   Data           4  chassistask.o(.data)
    HeatMax17                                0x20000054   Data           2  chassistask.o(.data)
    HeatCool17                               0x20000056   Data           2  chassistask.o(.data)
    CurHeat17                                0x20000058   Data           2  chassistask.o(.data)
    LastHeat17                               0x2000005a   Data           2  chassistask.o(.data)
    AvailableHeat17                          0x2000005c   Data           2  chassistask.o(.data)
    Shooted17Cnt                             0x2000005e   Data           2  chassistask.o(.data)
    AvailableBullet17                        0x20000060   Data           2  chassistask.o(.data)
    ShootAbleFlag                            0x20000062   Data           1  chassistask.o(.data)
    Chassis_high_water                       0x20000064   Data           4  chassistask.o(.data)
    UCAP                                     0x2000008c   Data           4  powercontroltask.o(.data)
    UDCDC                                    0x20000090   Data           4  powercontroltask.o(.data)
    SUM_UCAP                                 0x20000094   Data           4  powercontroltask.o(.data)
    SUM_UDCDC                                0x20000098   Data           4  powercontroltask.o(.data)
    SUM_TEMP                                 0x2000009c   Data           4  powercontroltask.o(.data)
    AD_actual_value                          0x200000a0   Data           4  powercontroltask.o(.data)
    temperate                                0x200000a4   Data           4  powercontroltask.o(.data)
    temp3v3                                  0x200000a8   Data           4  powercontroltask.o(.data)
    I_Set                                    0x200000ac   Data           4  powercontroltask.o(.data)
    PowerState                               0x200000b0   Data           1  powercontroltask.o(.data)
    MaxChargePower                           0x200000b4   Data           4  powercontroltask.o(.data)
    ActualPower                              0x200000b8   Data           4  powercontroltask.o(.data)
    MaxChargeCurrent                         0x200000bc   Data           4  powercontroltask.o(.data)
    My_i                                     0x200000c0   Data           4  powercontroltask.o(.data)
    AD_L                                     0x200000c4   Data           4  powercontroltask.o(.data)
    AD_H                                     0x200000c8   Data           4  powercontroltask.o(.data)
    test_current                             0x200000cc   Data           4  powercontroltask.o(.data)
    PowerControl_high_water                  0x200000d0   Data           4  powercontroltask.o(.data)
    CPU_high_water                           0x200000d4   Data           4  starttask.o(.data)
    c_pos_x                                  0x200000f4   Data          40  charsendtask.o(.data)
    c_pos_y                                  0x2000011c   Data          40  charsendtask.o(.data)
    pitch_change_flag                        0x200001bc   Data           4  graphicssendtask.o(.data)
    buff_change_flag                         0x200001c0   Data           4  graphicssendtask.o(.data)
    cap_percent_change_flag                  0x200001c4   Data           4  graphicssendtask.o(.data)
    Buff_flag                                0x200001c8   Data           4  graphicssendtask.o(.data)
    last_cap_vol                             0x200001cc   Data           4  graphicssendtask.o(.data)
    bias_x                                   0x200001d0   Data          14  graphicssendtask.o(.data)
    bias_y                                   0x200001de   Data          14  graphicssendtask.o(.data)
    bias_r                                   0x200001ec   Data           2  graphicssendtask.o(.data)
    screen_bias                              0x200001ee   Data           2  graphicssendtask.o(.data)
    XX                                       0x200001f0   Data           4  graphicssendtask.o(.data)
    YY                                       0x200001f4   Data           4  graphicssendtask.o(.data)
    Color_array                              0x200001f8   Data          36  graphicssendtask.o(.data)
    g_pos_x                                  0x2000021c   Data          36  graphicssendtask.o(.data)
    g_pos_y                                  0x20000240   Data          36  graphicssendtask.o(.data)
    AIM_bias_x                               0x20000264   Data           4  graphicssendtask.o(.data)
    AIM_bias_y                               0x20000268   Data           4  graphicssendtask.o(.data)
    placece_x                                0x2000026c   Data          52  graphicssendtask.o(.data)
    placece_y                                0x200002a0   Data          56  graphicssendtask.o(.data)
    Road_bias_x                              0x200002d8   Data           4  graphicssendtask.o(.data)
    Road_bias_y                              0x200002dc   Data           4  graphicssendtask.o(.data)
    seq                                      0x200002e0   Data           1  graphicssendtask.o(.data)
    pxCurrentTCB                             0x20000308   Data           4  tasks.o(.data)
    rx_message_1                             0x20000368   Data          20  can1.o(.bss)
    rx_message_2                             0x2000037c   Data          20  can2.o(.bss)
    INA260_1                                 0x20000390   Data          16  ina260.o(.bss)
    INA260_2                                 0x200003a0   Data          16  ina260.o(.bss)
    ADC_ConvertedValue                       0x200003b0   Data         180  adc.o(.bss)
    JudgeReceiveBuffer                       0x20000464   Data          45  uart4.o(.bss)
    JudgeSend                                0x20000491   Data         128  uart4.o(.bss)
    Input                                    0x20000514   Data          16  fir.o(.bss)
    Output                                   0x20000524   Data          16  fir.o(.bss)
    Buffer                                   0x20000534   Data          96  fir.o(.bss)
    SaveBuffer                               0x20000594   Data          90  datareceivetask.o(.bss)
    JudgeReceive                             0x200005f0   Data          44  datareceivetask.o(.bss)
    F405                                     0x2000061c   Data          10  datareceivetask.o(.bss)
    ChassisMotorCanReceive                   0x20000626   Data          24  datareceivetask.o(.bss)
    chassis                                  0x2000063e   Data          12  datareceivetask.o(.bss)
    Current_Change                           0x2000064c   Data          16  chassistask.o(.bss)
    Current_f                                0x2000065c   Data          16  chassistask.o(.bss)
    Flow                                     0x2000066c   Data          16  chassistask.o(.bss)
    speed                                    0x2000067c   Data          16  chassistask.o(.bss)
    Pid_Current                              0x2000068c   Data         240  chassistask.o(.bss)
    pidChassisWheelSpeed                     0x2000077c   Data         240  chassistask.o(.bss)
    pidChassisPosition_Speed                 0x2000086c   Data          60  chassistask.o(.bss)
    F105                                     0x200008a8   Data          16  chassistask.o(.bss)
    Power_method                             0x200008b8   Data          96  chassistask.o(.bss)
    ChargeCtl                                0x20000918   Data          60  powercontroltask.o(.bss)
    Char_Change_Array                        0x20000954   Data          16  charsendtask.o(.bss)
    custom_char_draw                         0x20000964   Data          51  charsendtask.o(.bss)
    vol_change_array                         0x20000998   Data          36  graphicssendtask.o(.bss)
    custom_grapic_draw                       0x200009bc   Data         111  graphicssendtask.o(.bss)
    Voltage_array                            0x20000a2b   Data           9  graphicssendtask.o(.bss)
    last_Voltage_array                       0x20000a34   Data          36  graphicssendtask.o(.bss)
    Voltage_change                           0x20000a58   Data          36  graphicssendtask.o(.bss)
    __libspace_start                         0x20005184   Data          96  libspace.o(.bss)
    __temporary_stack_top$libspace           0x200051e4   Data           0  libspace.o(.bss)



==============================================================================

Memory Map of the image

  Image Entry point : 0x08000151

  Load Region LR_IROM1 (Base: 0x08000000, Size: 0x00008908, Max: 0x00020000, ABSOLUTE, COMPRESSED[0x000086e8])

    Execution Region ER_IROM1 (Exec base: 0x08000000, Load base: 0x08000000, Size: 0x000085a0, Max: 0x00020000, ABSOLUTE)

    Exec Addr    Load Addr    Size         Type   Attr      Idx    E Section Name        Object

    0x08000000   0x08000000   0x00000150   Data   RO          305    RESET               startup_stm32f10x_cl.o
    0x08000150   0x08000150   0x00000008   Code   RO         4960  * !!!main             c_w.l(__main.o)
    0x08000158   0x08000158   0x00000034   Code   RO         5197    !!!scatter          c_w.l(__scatter.o)
    0x0800018c   0x0800018c   0x00000064   Code   RO         5195    !!dclz77c           c_w.l(__dclz77c.o)
    0x080001f0   0x080001f0   0x0000001c   Code   RO         5199    !!handler_zi        c_w.l(__scatter_zi.o)
    0x0800020c   0x0800020c   0x00000002   Code   RO         5065    .ARM.Collect$$libinit$$00000000  c_w.l(libinit.o)
    0x0800020e   0x0800020e   0x00000000   Code   RO         5072    .ARM.Collect$$libinit$$00000002  c_w.l(libinit2.o)
    0x0800020e   0x0800020e   0x00000000   Code   RO         5074    .ARM.Collect$$libinit$$00000004  c_w.l(libinit2.o)
    0x0800020e   0x0800020e   0x00000000   Code   RO         5077    .ARM.Collect$$libinit$$0000000A  c_w.l(libinit2.o)
    0x0800020e   0x0800020e   0x00000000   Code   RO         5079    .ARM.Collect$$libinit$$0000000C  c_w.l(libinit2.o)
    0x0800020e   0x0800020e   0x00000000   Code   RO         5081    .ARM.Collect$$libinit$$0000000E  c_w.l(libinit2.o)
    0x0800020e   0x0800020e   0x00000000   Code   RO         5084    .ARM.Collect$$libinit$$00000011  c_w.l(libinit2.o)
    0x0800020e   0x0800020e   0x00000000   Code   RO         5086    .ARM.Collect$$libinit$$00000013  c_w.l(libinit2.o)
    0x0800020e   0x0800020e   0x00000000   Code   RO         5088    .ARM.Collect$$libinit$$00000015  c_w.l(libinit2.o)
    0x0800020e   0x0800020e   0x00000000   Code   RO         5090    .ARM.Collect$$libinit$$00000017  c_w.l(libinit2.o)
    0x0800020e   0x0800020e   0x00000000   Code   RO         5092    .ARM.Collect$$libinit$$00000019  c_w.l(libinit2.o)
    0x0800020e   0x0800020e   0x00000000   Code   RO         5094    .ARM.Collect$$libinit$$0000001B  c_w.l(libinit2.o)
    0x0800020e   0x0800020e   0x00000000   Code   RO         5096    .ARM.Collect$$libinit$$0000001D  c_w.l(libinit2.o)
    0x0800020e   0x0800020e   0x00000000   Code   RO         5098    .ARM.Collect$$libinit$$0000001F  c_w.l(libinit2.o)
    0x0800020e   0x0800020e   0x00000000   Code   RO         5100    .ARM.Collect$$libinit$$00000021  c_w.l(libinit2.o)
    0x0800020e   0x0800020e   0x00000000   Code   RO         5102    .ARM.Collect$$libinit$$00000023  c_w.l(libinit2.o)
    0x0800020e   0x0800020e   0x00000000   Code   RO         5104    .ARM.Collect$$libinit$$00000025  c_w.l(libinit2.o)
    0x0800020e   0x0800020e   0x00000000   Code   RO         5108    .ARM.Collect$$libinit$$0000002C  c_w.l(libinit2.o)
    0x0800020e   0x0800020e   0x00000000   Code   RO         5110    .ARM.Collect$$libinit$$0000002E  c_w.l(libinit2.o)
    0x0800020e   0x0800020e   0x00000000   Code   RO         5112    .ARM.Collect$$libinit$$00000030  c_w.l(libinit2.o)
    0x0800020e   0x0800020e   0x00000000   Code   RO         5114    .ARM.Collect$$libinit$$00000032  c_w.l(libinit2.o)
    0x0800020e   0x0800020e   0x00000002   Code   RO         5115    .ARM.Collect$$libinit$$00000033  c_w.l(libinit2.o)
    0x08000210   0x08000210   0x00000002   Code   RO         5135    .ARM.Collect$$libshutdown$$00000000  c_w.l(libshutdown.o)
    0x08000212   0x08000212   0x00000000   Code   RO         5148    .ARM.Collect$$libshutdown$$00000002  c_w.l(libshutdown2.o)
    0x08000212   0x08000212   0x00000000   Code   RO         5150    .ARM.Collect$$libshutdown$$00000004  c_w.l(libshutdown2.o)
    0x08000212   0x08000212   0x00000000   Code   RO         5153    .ARM.Collect$$libshutdown$$00000007  c_w.l(libshutdown2.o)
    0x08000212   0x08000212   0x00000000   Code   RO         5156    .ARM.Collect$$libshutdown$$0000000A  c_w.l(libshutdown2.o)
    0x08000212   0x08000212   0x00000000   Code   RO         5158    .ARM.Collect$$libshutdown$$0000000C  c_w.l(libshutdown2.o)
    0x08000212   0x08000212   0x00000000   Code   RO         5161    .ARM.Collect$$libshutdown$$0000000F  c_w.l(libshutdown2.o)
    0x08000212   0x08000212   0x00000002   Code   RO         5162    .ARM.Collect$$libshutdown$$00000010  c_w.l(libshutdown2.o)
    0x08000214   0x08000214   0x00000000   Code   RO         5014    .ARM.Collect$$rtentry$$00000000  c_w.l(__rtentry.o)
    0x08000214   0x08000214   0x00000000   Code   RO         5040    .ARM.Collect$$rtentry$$00000002  c_w.l(__rtentry2.o)
    0x08000214   0x08000214   0x00000006   Code   RO         5052    .ARM.Collect$$rtentry$$00000004  c_w.l(__rtentry4.o)
    0x0800021a   0x0800021a   0x00000000   Code   RO         5042    .ARM.Collect$$rtentry$$00000009  c_w.l(__rtentry2.o)
    0x0800021a   0x0800021a   0x00000004   Code   RO         5043    .ARM.Collect$$rtentry$$0000000A  c_w.l(__rtentry2.o)
    0x0800021e   0x0800021e   0x00000000   Code   RO         5045    .ARM.Collect$$rtentry$$0000000C  c_w.l(__rtentry2.o)
    0x0800021e   0x0800021e   0x00000008   Code   RO         5046    .ARM.Collect$$rtentry$$0000000D  c_w.l(__rtentry2.o)
    0x08000226   0x08000226   0x00000002   Code   RO         5069    .ARM.Collect$$rtexit$$00000000  c_w.l(rtexit.o)
    0x08000228   0x08000228   0x00000000   Code   RO         5117    .ARM.Collect$$rtexit$$00000002  c_w.l(rtexit2.o)
    0x08000228   0x08000228   0x00000004   Code   RO         5118    .ARM.Collect$$rtexit$$00000003  c_w.l(rtexit2.o)
    0x0800022c   0x0800022c   0x00000006   Code   RO         5119    .ARM.Collect$$rtexit$$00000004  c_w.l(rtexit2.o)
    0x08000232   0x08000232   0x00000002   PAD
    0x08000234   0x08000234   0x00000096   Code   RO         4842    .emb_text           port.o
    0x080002ca   0x080002ca   0x00000002   PAD
    0x080002cc   0x080002cc   0x00000040   Code   RO          306    .text               startup_stm32f10x_cl.o
    0x0800030c   0x0800030c   0x00000048   Code   RO         4948    .text               c_w.l(strcpy.o)
    0x08000354   0x08000354   0x0000003e   Code   RO         4950    .text               c_w.l(strlen.o)
    0x08000392   0x08000392   0x0000008a   Code   RO         4952    .text               c_w.l(rt_memcpy_v6.o)
    0x0800041c   0x0800041c   0x00000010   Code   RO         4954    .text               c_w.l(aeabi_memset.o)
    0x0800042c   0x0800042c   0x00000044   Code   RO         4956    .text               c_w.l(rt_memclr.o)
    0x08000470   0x08000470   0x00000006   Code   RO         4958    .text               c_w.l(heapauxi.o)
    0x08000476   0x08000476   0x00000064   Code   RO         5024    .text               c_w.l(rt_memcpy_w.o)
    0x080004da   0x080004da   0x0000004e   Code   RO         5026    .text               c_w.l(rt_memclr_w.o)
    0x08000528   0x08000528   0x0000004a   Code   RO         5056    .text               c_w.l(sys_stackheap_outer.o)
    0x08000572   0x08000572   0x00000012   Code   RO         5058    .text               c_w.l(exit.o)
    0x08000584   0x08000584   0x00000008   Code   RO         5066    .text               c_w.l(libspace.o)
    0x0800058c   0x0800058c   0x0000000c   Code   RO         5127    .text               c_w.l(sys_exit.o)
    0x08000598   0x08000598   0x00000002   Code   RO         5138    .text               c_w.l(use_no_semi.o)
    0x0800059a   0x0800059a   0x00000000   Code   RO         5140    .text               c_w.l(indicate_semi.o)
    0x0800059a   0x0800059a   0x00000016   Code   RO          356    i.ADC_Cmd           stm32f10x_adc.o
    0x080005b0   0x080005b0   0x0000013c   Code   RO         3524    i.ADC_Configuration  adc.o
    0x080006ec   0x080006ec   0x00000016   Code   RO          357    i.ADC_DMACmd        stm32f10x_adc.o
    0x08000702   0x08000702   0x00000002   PAD
    0x08000704   0x08000704   0x00000180   Code   RO         3926    i.ADC_Filter        powercontroltask.o
    0x08000884   0x08000884   0x00000014   Code   RO          364    i.ADC_GetCalibrationStatus  stm32f10x_adc.o
    0x08000898   0x08000898   0x00000014   Code   RO          370    i.ADC_GetResetCalibrationStatus  stm32f10x_adc.o
    0x080008ac   0x080008ac   0x00000050   Code   RO          374    i.ADC_Init          stm32f10x_adc.o
    0x080008fc   0x080008fc   0x000000b8   Code   RO          378    i.ADC_RegularChannelConfig  stm32f10x_adc.o
    0x080009b4   0x080009b4   0x0000000a   Code   RO          379    i.ADC_ResetCalibration  stm32f10x_adc.o
    0x080009be   0x080009be   0x00000016   Code   RO          381    i.ADC_SoftwareStartConvCmd  stm32f10x_adc.o
    0x080009d4   0x080009d4   0x0000000a   Code   RO          383    i.ADC_StartCalibration  stm32f10x_adc.o
    0x080009de   0x080009de   0x00000002   PAD
    0x080009e0   0x080009e0   0x00000024   Code   RO          385    i.ADC_TempSensorVrefintCmd  stm32f10x_adc.o
    0x08000a04   0x08000a04   0x00000030   Code   RO         3730    i.Append_CRC16_Check_Sum  algorithmofcrc.o
    0x08000a34   0x08000a34   0x00000024   Code   RO         3731    i.Append_CRC8_Check_Sum  algorithmofcrc.o
    0x08000a58   0x08000a58   0x00000054   Code   RO         3842    i.BuildF105         chassistask.o
    0x08000aac   0x08000aac   0x00000004   Code   RO          245    i.BusFault_Handler  stm32f10x_it.o
    0x08000ab0   0x08000ab0   0x00000114   Code   RO         3383    i.CAN1_Configuration  can1.o
    0x08000bc4   0x08000bc4   0x00000038   Code   RO         3384    i.CAN1_RX0_IRQHandler  can1.o
    0x08000bfc   0x08000bfc   0x00000104   Code   RO         3407    i.CAN2_Configuration  can2.o
    0x08000d00   0x08000d00   0x00000030   Code   RO         3408    i.CAN2_RX1_IRQHandler  can2.o
    0x08000d30   0x08000d30   0x000000a8   Code   RO          658    i.CAN_ClearITPendingBit  stm32f10x_can.o
    0x08000dd8   0x08000dd8   0x00000038   Code   RO          660    i.CAN_DeInit        stm32f10x_can.o
    0x08000e10   0x08000e10   0x00000108   Code   RO          662    i.CAN_FilterInit    stm32f10x_can.o
    0x08000f18   0x08000f18   0x00000120   Code   RO          664    i.CAN_GetITStatus   stm32f10x_can.o
    0x08001038   0x08001038   0x00000012   Code   RO          668    i.CAN_ITConfig      stm32f10x_can.o
    0x0800104a   0x0800104a   0x00000114   Code   RO          669    i.CAN_Init          stm32f10x_can.o
    0x0800115e   0x0800115e   0x000000f0   Code   RO          672    i.CAN_Receive       stm32f10x_can.o
    0x0800124e   0x0800124e   0x00000020   Code   RO          675    i.CAN_StructInit    stm32f10x_can.o
    0x0800126e   0x0800126e   0x00000126   Code   RO          677    i.CAN_Transmit      stm32f10x_can.o
    0x08001394   0x08001394   0x0000001c   Code   RO         3980    i.CPU_task          starttask.o
    0x080013b0   0x080013b0   0x000000bc   Code   RO         3776    i.Can1Receive0      datareceivetask.o
    0x0800146c   0x0800146c   0x0000010c   Code   RO         3777    i.Can2Receive1      datareceivetask.o
    0x08001578   0x08001578   0x0000004c   Code   RO         3811    i.Can2Send0         datasendtask.o
    0x080015c4   0x080015c4   0x00000018   Code   RO         4007    i.CharSendtask      charsendtask.o
    0x080015dc   0x080015dc   0x000000ec   Code   RO         4008    i.Char_Change_Check  charsendtask.o
    0x080016c8   0x080016c8   0x0000014c   Code   RO         3927    i.ChargeCal         powercontroltask.o
    0x08001814   0x08001814   0x00000118   Code   RO         3928    i.ChargeControl     powercontroltask.o
    0x0800192c   0x0800192c   0x00000068   Code   RO         3929    i.ChargeIO_Configuration  powercontroltask.o
    0x08001994   0x08001994   0x000000a4   Code   RO         3930    i.Charge_Set        powercontroltask.o
    0x08001a38   0x08001a38   0x000000bc   Code   RO         3813    i.ChassisCan1Send   datasendtask.o
    0x08001af4   0x08001af4   0x00000084   Code   RO         3843    i.Chassis_CurrentPid_Cal  chassistask.o
    0x08001b78   0x08001b78   0x00000230   Code   RO         3844    i.Chassis_Power_Control_Init  chassistask.o
    0x08001da8   0x08001da8   0x00000320   Code   RO         3845    i.Chassis_Speed_Cal  chassistask.o
    0x080020c8   0x080020c8   0x0000007c   Code   RO         3846    i.Chassis_task      chassistask.o
    0x08002144   0x08002144   0x00000012   Code   RO          680    i.CheckITStatus     stm32f10x_can.o
    0x08002156   0x08002156   0x00000002   PAD
    0x08002158   0x08002158   0x0000003c   Code   RO         3847    i.Current_Filter_Excu  chassistask.o
    0x08002194   0x08002194   0x000000a4   Code   RO         3848    i.Current_Set_Jump  chassistask.o
    0x08002238   0x08002238   0x0000007c   Code   RO         3605    i.DAC1_Init         dac.o
    0x080022b4   0x080022b4   0x00000028   Code   RO          949    i.DAC_Cmd           stm32f10x_dac.o
    0x080022dc   0x080022dc   0x00000034   Code   RO          954    i.DAC_Init          stm32f10x_dac.o
    0x08002310   0x08002310   0x00000020   Code   RO          955    i.DAC_SetChannel1Data  stm32f10x_dac.o
    0x08002330   0x08002330   0x00000020   Code   RO          956    i.DAC_SetChannel2Data  stm32f10x_dac.o
    0x08002350   0x08002350   0x00000024   Code   RO         3644    i.DMA2_Channel3_IRQHandler  uart4.o
    0x08002374   0x08002374   0x00000028   Code   RO         3645    i.DMA2_Channel5_IRQHandler  uart4.o
    0x0800239c   0x0800239c   0x0000001c   Code   RO         1057    i.DMA_ClearFlag     stm32f10x_dma.o
    0x080023b8   0x080023b8   0x0000001c   Code   RO         1058    i.DMA_ClearITPendingBit  stm32f10x_dma.o
    0x080023d4   0x080023d4   0x00000018   Code   RO         1059    i.DMA_Cmd           stm32f10x_dma.o
    0x080023ec   0x080023ec   0x0000014c   Code   RO         1060    i.DMA_DeInit        stm32f10x_dma.o
    0x08002538   0x08002538   0x0000002c   Code   RO         1062    i.DMA_GetFlagStatus  stm32f10x_dma.o
    0x08002564   0x08002564   0x0000002c   Code   RO         1063    i.DMA_GetITStatus   stm32f10x_dma.o
    0x08002590   0x08002590   0x00000012   Code   RO         1064    i.DMA_ITConfig      stm32f10x_dma.o
    0x080025a2   0x080025a2   0x0000003c   Code   RO         1065    i.DMA_Init          stm32f10x_dma.o
    0x080025de   0x080025de   0x00000002   Code   RO          246    i.DebugMon_Handler  stm32f10x_it.o
    0x080025e0   0x080025e0   0x00000010   Code   RO         3778    i.F405_Rst          datareceivetask.o
    0x080025f0   0x080025f0   0x00000098   Code   RO         3671    i.Fir               fir.o
    0x08002688   0x08002688   0x00000116   Code   RO         1489    i.GPIO_Init         stm32f10x_gpio.o
    0x0800279e   0x0800279e   0x00000004   Code   RO         1496    i.GPIO_ResetBits    stm32f10x_gpio.o
    0x080027a2   0x080027a2   0x00000004   Code   RO         1497    i.GPIO_SetBits      stm32f10x_gpio.o
    0x080027a6   0x080027a6   0x00000002   PAD
    0x080027a8   0x080027a8   0x00000034   Code   RO         3732    i.Get_CRC16_Check_Sum  algorithmofcrc.o
    0x080027dc   0x080027dc   0x00000024   Code   RO         3733    i.Get_CRC8_Check_Sum  algorithmofcrc.o
    0x08002800   0x08002800   0x00000080   Code   RO         4048    i.GraphicSendtask   graphicssendtask.o
    0x08002880   0x08002880   0x000001a4   Code   RO         4049    i.Graphic_Change_Check  graphicssendtask.o
    0x08002a24   0x08002a24   0x00000004   Code   RO          247    i.HardFault_Handler  stm32f10x_it.o
    0x08002a28   0x08002a28   0x0000011c   Code   RO         3849    i.HeatControl       chassistask.o
    0x08002b44   0x08002b44   0x000000c0   Code   RO         3850    i.HeatUpdate        chassistask.o
    0x08002c04   0x08002c04   0x00000038   Code   RO         3539    i.IIC_Ack           i2c.o
    0x08002c3c   0x08002c3c   0x00000038   Code   RO         3540    i.IIC_NAck          i2c.o
    0x08002c74   0x08002c74   0x0000004c   Code   RO         3541    i.IIC_Read_Byte     i2c.o
    0x08002cc0   0x08002cc0   0x00000060   Code   RO         3542    i.IIC_Send_Byte     i2c.o
    0x08002d20   0x08002d20   0x00000038   Code   RO         3543    i.IIC_Start         i2c.o
    0x08002d58   0x08002d58   0x00000034   Code   RO         3544    i.IIC_Stop          i2c.o
    0x08002d8c   0x08002d8c   0x00000048   Code   RO         3545    i.IIC_Wait_Ack      i2c.o
    0x08002dd4   0x08002dd4   0x00000060   Code   RO         3491    i.INA260_Read       ina260.o
    0x08002e34   0x08002e34   0x00000068   Code   RO         3492    i.INA_READ_Current  ina260.o
    0x08002e9c   0x08002e9c   0x0000003c   Code   RO         3493    i.INA_READ_Power    ina260.o
    0x08002ed8   0x08002ed8   0x00000068   Code   RO         3494    i.INA_READ_Vol      ina260.o
    0x08002f40   0x08002f40   0x00000024   Code   RO         3623    i.IWDG_Config       iwdg.o
    0x08002f64   0x08002f64   0x00000010   Code   RO         1804    i.IWDG_Enable       stm32f10x_iwdg.o
    0x08002f74   0x08002f74   0x00000008   Code   RO         3624    i.IWDG_Feed         iwdg.o
    0x08002f7c   0x08002f7c   0x00000010   Code   RO         1806    i.IWDG_ReloadCounter  stm32f10x_iwdg.o
    0x08002f8c   0x08002f8c   0x0000000c   Code   RO         1807    i.IWDG_SetPrescaler  stm32f10x_iwdg.o
    0x08002f98   0x08002f98   0x0000000c   Code   RO         1808    i.IWDG_SetReload    stm32f10x_iwdg.o
    0x08002fa4   0x08002fa4   0x0000000c   Code   RO         1809    i.IWDG_WriteAccessCmd  stm32f10x_iwdg.o
    0x08002fb0   0x08002fb0   0x000001ec   Code   RO         3779    i.JudgeBuffReceive  datareceivetask.o
    0x0800319c   0x0800319c   0x00000080   Code   RO         4009    i.JudgementCustomizeChar  charsendtask.o
    0x0800321c   0x0800321c   0x00000080   Code   RO         4050    i.JudgementCustomizeGraphics  graphicssendtask.o
    0x0800329c   0x0800329c   0x0000017c   Code   RO         4010    i.Load_Char_Init    charsendtask.o
    0x08003418   0x08003418   0x00000004   Code   RO          248    i.MemManage_Handler  stm32f10x_it.o
    0x0800341c   0x0800341c   0x00000100   Code   RO         3851    i.Method_Check      chassistask.o
    0x0800351c   0x0800351c   0x00000002   Code   RO          249    i.NMI_Handler       stm32f10x_it.o
    0x0800351e   0x0800351e   0x00000002   PAD
    0x08003520   0x08003520   0x00000070   Code   RO          311    i.NVIC_Init         misc.o
    0x08003590   0x08003590   0x0000003c   Code   RO            1    i.Offline_Check_task  main.o
    0x080035cc   0x080035cc   0x000000e8   Code   RO         3688    i.PID_Calc          pid.o
    0x080036b4   0x080036b4   0x00000028   Code   RO         3931    i.Pid_ChargeCal_Init  powercontroltask.o
    0x080036dc   0x080036dc   0x000000ec   Code   RO         3852    i.Pid_ChassisWheelInit  chassistask.o
    0x080037c8   0x080037c8   0x0000002c   Code   RO         3932    i.PowerControl_task  powercontroltask.o
    0x080037f4   0x080037f4   0x000003c4   Code   RO         3853    i.PowerLimit        chassistask.o
    0x08003bb8   0x08003bb8   0x00000018   Code   RO         1912    i.RCC_ADCCLKConfig  stm32f10x_rcc.o
    0x08003bd0   0x08003bd0   0x00000020   Code   RO         1913    i.RCC_AHBPeriphClockCmd  stm32f10x_rcc.o
    0x08003bf0   0x08003bf0   0x00000020   Code   RO         1915    i.RCC_APB1PeriphClockCmd  stm32f10x_rcc.o
    0x08003c10   0x08003c10   0x00000020   Code   RO         1916    i.RCC_APB1PeriphResetCmd  stm32f10x_rcc.o
    0x08003c30   0x08003c30   0x00000020   Code   RO         1917    i.RCC_APB2PeriphClockCmd  stm32f10x_rcc.o
    0x08003c50   0x08003c50   0x00000020   Code   RO         1918    i.RCC_APB2PeriphResetCmd  stm32f10x_rcc.o
    0x08003c70   0x08003c70   0x0000018c   Code   RO         1925    i.RCC_GetClocksFreq  stm32f10x_rcc.o
    0x08003dfc   0x08003dfc   0x0000002c   Code   RO         3546    i.SDA_IN            i2c.o
    0x08003e28   0x08003e28   0x0000002c   Code   RO         3547    i.SDA_OUT           i2c.o
    0x08003e54   0x08003e54   0x00000008   Code   RO          193    i.SetSysClock       system_stm32f10x.o
    0x08003e5c   0x08003e5c   0x000000e4   Code   RO          194    i.SetSysClockTo72   system_stm32f10x.o
    0x08003f40   0x08003f40   0x00000008   Code   RO          250    i.SysTick_Handler   stm32f10x_it.o
    0x08003f48   0x08003f48   0x00000050   Code   RO          195    i.SystemInit        system_stm32f10x.o
    0x08003f98   0x08003f98   0x000000a4   Code   RO            2    i.System_Config     main.o
    0x0800403c   0x0800403c   0x00000010   Code   RO            3    i.System_Init       main.o
    0x0800404c   0x0800404c   0x0000006a   Code   RO         3440    i.TIM2_Configuration  tim2.o
    0x080040b6   0x080040b6   0x00000002   PAD
    0x080040b8   0x080040b8   0x00000024   Code   RO         3441    i.TIM2_IRQHandler   tim2.o
    0x080040dc   0x080040dc   0x00000060   Code   RO         3467    i.TIM4_Configuration  tim4.o
    0x0800413c   0x0800413c   0x00000028   Code   RO         3468    i.TIM4_IRQHandler   tim4.o
    0x08004164   0x08004164   0x00000006   Code   RO         2605    i.TIM_ClearFlag     stm32f10x_tim.o
    0x0800416a   0x0800416a   0x00000006   Code   RO         2606    i.TIM_ClearITPendingBit  stm32f10x_tim.o
    0x08004170   0x08004170   0x00000018   Code   RO         2611    i.TIM_Cmd           stm32f10x_tim.o
    0x08004188   0x08004188   0x00000006   Code   RO         2630    i.TIM_GetCounter    stm32f10x_tim.o
    0x0800418e   0x0800418e   0x00000022   Code   RO         2632    i.TIM_GetITStatus   stm32f10x_tim.o
    0x080041b0   0x080041b0   0x00000012   Code   RO         2636    i.TIM_ITConfig      stm32f10x_tim.o
    0x080041c2   0x080041c2   0x00000004   Code   RO         2676    i.TIM_SetCounter    stm32f10x_tim.o
    0x080041c6   0x080041c6   0x00000002   PAD
    0x080041c8   0x080041c8   0x000000a4   Code   RO         2682    i.TIM_TimeBaseInit  stm32f10x_tim.o
    0x0800426c   0x0800426c   0x0000018c   Code   RO         3646    i.UART4_Configuration  uart4.o
    0x080043f8   0x080043f8   0x000000a8   Code   RO         3428    i.USART2_Configuration  usart2.o
    0x080044a0   0x080044a0   0x00000012   Code   RO         3146    i.USART_ClearFlag   stm32f10x_usart.o
    0x080044b2   0x080044b2   0x00000018   Code   RO         3150    i.USART_Cmd         stm32f10x_usart.o
    0x080044ca   0x080044ca   0x00000012   Code   RO         3151    i.USART_DMACmd      stm32f10x_usart.o
    0x080044dc   0x080044dc   0x0000009c   Code   RO         3152    i.USART_DeInit      stm32f10x_usart.o
    0x08004578   0x08004578   0x0000001a   Code   RO         3153    i.USART_GetFlagStatus  stm32f10x_usart.o
    0x08004592   0x08004592   0x00000002   PAD
    0x08004594   0x08004594   0x000000d8   Code   RO         3157    i.USART_Init        stm32f10x_usart.o
    0x0800466c   0x0800466c   0x00000008   Code   RO         3167    i.USART_SendData    stm32f10x_usart.o
    0x08004674   0x08004674   0x00000004   Code   RO          251    i.UsageFault_Handler  stm32f10x_it.o
    0x08004678   0x08004678   0x00000040   Code   RO         3734    i.Verify_CRC16_Check_Sum  algorithmofcrc.o
    0x080046b8   0x080046b8   0x0000002e   Code   RO         3735    i.Verify_CRC8_Check_Sum  algorithmofcrc.o
    0x080046e6   0x080046e6   0x00000036   Code   RO         3442    i.delay_ms          tim2.o
    0x0800471c   0x0800471c   0x00000038   Code   RO         3548    i.i2c_init          i2c.o
    0x08004754   0x08004754   0x00000014   Code   RO            4    i.main              main.o
    0x08004768   0x08004768   0x00000098   Code   RO         4442    i.prvAddCurrentTaskToDelayedList  tasks.o
    0x08004800   0x08004800   0x000000b8   Code   RO         4443    i.prvAddNewTaskToReadyList  tasks.o
    0x080048b8   0x080048b8   0x00000064   Code   RO         4444    i.prvCheckTasksWaitingTermination  tasks.o
    0x0800491c   0x0800491c   0x00000012   Code   RO         4445    i.prvDeleteTCB      tasks.o
    0x0800492e   0x0800492e   0x00000002   PAD
    0x08004930   0x08004930   0x0000007c   Code   RO         4793    i.prvHeapInit       heap_4.o
    0x080049ac   0x080049ac   0x00000028   Code   RO         4446    i.prvIdleTask       tasks.o
    0x080049d4   0x080049d4   0x00000090   Code   RO         4447    i.prvInitialiseNewTask  tasks.o
    0x08004a64   0x08004a64   0x00000068   Code   RO         4448    i.prvInitialiseTaskLists  tasks.o
    0x08004acc   0x08004acc   0x00000068   Code   RO         4794    i.prvInsertBlockIntoFreeList  heap_4.o
    0x08004b34   0x08004b34   0x00000034   Code   RO         4450    i.prvResetNextTaskUnblockTime  tasks.o
    0x08004b68   0x08004b68   0x00000016   Code   RO         4451    i.prvTaskCheckFreeStackSpace  tasks.o
    0x08004b7e   0x08004b7e   0x00000016   Code   RO         4843    i.prvTaskExitError  port.o
    0x08004b94   0x08004b94   0x000000d0   Code   RO         4795    i.pvPortMalloc      heap_4.o
    0x08004c64   0x08004c64   0x00000024   Code   RO         4844    i.pxPortInitialiseStack  port.o
    0x08004c88   0x08004c88   0x0000139c   Code   RO         4051    i.referee_data_load_Graphic  graphicssendtask.o
    0x08006024   0x08006024   0x00000974   Code   RO         4011    i.referee_data_load_String  charsendtask.o
    0x08006998   0x08006998   0x000000a8   Code   RO         4054    i.referee_data_pack_handle  graphicssendtask.o
    0x08006a40   0x08006a40   0x0000002c   Code   RO         3981    i.startTast         starttask.o
    0x08006a6c   0x08006a6c   0x00000128   Code   RO         3982    i.start_task        starttask.o
    0x08006b94   0x08006b94   0x00000028   Code   RO         4239    i.uxListRemove      list.o
    0x08006bbc   0x08006bbc   0x00000028   Code   RO         4456    i.uxTaskGetStackHighWaterMark  tasks.o
    0x08006be4   0x08006be4   0x0000001a   Code   RO         4240    i.vListInitialise   list.o
    0x08006bfe   0x08006bfe   0x00000006   Code   RO         4241    i.vListInitialiseItem  list.o
    0x08006c04   0x08006c04   0x00000034   Code   RO         4242    i.vListInsert       list.o
    0x08006c38   0x08006c38   0x00000018   Code   RO         4243    i.vListInsertEnd    list.o
    0x08006c50   0x08006c50   0x00000024   Code   RO         4846    i.vPortEnterCritical  port.o
    0x08006c74   0x08006c74   0x00000020   Code   RO         4847    i.vPortExitCritical  port.o
    0x08006c94   0x08006c94   0x00000048   Code   RO         4796    i.vPortFree         heap_4.o
    0x08006cdc   0x08006cdc   0x00000020   Code   RO         4848    i.vPortSetupTimerInterrupt  port.o
    0x08006cfc   0x08006cfc   0x00000034   Code   RO         4462    i.vTaskDelay        tasks.o
    0x08006d30   0x08006d30   0x00000074   Code   RO         4463    i.vTaskDelayUntil   tasks.o
    0x08006da4   0x08006da4   0x000000cc   Code   RO         4464    i.vTaskDelete       tasks.o
    0x08006e70   0x08006e70   0x0000006c   Code   RO         4477    i.vTaskStartScheduler  tasks.o
    0x08006edc   0x08006edc   0x00000010   Code   RO         4479    i.vTaskSuspendAll   tasks.o
    0x08006eec   0x08006eec   0x000000a0   Code   RO         4480    i.vTaskSwitchContext  tasks.o
    0x08006f8c   0x08006f8c   0x00000034   Code   RO         4849    i.xPortStartScheduler  port.o
    0x08006fc0   0x08006fc0   0x00000034   Code   RO         4850    i.xPortSysTickHandler  port.o
    0x08006ff4   0x08006ff4   0x00000060   Code   RO         4482    i.xTaskCreate       tasks.o
    0x08007054   0x08007054   0x0000000c   Code   RO         4486    i.xTaskGetTickCount  tasks.o
    0x08007060   0x08007060   0x0000011c   Code   RO         4488    i.xTaskIncrementTick  tasks.o
    0x0800717c   0x0800717c   0x000000e8   Code   RO         4493    i.xTaskResumeAll    tasks.o
    0x08007264   0x08007264   0x00000062   Code   RO         4962    x$fpl$d2f           fz_ws.l(d2f.o)
    0x080072c6   0x080072c6   0x00000002   PAD
    0x080072c8   0x080072c8   0x00000150   Code   RO         4964    x$fpl$dadd          fz_ws.l(daddsub_clz.o)
    0x08007418   0x08007418   0x000002b0   Code   RO         4971    x$fpl$ddiv          fz_ws.l(ddiv.o)
    0x080076c8   0x080076c8   0x0000005e   Code   RO         4974    x$fpl$dfix          fz_ws.l(dfix.o)
    0x08007726   0x08007726   0x00000002   PAD
    0x08007728   0x08007728   0x00000154   Code   RO         4978    x$fpl$dmul          fz_ws.l(dmul.o)
    0x0800787c   0x0800787c   0x0000009c   Code   RO         5028    x$fpl$dnaninf       fz_ws.l(dnaninf.o)
    0x08007918   0x08007918   0x0000000c   Code   RO         5030    x$fpl$dretinf       fz_ws.l(dretinf.o)
    0x08007924   0x08007924   0x00000016   Code   RO         4965    x$fpl$drsb          fz_ws.l(daddsub_clz.o)
    0x0800793a   0x0800793a   0x00000002   PAD
    0x0800793c   0x0800793c   0x000001d4   Code   RO         4966    x$fpl$dsub          fz_ws.l(daddsub_clz.o)
    0x08007b10   0x08007b10   0x00000056   Code   RO         4980    x$fpl$f2d           fz_ws.l(f2d.o)
    0x08007b66   0x08007b66   0x00000002   PAD
    0x08007b68   0x08007b68   0x000000c4   Code   RO         4982    x$fpl$fadd          fz_ws.l(faddsub_clz.o)
    0x08007c2c   0x08007c2c   0x00000018   Code   RO         5032    x$fpl$fcmpinf       fz_ws.l(fcmpi.o)
    0x08007c44   0x08007c44   0x00000184   Code   RO         4989    x$fpl$fdiv          fz_ws.l(fdiv.o)
    0x08007dc8   0x08007dc8   0x00000068   Code   RO         4992    x$fpl$feqf          fz_ws.l(feqf.o)
    0x08007e30   0x08007e30   0x00000036   Code   RO         4994    x$fpl$ffix          fz_ws.l(ffix.o)
    0x08007e66   0x08007e66   0x00000002   PAD
    0x08007e68   0x08007e68   0x0000003e   Code   RO         4998    x$fpl$ffixu         fz_ws.l(ffixu.o)
    0x08007ea6   0x08007ea6   0x00000002   PAD
    0x08007ea8   0x08007ea8   0x00000030   Code   RO         5003    x$fpl$fflt          fz_ws.l(fflt_clz.o)
    0x08007ed8   0x08007ed8   0x00000026   Code   RO         5002    x$fpl$ffltu         fz_ws.l(fflt_clz.o)
    0x08007efe   0x08007efe   0x00000002   PAD
    0x08007f00   0x08007f00   0x00000068   Code   RO         5008    x$fpl$fleqf         fz_ws.l(fleqf.o)
    0x08007f68   0x08007f68   0x00000102   Code   RO         5010    x$fpl$fmul          fz_ws.l(fmul.o)
    0x0800806a   0x0800806a   0x0000008c   Code   RO         5034    x$fpl$fnaninf       fz_ws.l(fnaninf.o)
    0x080080f6   0x080080f6   0x0000000a   Code   RO         5036    x$fpl$fretinf       fz_ws.l(fretinf.o)
    0x08008100   0x08008100   0x00000062   Code   RO         5012    x$fpl$frleqf        fz_ws.l(frleqf.o)
    0x08008162   0x08008162   0x00000002   PAD
    0x08008164   0x08008164   0x000000ea   Code   RO         4984    x$fpl$fsub          fz_ws.l(faddsub_clz.o)
    0x0800824e   0x0800824e   0x00000000   Code   RO         5038    x$fpl$usenofp       fz_ws.l(usenofp.o)
    0x0800824e   0x0800824e   0x00000002   PAD
    0x08008250   0x08008250   0x00000014   Data   RO          196    .constdata          system_stm32f10x.o
    0x08008264   0x08008264   0x00000018   Data   RO         3673    .constdata          fir.o
    0x0800827c   0x0800827c   0x00000302   Data   RO         3736    .constdata          algorithmofcrc.o
    0x0800857e   0x0800857e   0x00000002   PAD
    0x08008580   0x08008580   0x00000020   Data   RO         5193    Region$$Table       anon$$obj.o


    Execution Region RW_IRAM1 (Exec base: 0x20000000, Load base: 0x080085a0, Size: 0x000057e8, Max: 0x00010000, ABSOLUTE, COMPRESSED[0x00000148])

    Exec Addr    Load Addr    Size         Type   Attr      Idx    E Section Name        Object

    0x20000000   COMPRESSED   0x00000008   Data   RW            5    .data               main.o
    0x20000008   COMPRESSED   0x00000014   Data   RW         1953    .data               stm32f10x_rcc.o
    0x2000001c   COMPRESSED   0x00000004   Data   RW         3443    .data               tim2.o
    0x20000020   COMPRESSED   0x00000004   Data   RW         3469    .data               tim4.o
    0x20000024   COMPRESSED   0x00000002   Data   RW         3737    .data               algorithmofcrc.o
    0x20000026   COMPRESSED   0x00000006   Data   RW         3781    .data               datareceivetask.o
    0x2000002c   COMPRESSED   0x00000060   Data   RW         3856    .data               chassistask.o
    0x2000008c   COMPRESSED   0x00000048   Data   RW         3935    .data               powercontroltask.o
    0x200000d4   COMPRESSED   0x00000020   Data   RW         3983    .data               starttask.o
    0x200000f4   COMPRESSED   0x000000c8   Data   RW         4013    .data               charsendtask.o
    0x200001bc   COMPRESSED   0x0000014c   Data   RW         4056    .data               graphicssendtask.o
    0x20000308   COMPRESSED   0x00000044   Data   RW         4496    .data               tasks.o
    0x2000034c   COMPRESSED   0x00000018   Data   RW         4801    .data               heap_4.o
    0x20000364   COMPRESSED   0x00000004   Data   RW         4851    .data               port.o
    0x20000368        -       0x00000014   Zero   RW         3385    .bss                can1.o
    0x2000037c        -       0x00000014   Zero   RW         3409    .bss                can2.o
    0x20000390        -       0x00000020   Zero   RW         3495    .bss                ina260.o
    0x200003b0        -       0x000000b4   Zero   RW         3525    .bss                adc.o
    0x20000464        -       0x000000ad   Zero   RW         3647    .bss                uart4.o
    0x20000511   COMPRESSED   0x00000003   PAD
    0x20000514        -       0x00000080   Zero   RW         3672    .bss                fir.o
    0x20000594        -       0x000000b6   Zero   RW         3780    .bss                datareceivetask.o
    0x2000064a   COMPRESSED   0x00000002   PAD
    0x2000064c        -       0x000002cc   Zero   RW         3854    .bss                chassistask.o
    0x20000918        -       0x0000003c   Zero   RW         3933    .bss                powercontroltask.o
    0x20000954        -       0x00000043   Zero   RW         4012    .bss                charsendtask.o
    0x20000997   COMPRESSED   0x00000001   PAD
    0x20000998        -       0x00000108   Zero   RW         4055    .bss                graphicssendtask.o
    0x20000aa0        -       0x000002e4   Zero   RW         4495    .bss                tasks.o
    0x20000d84        -       0x00004400   Zero   RW         4800    .bss                heap_4.o
    0x20005184        -       0x00000060   Zero   RW         5067    .bss                c_w.l(libspace.o)
    0x200051e4   COMPRESSED   0x00000004   PAD
    0x200051e8        -       0x00000200   Zero   RW          304    HEAP                startup_stm32f10x_cl.o
    0x200053e8        -       0x00000400   Zero   RW          303    STACK               startup_stm32f10x_cl.o


==============================================================================

Image component sizes


      Code (inc. data)   RO Data    RW Data    ZI Data      Debug   Object Name

       316         18          0          0        180       1213   adc.o
       282         20        770          2          0       4698   algorithmofcrc.o
       332         20          0          0         20       1374   can1.o
       308         20          0          0         20       1390   can2.o
      3188        248          0        200         67       5007   charsendtask.o
      3856        408          0         96        716       9257   chassistask.o
         0          0          0          0          0       7100   croutine.o
       124          6          0          0          0        556   dac.o
       964         44          0          6        182       3200   datareceivetask.o
       264         14          0          0          0       1849   datasendtask.o
         0          0          0          0          0       1472   event_groups.o
       152         12         24          0        128       1325   fir.o
      5864        266          0        332        264       7970   graphicssendtask.o
       508         62          0         24      17408       3675   heap_4.o
       608         76          0          0          0       4709   i2c.o
       364         32          0          0         32       2285   ina260.o
        44          0          0          0          0        942   iwdg.o
       148          0          0          0          0       2998   list.o
       260         26          0          8          0     313302   main.o
       112         12          0          0          0       2608   misc.o
       232          0          0          0          0        911   pid.o
       412         50          0          4          0       8764   port.o
      1348        214          0         72         60       4738   powercontroltask.o
       368        176          0         32          0       1833   starttask.o
        64         26        336          0       1536        812   startup_stm32f10x_cl.o
       426         16          0          0          0      16608   stm32f10x_adc.o
      1654         22          0          0          0       7088   stm32f10x_can.o
       156         24          0          0          0       7509   stm32f10x_dac.o
       578         44          0          0          0       5979   stm32f10x_dma.o
       286          0          0          0          0       2904   stm32f10x_gpio.o
        28          0          0          0          0      12751   stm32f10x_it.o
        68         30          0          0          0       2330   stm32f10x_iwdg.o
       580         58          0         20          0       7219   stm32f10x_rcc.o
       262         42          0          0          0      25188   stm32f10x_tim.o
       466         28          0          0          0       5520   stm32f10x_usart.o
       316         20         20          0          0     259237   system_stm32f10x.o
      2136        338          0         68        740      24367   tasks.o
       196          4          0          4          0       1619   tim2.o
       136         12          0          4          0       1409   tim4.o
       472         36          0          0        173       2231   uart4.o
       168          8          0          0          0        603   usart2.o

    ----------------------------------------------------------------------
     28066       2432       1184        872      21532     776550   Object Totals
         0          0         32          0          0          0   (incl. Generated)
        20          0          2          0          6          0   (incl. Padding)

    ----------------------------------------------------------------------

      Code (inc. data)   RO Data    RW Data    ZI Data      Debug   Library Member Name

       100          0          0          0          0          0   __dclz77c.o
         8          0          0          0          0         68   __main.o
         0          0          0          0          0          0   __rtentry.o
        12          0          0          0          0          0   __rtentry2.o
         6          0          0          0          0          0   __rtentry4.o
        52          8          0          0          0          0   __scatter.o
        28          0          0          0          0          0   __scatter_zi.o
        16          0          0          0          0         68   aeabi_memset.o
        18          0          0          0          0         80   exit.o
         6          0          0          0          0        152   heapauxi.o
         0          0          0          0          0          0   indicate_semi.o
         2          0          0          0          0          0   libinit.o
         2          0          0          0          0          0   libinit2.o
         2          0          0          0          0          0   libshutdown.o
         2          0          0          0          0          0   libshutdown2.o
         8          4          0          0         96         68   libspace.o
        68          0          0          0          0         68   rt_memclr.o
        78          0          0          0          0         80   rt_memclr_w.o
       138          0          0          0          0         68   rt_memcpy_v6.o
       100          0          0          0          0         80   rt_memcpy_w.o
         2          0          0          0          0          0   rtexit.o
        10          0          0          0          0          0   rtexit2.o
        72          0          0          0          0         80   strcpy.o
        62          0          0          0          0         76   strlen.o
        12          4          0          0          0         68   sys_exit.o
        74          0          0          0          0         80   sys_stackheap_outer.o
         2          0          0          0          0         68   use_no_semi.o
        98          4          0          0          0         92   d2f.o
       826         16          0          0          0        348   daddsub_clz.o
       688        140          0          0          0        208   ddiv.o
        94          4          0          0          0         92   dfix.o
       340         12          0          0          0        104   dmul.o
       156          4          0          0          0         92   dnaninf.o
        12          0          0          0          0         68   dretinf.o
        86          4          0          0          0         84   f2d.o
       430          8          0          0          0        168   faddsub_clz.o
        24          0          0          0          0         68   fcmpi.o
       388         76          0          0          0         96   fdiv.o
       104          4          0          0          0         84   feqf.o
        54          4          0          0          0         84   ffix.o
        62          4          0          0          0         84   ffixu.o
        86          0          0          0          0        136   fflt_clz.o
       104          4          0          0          0         84   fleqf.o
       258          4          0          0          0         84   fmul.o
       140          4          0          0          0         84   fnaninf.o
        10          0          0          0          0         68   fretinf.o
        98          0          0          0          0         68   frleqf.o
         0          0          0          0          0          0   usenofp.o

    ----------------------------------------------------------------------
      4958        308          0          0        100       3300   Library Totals
        20          0          0          0          4          0   (incl. Padding)

    ----------------------------------------------------------------------

      Code (inc. data)   RO Data    RW Data    ZI Data      Debug   Library Name

       880         16          0          0         96       1104   c_w.l
      4058        292          0          0          0       2196   fz_ws.l

    ----------------------------------------------------------------------
      4958        308          0          0        100       3300   Library Totals

    ----------------------------------------------------------------------

==============================================================================


      Code (inc. data)   RO Data    RW Data    ZI Data      Debug   

     33024       2740       1184        872      21632     768354   Grand Totals
     33024       2740       1184        328      21632     768354   ELF Image Totals (compressed)
     33024       2740       1184        328          0          0   ROM Totals

==============================================================================

    Total RO  Size (Code + RO Data)                34208 (  33.41kB)
    Total RW  Size (RW Data + ZI Data)             22504 (  21.98kB)
    Total ROM Size (Code + RO Data + RW Data)      34536 (  33.73kB)

==============================================================================

